<html>
<body>
<pre>
<h1>µVision Build Log</h1>
<h2>Tool Versions:</h2>
IDE-Version: ¦ÌVision V5.35.0.0
Copyright (C) 2021 ARM Ltd and ARM Germany GmbH. All rights reserved.
License Information: 67568 345345, 3245, LIC=TIVNB-2USX3-TGC7T-RF03C-W4ZUE-PRSHG
 
Tool Versions:
Toolchain:       MDK-ARM Plus  Version: 5.35.0.2
Toolchain Path:  D:\keil\core\ARM\ARMCC\Bin
C Compiler:      Armcc.exe V5.06 update 7 (build 960)
Assembler:       Armasm.exe V5.06 update 7 (build 960)
Linker/Locator:  ArmLink.exe V5.06 update 7 (build 960)
Library Manager: ArmAr.exe V5.06 update 7 (build 960)
Hex Converter:   FromElf.exe V5.06 update 7 (build 960)
CPU DLL:         SARMCM3.DLL V5.35.0.2
Dialog DLL:      DCM.DLL V1.17.3.0
Target DLL:      Segger\JL2CM3.dll V2.99.40.0
Dialog DLL:      TCM.DLL V1.53.0.0
 
<h2>Project:</h2>
D:\daima\INFANTRY\balance_infantry\CHASSIS\MDK-ARM\CHASSIS.uvprojx
Project File Date:  02/22/2023

<h2>Output:</h2>
*** Using Compiler 'V5.06 update 7 (build 960)', folder: 'D:\keil\core\ARM\ARMCC\Bin'
Build target 'CHASSIS'
assembling startup_stm32f407xx.s...
compiling dma.c...
compiling can.c...
compiling tim.c...
compiling spi.c...
compiling gpio.c...
compiling freertos.c...
compiling main.c...
compiling usart.c...
compiling stm32f4xx_it.c...
compiling stm32f4xx_hal_timebase_tim.c...
compiling stm32f4xx_hal_msp.c...
compiling stm32f4xx_hal_can.c...
compiling stm32f4xx_hal_rcc_ex.c...
compiling stm32f4xx_hal_rcc.c...
compiling stm32f4xx_hal_flash.c...
compiling stm32f4xx_hal_dma_ex.c...
compiling stm32f4xx_hal_flash_ramfunc.c...
compiling stm32f4xx_hal_flash_ex.c...
compiling stm32f4xx_hal_gpio.c...
compiling stm32f4xx_hal_pwr.c...
compiling stm32f4xx_hal_dma.c...
compiling stm32f4xx_hal_pwr_ex.c...
compiling stm32f4xx_hal.c...
compiling stm32f4xx_hal_cortex.c...
compiling stm32f4xx_hal_exti.c...
compiling croutine.c...
compiling event_groups.c...
compiling list.c...
compiling stream_buffer.c...
compiling queue.c...
compiling stm32f4xx_hal_tim_ex.c...
compiling timers.c...
compiling stm32f4xx_hal_spi.c...
compiling heap_4.c...
compiling tasks.c...
compiling port.c...
compiling cmsis_os.c...
compiling filter.c...
compiling stm32f4xx_hal_uart.c...
compiling maths.c...
compiling pid.c...
compiling stm32f4xx_hal_tim.c...
compiling system_stm32f4xx.c...
compiling bsp_dwt.c...
compiling bsp_Motor_Encoder.c...
compiling bsp_dr16.c...
compiling lqr.c...
compiling fifo.c...
compiling user_lib.c...
compiling bsp_pwm.c...
compiling Init_Task.c...
compiling Task_Safe.c...
compiling can1_send.c...
compiling ins_task.c...
compiling chassis_task.c...
compiling can1_receive.c...
compiling can2_receive.c...
compiling QuaternionEKF.c...
compiling kalman_filter.c...
compiling can2_send.c...
compiling BMI088Middleware.c...
compiling BMI088driver.c...
compiling LK9025_communication.c...
compiling transfer_function.c...
compiling controller.c...
compiling chassis_behaviour.c...
..\Behaviour\chassis_behaviour.c(145): warning:  #1035-D: single-precision operand implicitly converted to double-precision
  	lqr_calculate_f->chassis_yaw_lqr.Input[0] = -float_min_distance(-Chassis_yaw, lqr_calculate_f->Chassis_INS->Yaw, -180, 180) / 57.0;
..\Behaviour\chassis_behaviour.c: 1 warning, 0 errors
linking...
Program Size: Code=40908 RO-data=2904 RW-data=1308 ZI-data=35924  
FromELF: creating hex file...
"CHASSIS\CHASSIS.axf" - 0 Error(s), 1 Warning(s).

<h2>Software Packages used:</h2>

Package Vendor: ARM
                http://www.keil.com/pack/ARM.CMSIS.5.8.0.pack
                ARM.CMSIS.5.8.0
                CMSIS (Common Microcontroller Software Interface Standard)
   * Component: CORE Version: 5.5.0

Package Vendor: Keil
                http://www.keil.com/pack/Keil.STM32F4xx_DFP.2.15.0.pack
                Keil.STM32F4xx_DFP.2.15.0
                STMicroelectronics STM32F4 Series Device Support, Drivers and Examples

<h2>Collection of Component include folders:</h2>
  .\RTE\_CHASSIS
  D:\keil\package\ARM\CMSIS\5.8.0\CMSIS\Core\Include
  D:\keil\package\Keil\STM32F4xx_DFP\2.15.0\Drivers\CMSIS\Device\ST\STM32F4xx\Include

<h2>Collection of Component Files used:</h2>

   * Component: ARM::CMSIS:CORE:5.5.0
      Include file:  CMSIS\Core\Include\tz_context.h
Build Time Elapsed:  00:01:11
</pre>
</body>
</html>
