Component: ARM Compiler 5.06 update 7 (build 960) Tool: armlink [4d3601]

==============================================================================

Section Cross References

    startup_stm32f407xx.o(RESET) refers to startup_stm32f407xx.o(STACK) for __initial_sp
    startup_stm32f407xx.o(RESET) refers to startup_stm32f407xx.o(.text) for Reset_Handler
    startup_stm32f407xx.o(RESET) refers to stm32f4xx_it.o(i.NMI_Handler) for NMI_Handler
    startup_stm32f407xx.o(RESET) refers to stm32f4xx_it.o(i.HardFault_Handler) for HardFault_Handler
    startup_stm32f407xx.o(RESET) refers to stm32f4xx_it.o(i.MemManage_Handler) for MemManage_Handler
    startup_stm32f407xx.o(RESET) refers to stm32f4xx_it.o(i.BusFault_Handler) for BusFault_Handler
    startup_stm32f407xx.o(RESET) refers to stm32f4xx_it.o(i.UsageFault_Handler) for UsageFault_Handler
    startup_stm32f407xx.o(RESET) refers to port.o(.emb_text) for SVC_Handler
    startup_stm32f407xx.o(RESET) refers to stm32f4xx_it.o(i.DebugMon_Handler) for DebugMon_Handler
    startup_stm32f407xx.o(RESET) refers to port.o(i.SysTick_Handler) for SysTick_Handler
    startup_stm32f407xx.o(RESET) refers to stm32f4xx_it.o(i.EXTI4_IRQHandler) for EXTI4_IRQHandler
    startup_stm32f407xx.o(RESET) refers to stm32f4xx_it.o(i.DMA1_Stream1_IRQHandler) for DMA1_Stream1_IRQHandler
    startup_stm32f407xx.o(RESET) refers to stm32f4xx_it.o(i.CAN1_RX0_IRQHandler) for CAN1_RX0_IRQHandler
    startup_stm32f407xx.o(RESET) refers to stm32f4xx_it.o(i.EXTI9_5_IRQHandler) for EXTI9_5_IRQHandler
    startup_stm32f407xx.o(RESET) refers to stm32f4xx_it.o(i.TIM2_IRQHandler) for TIM2_IRQHandler
    startup_stm32f407xx.o(RESET) refers to stm32f4xx_it.o(i.USART3_IRQHandler) for USART3_IRQHandler
    startup_stm32f407xx.o(RESET) refers to stm32f4xx_it.o(i.DMA2_Stream0_IRQHandler) for DMA2_Stream0_IRQHandler
    startup_stm32f407xx.o(RESET) refers to stm32f4xx_it.o(i.DMA2_Stream1_IRQHandler) for DMA2_Stream1_IRQHandler
    startup_stm32f407xx.o(RESET) refers to stm32f4xx_it.o(i.DMA2_Stream3_IRQHandler) for DMA2_Stream3_IRQHandler
    startup_stm32f407xx.o(RESET) refers to stm32f4xx_it.o(i.CAN2_RX0_IRQHandler) for CAN2_RX0_IRQHandler
    startup_stm32f407xx.o(RESET) refers to stm32f4xx_it.o(i.DMA2_Stream6_IRQHandler) for DMA2_Stream6_IRQHandler
    startup_stm32f407xx.o(RESET) refers to stm32f4xx_it.o(i.USART6_IRQHandler) for USART6_IRQHandler
    startup_stm32f407xx.o(.text) refers to system_stm32f4xx.o(i.SystemInit) for SystemInit
    startup_stm32f407xx.o(.text) refers to entry.o(.ARM.Collect$$$$00000000) for __main
    main.o(i.HAL_TIM_PeriodElapsedCallback) refers to stm32f4xx_hal.o(i.HAL_IncTick) for HAL_IncTick
    main.o(i.SystemClock_Config) refers to stm32f4xx_hal_rcc.o(i.HAL_RCC_OscConfig) for HAL_RCC_OscConfig
    main.o(i.SystemClock_Config) refers to stm32f4xx_hal_rcc.o(i.HAL_RCC_ClockConfig) for HAL_RCC_ClockConfig
    main.o(i.main) refers to stm32f4xx_hal.o(i.HAL_Init) for HAL_Init
    main.o(i.main) refers to main.o(i.SystemClock_Config) for SystemClock_Config
    main.o(i.main) refers to gpio.o(i.MX_GPIO_Init) for MX_GPIO_Init
    main.o(i.main) refers to dma.o(i.MX_DMA_Init) for MX_DMA_Init
    main.o(i.main) refers to can.o(i.MX_CAN1_Init) for MX_CAN1_Init
    main.o(i.main) refers to can.o(i.MX_CAN2_Init) for MX_CAN2_Init
    main.o(i.main) refers to spi.o(i.MX_SPI1_Init) for MX_SPI1_Init
    main.o(i.main) refers to tim.o(i.MX_TIM10_Init) for MX_TIM10_Init
    main.o(i.main) refers to usart.o(i.MX_USART3_UART_Init) for MX_USART3_UART_Init
    main.o(i.main) refers to usart.o(i.MX_USART6_UART_Init) for MX_USART6_UART_Init
    main.o(i.main) refers to bsp_dwt.o(i.DWT_Init) for DWT_Init
    main.o(i.main) refers to bmi088driver.o(i.BMI088_init) for BMI088_init
    main.o(i.main) refers to freertos.o(i.MX_FREERTOS_Init) for MX_FREERTOS_Init
    main.o(i.main) refers to cmsis_os.o(i.osKernelStart) for osKernelStart
    main.o(i.main) refers to spi.o(.bss) for hspi1
    gpio.o(i.MX_GPIO_Init) refers to stm32f4xx_hal_gpio.o(i.HAL_GPIO_WritePin) for HAL_GPIO_WritePin
    gpio.o(i.MX_GPIO_Init) refers to stm32f4xx_hal_gpio.o(i.HAL_GPIO_Init) for HAL_GPIO_Init
    gpio.o(i.MX_GPIO_Init) refers to stm32f4xx_hal_cortex.o(i.HAL_NVIC_SetPriority) for HAL_NVIC_SetPriority
    gpio.o(i.MX_GPIO_Init) refers to stm32f4xx_hal_cortex.o(i.HAL_NVIC_EnableIRQ) for HAL_NVIC_EnableIRQ
    freertos.o(i.MX_FREERTOS_Init) refers to cmsis_os.o(i.osThreadCreate) for osThreadCreate
    freertos.o(i.MX_FREERTOS_Init) refers to freertos.o(.constdata) for .constdata
    freertos.o(i.MX_FREERTOS_Init) refers to freertos.o(.data) for .data
    freertos.o(i.StartDefaultTask) refers to cmsis_os.o(i.osDelay) for osDelay
    freertos.o(i.vApplicationGetIdleTaskMemory) refers to freertos.o(.bss) for .bss
    freertos.o(.constdata) refers to freertos.o(.conststring) for .conststring
    freertos.o(.constdata) refers to freertos.o(i.StartDefaultTask) for StartDefaultTask
[...]
    OTG_HS_WKUP_IRQHandler                   0x0800027b   Thumb Code     0  startup_stm32f407xx.o(.text)
    PVD_IRQHandler                           0x0800027b   Thumb Code     0  startup_stm32f407xx.o(.text)
    RCC_IRQHandler                           0x0800027b   Thumb Code     0  startup_stm32f407xx.o(.text)
    RTC_Alarm_IRQHandler                     0x0800027b   Thumb Code     0  startup_stm32f407xx.o(.text)
    RTC_WKUP_IRQHandler                      0x0800027b   Thumb Code     0  startup_stm32f407xx.o(.text)
    SDIO_IRQHandler                          0x0800027b   Thumb Code     0  startup_stm32f407xx.o(.text)
    SPI1_IRQHandler                          0x0800027b   Thumb Code     0  startup_stm32f407xx.o(.text)
    SPI2_IRQHandler                          0x0800027b   Thumb Code     0  startup_stm32f407xx.o(.text)
    SPI3_IRQHandler                          0x0800027b   Thumb Code     0  startup_stm32f407xx.o(.text)
    TAMP_STAMP_IRQHandler                    0x0800027b   Thumb Code     0  startup_stm32f407xx.o(.text)
    TIM1_BRK_TIM9_IRQHandler                 0x0800027b   Thumb Code     0  startup_stm32f407xx.o(.text)
    TIM1_CC_IRQHandler                       0x0800027b   Thumb Code     0  startup_stm32f407xx.o(.text)
    TIM1_TRG_COM_TIM11_IRQHandler            0x0800027b   Thumb Code     0  startup_stm32f407xx.o(.text)
    TIM1_UP_TIM10_IRQHandler                 0x0800027b   Thumb Code     0  startup_stm32f407xx.o(.text)
    TIM3_IRQHandler                          0x0800027b   Thumb Code     0  startup_stm32f407xx.o(.text)
    TIM4_IRQHandler                          0x0800027b   Thumb Code     0  startup_stm32f407xx.o(.text)
    TIM5_IRQHandler                          0x0800027b   Thumb Code     0  startup_stm32f407xx.o(.text)
    TIM6_DAC_IRQHandler                      0x0800027b   Thumb Code     0  startup_stm32f407xx.o(.text)
    TIM7_IRQHandler                          0x0800027b   Thumb Code     0  startup_stm32f407xx.o(.text)
    TIM8_BRK_TIM12_IRQHandler                0x0800027b   Thumb Code     0  startup_stm32f407xx.o(.text)
    TIM8_CC_IRQHandler                       0x0800027b   Thumb Code     0  startup_stm32f407xx.o(.text)
    TIM8_TRG_COM_TIM14_IRQHandler            0x0800027b   Thumb Code     0  startup_stm32f407xx.o(.text)
    TIM8_UP_TIM13_IRQHandler                 0x0800027b   Thumb Code     0  startup_stm32f407xx.o(.text)
    UART4_IRQHandler                         0x0800027b   Thumb Code     0  startup_stm32f407xx.o(.text)
    UART5_IRQHandler                         0x0800027b   Thumb Code     0  startup_stm32f407xx.o(.text)
    USART1_IRQHandler                        0x0800027b   Thumb Code     0  startup_stm32f407xx.o(.text)
    USART2_IRQHandler                        0x0800027b   Thumb Code     0  startup_stm32f407xx.o(.text)
    WWDG_IRQHandler                          0x0800027b   Thumb Code     0  startup_stm32f407xx.o(.text)
    arm_cos_f32                              0x08000285   Thumb Code   108  arm_cos_f32.o(.text)
    arm_sin_f32                              0x080002fd   Thumb Code   130  arm_sin_f32.o(.text)
    arm_mat_add_f32                          0x08000391   Thumb Code   264  arm_mat_add_f32.o(.text)
    arm_mat_init_f32                         0x08000499   Thumb Code     8  arm_mat_init_f32.o(.text)
    arm_mat_inverse_f32                      0x080004a1   Thumb Code  1328  arm_mat_inverse_f32.o(.text)
    arm_mat_mult_f32                         0x080009d1   Thumb Code   312  arm_mat_mult_f32.o(.text)
    arm_mat_sub_f32                          0x08000b0d   Thumb Code   264  arm_mat_sub_f32.o(.text)
    arm_mat_trans_f32                        0x08000c15   Thumb Code   276  arm_mat_trans_f32.o(.text)
    __aeabi_uldivmod                         0x08000d29   Thumb Code    98  uldiv.o(.text)
    __aeabi_ldivmod                          0x08000d8b   Thumb Code    98  ldiv.o(.text)
    __aeabi_memcpy                           0x08000ded   Thumb Code    36  memcpya.o(.text)
    __aeabi_memcpy4                          0x08000ded   Thumb Code     0  memcpya.o(.text)
    __aeabi_memcpy8                          0x08000ded   Thumb Code     0  memcpya.o(.text)
    __aeabi_memset                           0x08000e11   Thumb Code    14  memseta.o(.text)
    __aeabi_memset4                          0x08000e11   Thumb Code     0  memseta.o(.text)
    __aeabi_memset8                          0x08000e11   Thumb Code     0  memseta.o(.text)
    __aeabi_memclr                           0x08000e1f   Thumb Code     4  memseta.o(.text)
    __aeabi_memclr4                          0x08000e1f   Thumb Code     0  memseta.o(.text)
    __aeabi_memclr8                          0x08000e1f   Thumb Code     0  memseta.o(.text)
    memset                                   0x08000e23   Thumb Code    18  memseta.o(.text)
    strlen                                   0x08000e35   Thumb Code    14  strlen.o(.text)
    strcpy                                   0x08000e43   Thumb Code    18  strcpy.o(.text)
    __aeabi_dadd                             0x08000e55   Thumb Code   322  dadd.o(.text)
    __aeabi_dsub                             0x08000f97   Thumb Code     6  dadd.o(.text)
    __aeabi_drsub                            0x08000f9d   Thumb Code     6  dadd.o(.text)
    __aeabi_dmul                             0x08000fa3   Thumb Code   228  dmul.o(.text)
    __aeabi_ddiv                             0x08001087   Thumb Code   222  ddiv.o(.text)
    __aeabi_i2d                              0x08001165   Thumb Code    34  dflti.o(.text)
    __aeabi_l2d                              0x08001187   Thumb Code    40  dfltl.o(.text)
    __aeabi_d2iz                             0x080011af   Thumb Code    62  dfixi.o(.text)
    __aeabi_d2uiz                            0x080011ed   Thumb Code    50  dfixui.o(.text)
    __aeabi_f2d                              0x0800121f   Thumb Code    38  f2d.o(.text)
    __aeabi_d2f                              0x08001245   Thumb Code    56  d2f.o(.text)
    __aeabi_llsl                             0x0800127d   Thumb Code    30  llshl.o(.text)
    _ll_shift_l                              0x0800127d   Thumb Code     0  llshl.o(.text)
    __aeabi_llsr                             0x0800129b   Thumb Code    32  llushr.o(.text)
    _ll_ushift_r                             0x0800129b   Thumb Code     0  llushr.o(.text)
    __aeabi_lasr                             0x080012bb   Thumb Code    36  llsshr.o(.text)
    _ll_sshift_r                             0x080012bb   Thumb Code     0  llsshr.o(.text)
    __I$use$fp                               0x080012df   Thumb Code     0  iusefp.o(.text)
    _float_round                             0x080012df   Thumb Code    18  fepilogue.o(.text)
    _float_epilogue                          0x080012f1   Thumb Code    92  fepilogue.o(.text)
    _double_round                            0x0800134d   Thumb Code    30  depilogue.o(.text)
    _double_epilogue                         0x0800136b   Thumb Code   156  depilogue.o(.text)
    __scatterload                            0x08001409   Thumb Code    28  init.o(.text)
    __scatterload_rt2                        0x08001409   Thumb Code     0  init.o(.text)
    __decompress                             0x0800142d   Thumb Code     0  __dczerorl2.o(.text)
    __decompress1                            0x0800142d   Thumb Code    86  __dczerorl2.o(.text)
    Append_CRC16_Check_Sum                   0x08001485   Thumb Code    78  crc.o(i.Append_CRC16_Check_Sum)
    Arc_Draw                                 0x080014dd   Thumb Code   162  rm_cilent_ui.o(i.Arc_Draw)
    BMI088_ACCEL_NS_H                        0x08001581   Thumb Code    10  bmi088middleware.o(i.BMI088_ACCEL_NS_H)
    BMI088_ACCEL_NS_L                        0x08001591   Thumb Code    10  bmi088middleware.o(i.BMI088_ACCEL_NS_L)
    BMI088_GYRO_NS_H                         0x080015a1   Thumb Code    10  bmi088middleware.o(i.BMI088_GYRO_NS_H)
    BMI088_GYRO_NS_L                         0x080015b1   Thumb Code    10  bmi088middleware.o(i.BMI088_GYRO_NS_L)
    BMI088_Read                              0x080015c1   Thumb Code   492  bmi088driver.o(i.BMI088_Read)
    BMI088_init                              0x080017b1   Thumb Code    94  bmi088driver.o(i.BMI088_init)
    BMI088_read_write_byte                   0x08001831   Thumb Code    32  bmi088middleware.o(i.BMI088_read_write_byte)
    BodyFrameToEarthFrame                    0x08001855   Thumb Code   234  ins_task.o(i.BodyFrameToEarthFrame)
    BusFault_Handler                         0x0800193f   Thumb Code     2  stm32f4xx_it.o(i.BusFault_Handler)
    CAN1_RX0_IRQHandler                      0x08001941   Thumb Code     6  stm32f4xx_it.o(i.CAN1_RX0_IRQHandler)
    CAN1_filter_config                       0x0800194d   Thumb Code    52  can1_receive.o(i.CAN1_filter_config)
    CAN2_RX0_IRQHandler                      0x08001985   Thumb Code     6  stm32f4xx_it.o(i.CAN2_RX0_IRQHandler)
    CAN2_filter_config                       0x08001991   Thumb Code    56  can2_receive.o(i.CAN2_filter_config)
    CAN_DATA_Encoder_Deal                    0x080019cd   Thumb Code   280  bsp_motor_encoder.o(i.CAN_DATA_Encoder_Deal)
    Char_Draw                                0x08001f7d   Thumb Code   152  rm_cilent_ui.o(i.Char_Draw)
    DMA1_Stream1_IRQHandler                  0x08002015   Thumb Code     6  stm32f4xx_it.o(i.DMA1_Stream1_IRQHandler)
    DMA2_Stream0_IRQHandler                  0x08002021   Thumb Code     6  stm32f4xx_it.o(i.DMA2_Stream0_IRQHandler)
    DMA2_Stream1_IRQHandler                  0x0800202d   Thumb Code     6  stm32f4xx_it.o(i.DMA2_Stream1_IRQHandler)
    DMA2_Stream3_IRQHandler                  0x08002039   Thumb Code     6  stm32f4xx_it.o(i.DMA2_Stream3_IRQHandler)
    DMA2_Stream6_IRQHandler                  0x08002045   Thumb Code     6  stm32f4xx_it.o(i.DMA2_Stream6_IRQHandler)
    DWT_Delay                                0x08002051   Thumb Code    42  bsp_dwt.o(i.DWT_Delay)
    DWT_GetDeltaT                            0x08002085   Thumb Code    62  bsp_dwt.o(i.DWT_GetDeltaT)
    DWT_GetTimeline_s                        0x080020cd   Thumb Code    54  bsp_dwt.o(i.DWT_GetTimeline_s)
    DWT_Init                                 0x08002111   Thumb Code    54  bsp_dwt.o(i.DWT_Init)
    DWT_SysTimeUpdate                        0x08002159   Thumb Code   160  bsp_dwt.o(i.DWT_SysTimeUpdate)
    DebugMon_Handler                         0x08002205   Thumb Code     2  stm32f4xx_it.o(i.DebugMon_Handler)
    ECF_RC_Init                              0x08002209   Thumb Code   138  bsp_dr16.o(i.ECF_RC_Init)
    ECF_RC_UART_Handler                      0x0800229d   Thumb Code     6  bsp_dr16.o(i.ECF_RC_UART_Handler)
    ECF_referee_uart_init                    0x080022a9   Thumb Code   138  bsp_referee.o(i.ECF_referee_uart_init)
    EXTI4_IRQHandler                         0x0800233d   Thumb Code     6  stm32f4xx_it.o(i.EXTI4_IRQHandler)
    EXTI9_5_IRQHandler                       0x08002343   Thumb Code     6  stm32f4xx_it.o(i.EXTI9_5_IRQHandler)
    EncoderValZero                           0x08002349   Thumb Code    12  bsp_motor_encoder.o(i.EncoderValZero)
    Encoder_Init                             0x08002355   Thumb Code   112  bsp_motor_encoder.o(i.Encoder_Init)
    Error_Handler                            0x080023c9   Thumb Code     4  main.o(i.Error_Handler)
    Get_CRC8_Check_Sum                       0x080023cd   Thumb Code    28  crc.o(i.Get_CRC8_Check_Sum)
    Get_Chassis_Control_Point                0x080023ed   Thumb Code     4  chassis_task.o(i.Get_Chassis_Control_Point)
    Get_INS_Point                            0x080023f5   Thumb Code     4  ins_task.o(i.Get_INS_Point)
    Get_referee_Address                      0x080023fd   Thumb Code     4  bsp_referee.o(i.Get_referee_Address)
    HAL_CAN_ActivateNotification             0x08002405   Thumb Code    42  stm32f4xx_hal_can.o(i.HAL_CAN_ActivateNotification)
    HAL_CAN_AddTxMessage                     0x0800242f   Thumb Code   250  stm32f4xx_hal_can.o(i.HAL_CAN_AddTxMessage)
    HAL_CAN_ConfigFilter                     0x08002529   Thumb Code   280  stm32f4xx_hal_can.o(i.HAL_CAN_ConfigFilter)
    HAL_CAN_ErrorCallback                    0x08002645   Thumb Code     2  stm32f4xx_hal_can.o(i.HAL_CAN_ErrorCallback)
    HAL_CAN_GetRxMessage                     0x08002647   Thumb Code   330  stm32f4xx_hal_can.o(i.HAL_CAN_GetRxMessage)
    HAL_CAN_GetTxMailboxesFreeLevel          0x08002791   Thumb Code    50  stm32f4xx_hal_can.o(i.HAL_CAN_GetTxMailboxesFreeLevel)
    HAL_CAN_IRQHandler                       0x080027c3   Thumb Code   566  stm32f4xx_hal_can.o(i.HAL_CAN_IRQHandler)
    HAL_CAN_Init                             0x080029f9   Thumb Code   298  stm32f4xx_hal_can.o(i.HAL_CAN_Init)
    HAL_CAN_IsTxMessagePending               0x08002b23   Thumb Code    34  stm32f4xx_hal_can.o(i.HAL_CAN_IsTxMessagePending)
    HAL_CAN_MspInit                          0x08002b45   Thumb Code   224  can.o(i.HAL_CAN_MspInit)
    HAL_CAN_RxFifo0FullCallback              0x08002c39   Thumb Code     2  stm32f4xx_hal_can.o(i.HAL_CAN_RxFifo0FullCallback)
    HAL_CAN_RxFifo0MsgPendingCallback        0x08002c3d   Thumb Code    34  can1_receive.o(i.HAL_CAN_RxFifo0MsgPendingCallback)
    HAL_CAN_RxFifo1FullCallback              0x08002c69   Thumb Code     2  stm32f4xx_hal_can.o(i.HAL_CAN_RxFifo1FullCallback)
    HAL_CAN_RxFifo1MsgPendingCallback        0x08002c6b   Thumb Code     2  stm32f4xx_hal_can.o(i.HAL_CAN_RxFifo1MsgPendingCallback)
    HAL_CAN_SleepCallback                    0x08002c6d   Thumb Code     2  stm32f4xx_hal_can.o(i.HAL_CAN_SleepCallback)
    HAL_CAN_Start                            0x08002c71   Thumb Code   100  stm32f4xx_hal_can.o(i.HAL_CAN_Start)
    HAL_CAN_TxMailbox0AbortCallback          0x08002cd5   Thumb Code     2  stm32f4xx_hal_can.o(i.HAL_CAN_TxMailbox0AbortCallback)
    HAL_CAN_TxMailbox0CompleteCallback       0x08002cd7   Thumb Code     2  stm32f4xx_hal_can.o(i.HAL_CAN_TxMailbox0CompleteCallback)
    HAL_CAN_TxMailbox1AbortCallback          0x08002cd9   Thumb Code     2  stm32f4xx_hal_can.o(i.HAL_CAN_TxMailbox1AbortCallback)
    HAL_CAN_TxMailbox1CompleteCallback       0x08002cdb   Thumb Code     2  stm32f4xx_hal_can.o(i.HAL_CAN_TxMailbox1CompleteCallback)
    HAL_CAN_TxMailbox2AbortCallback          0x08002cdd   Thumb Code     2  stm32f4xx_hal_can.o(i.HAL_CAN_TxMailbox2AbortCallback)
    HAL_CAN_TxMailbox2CompleteCallback       0x08002cdf   Thumb Code     2  stm32f4xx_hal_can.o(i.HAL_CAN_TxMailbox2CompleteCallback)
    HAL_CAN_WakeUpFromRxMsgCallback          0x08002ce1   Thumb Code     2  stm32f4xx_hal_can.o(i.HAL_CAN_WakeUpFromRxMsgCallback)
    HAL_DMA_Abort                            0x08002ce3   Thumb Code   166  stm32f4xx_hal_dma.o(i.HAL_DMA_Abort)
    HAL_DMA_Abort_IT                         0x08002d89   Thumb Code    36  stm32f4xx_hal_dma.o(i.HAL_DMA_Abort_IT)
    HAL_DMA_IRQHandler                       0x08002dad   Thumb Code   470  stm32f4xx_hal_dma.o(i.HAL_DMA_IRQHandler)
    HAL_DMA_Init                             0x08002f89   Thumb Code   334  stm32f4xx_hal_dma.o(i.HAL_DMA_Init)
    HAL_DMA_Start_IT                         0x080030e5   Thumb Code   146  stm32f4xx_hal_dma.o(i.HAL_DMA_Start_IT)
    HAL_Delay                                0x08003179   Thumb Code    34  stm32f4xx_hal.o(i.HAL_Delay)
    HAL_GPIO_EXTI_Callback                   0x080031a1   Thumb Code     2  stm32f4xx_hal_gpio.o(i.HAL_GPIO_EXTI_Callback)
    HAL_GPIO_EXTI_IRQHandler                 0x080031a5   Thumb Code    20  stm32f4xx_hal_gpio.o(i.HAL_GPIO_EXTI_IRQHandler)
    HAL_GPIO_Init                            0x080031bd   Thumb Code   494  stm32f4xx_hal_gpio.o(i.HAL_GPIO_Init)
    HAL_GPIO_WritePin                        0x080033bd   Thumb Code    10  stm32f4xx_hal_gpio.o(i.HAL_GPIO_WritePin)
    HAL_GetTick                              0x080033c9   Thumb Code     6  stm32f4xx_hal.o(i.HAL_GetTick)
    HAL_IncTick                              0x080033d5   Thumb Code    12  stm32f4xx_hal.o(i.HAL_IncTick)
    HAL_Init                                 0x080033e5   Thumb Code    48  stm32f4xx_hal.o(i.HAL_Init)
    HAL_InitTick                             0x08003419   Thumb Code   134  stm32f4xx_hal_timebase_tim.o(i.HAL_InitTick)
    HAL_MspInit                              0x080034b1   Thumb Code    50  stm32f4xx_hal_msp.o(i.HAL_MspInit)
    HAL_NVIC_EnableIRQ                       0x080034ed   Thumb Code    30  stm32f4xx_hal_cortex.o(i.HAL_NVIC_EnableIRQ)
    HAL_NVIC_SetPriority                     0x0800350d   Thumb Code    96  stm32f4xx_hal_cortex.o(i.HAL_NVIC_SetPriority)
    HAL_NVIC_SetPriorityGrouping             0x08003571   Thumb Code    30  stm32f4xx_hal_cortex.o(i.HAL_NVIC_SetPriorityGrouping)
    HAL_RCC_ClockConfig                      0x08003595   Thumb Code   324  stm32f4xx_hal_rcc.o(i.HAL_RCC_ClockConfig)
    HAL_RCC_GetClockConfig                   0x080036f1   Thumb Code    54  stm32f4xx_hal_rcc.o(i.HAL_RCC_GetClockConfig)
    HAL_RCC_GetPCLK1Freq                     0x08003731   Thumb Code    20  stm32f4xx_hal_rcc.o(i.HAL_RCC_GetPCLK1Freq)
    HAL_RCC_GetPCLK2Freq                     0x08003751   Thumb Code    20  stm32f4xx_hal_rcc.o(i.HAL_RCC_GetPCLK2Freq)
    HAL_RCC_GetSysClockFreq                  0x08003771   Thumb Code    98  stm32f4xx_hal_rcc.o(i.HAL_RCC_GetSysClockFreq)
    HAL_RCC_OscConfig                        0x080037e5   Thumb Code   990  stm32f4xx_hal_rcc.o(i.HAL_RCC_OscConfig)
    HAL_SPI_Init                             0x08003be9   Thumb Code   194  stm32f4xx_hal_spi.o(i.HAL_SPI_Init)
    HAL_SPI_MspInit                          0x08003cad   Thumb Code   228  spi.o(i.HAL_SPI_MspInit)
    HAL_SPI_TransmitReceive                  0x08003db1   Thumb Code   534  stm32f4xx_hal_spi.o(i.HAL_SPI_TransmitReceive)
    HAL_TIMEx_BreakCallback                  0x08003fc7   Thumb Code     2  stm32f4xx_hal_tim_ex.o(i.HAL_TIMEx_BreakCallback)
    HAL_TIMEx_CommutCallback                 0x08003fc9   Thumb Code     2  stm32f4xx_hal_tim_ex.o(i.HAL_TIMEx_CommutCallback)
    HAL_TIM_Base_Init                        0x08003fcb   Thumb Code    90  stm32f4xx_hal_tim.o(i.HAL_TIM_Base_Init)
    HAL_TIM_Base_MspInit                     0x08004025   Thumb Code    40  tim.o(i.HAL_TIM_Base_MspInit)
    HAL_TIM_Base_Start_IT                    0x08004051   Thumb Code   128  stm32f4xx_hal_tim.o(i.HAL_TIM_Base_Start_IT)
    HAL_TIM_IC_CaptureCallback               0x080040d1   Thumb Code     2  stm32f4xx_hal_tim.o(i.HAL_TIM_IC_CaptureCallback)
    HAL_TIM_IRQHandler                       0x080040d3   Thumb Code   364  stm32f4xx_hal_tim.o(i.HAL_TIM_IRQHandler)
    HAL_TIM_OC_DelayElapsedCallback          0x0800423f   Thumb Code     2  stm32f4xx_hal_tim.o(i.HAL_TIM_OC_DelayElapsedCallback)
    HAL_TIM_PWM_ConfigChannel                0x08004241   Thumb Code   580  stm32f4xx_hal_tim.o(i.HAL_TIM_PWM_ConfigChannel)
    HAL_TIM_PWM_Init                         0x0800448d   Thumb Code    90  stm32f4xx_hal_tim.o(i.HAL_TIM_PWM_Init)
    HAL_TIM_PWM_MspInit                      0x080044e7   Thumb Code     2  stm32f4xx_hal_tim.o(i.HAL_TIM_PWM_MspInit)
    HAL_TIM_PWM_PulseFinishedCallback        0x080044e9   Thumb Code     2  stm32f4xx_hal_tim.o(i.HAL_TIM_PWM_PulseFinishedCallback)
    HAL_TIM_PWM_Start                        0x080044ed   Thumb Code   214  stm32f4xx_hal_tim.o(i.HAL_TIM_PWM_Start)
    HAL_TIM_PeriodElapsedCallback            0x080045cd   Thumb Code    14  main.o(i.HAL_TIM_PeriodElapsedCallback)
    HAL_TIM_TriggerCallback                  0x080045db   Thumb Code     2  stm32f4xx_hal_tim.o(i.HAL_TIM_TriggerCallback)
    HAL_UARTEx_RxEventCallback               0x080045dd   Thumb Code     2  stm32f4xx_hal_uart.o(i.HAL_UARTEx_RxEventCallback)
    HAL_UART_ErrorCallback                   0x080045df   Thumb Code     2  stm32f4xx_hal_uart.o(i.HAL_UART_ErrorCallback)
    HAL_UART_IRQHandler                      0x080045e1   Thumb Code   766  stm32f4xx_hal_uart.o(i.HAL_UART_IRQHandler)
    HAL_UART_Init                            0x080048e5   Thumb Code    98  stm32f4xx_hal_uart.o(i.HAL_UART_Init)
    HAL_UART_MspInit                         0x08004949   Thumb Code   358  usart.o(i.HAL_UART_MspInit)
    HAL_UART_RxCpltCallback                  0x08004add   Thumb Code     2  stm32f4xx_hal_uart.o(i.HAL_UART_RxCpltCallback)
    HAL_UART_Transmit_DMA                    0x08004ae1   Thumb Code   132  stm32f4xx_hal_uart.o(i.HAL_UART_Transmit_DMA)
    HAL_UART_TxCpltCallback                  0x08004b71   Thumb Code     2  stm32f4xx_hal_uart.o(i.HAL_UART_TxCpltCallback)
    HAL_UART_TxHalfCpltCallback              0x08004b73   Thumb Code     2  stm32f4xx_hal_uart.o(i.HAL_UART_TxHalfCpltCallback)
    HardFault_Handler                        0x08004b75   Thumb Code     2  stm32f4xx_it.o(i.HardFault_Handler)
    IMU_QuaternionEKF_Init                   0x08004b79   Thumb Code   186  quaternionekf.o(i.IMU_QuaternionEKF_Init)
    IMU_QuaternionEKF_Update                 0x08004d6d   Thumb Code  1128  quaternionekf.o(i.IMU_QuaternionEKF_Update)
    INS_Task                                 0x08005839   Thumb Code  1366  ins_task.o(i.INS_Task)
    Init_Task                                0x08005d9d   Thumb Code   144  init_task.o(i.Init_Task)
    Kalman_Filter_Init                       0x08005e3d   Thumb Code   950  kalman_filter.o(i.Kalman_Filter_Init)
    Kalman_Filter_Measure                    0x080061f9   Thumb Code   422  kalman_filter.o(i.Kalman_Filter_Measure)
    Kalman_Filter_Update                     0x080063a5   Thumb Code   974  kalman_filter.o(i.Kalman_Filter_Update)
    LK9025_can1_callback                     0x08006779   Thumb Code   360  lk9025_communication.o(i.LK9025_can1_callback)
    LQR_Calculate                            0x080068f9   Thumb Code   138  lqr.o(i.LQR_Calculate)
    LQR_Data_Update                          0x08006991   Thumb Code    38  lqr.o(i.LQR_Data_Update)
    LQR_Init                                 0x080069b7   Thumb Code    74  lqr.o(i.LQR_Init)
    MX_CAN1_Init                             0x08006a01   Thumb Code    60  can.o(i.MX_CAN1_Init)
    MX_CAN2_Init                             0x08006a45   Thumb Code    60  can.o(i.MX_CAN2_Init)
    MX_DMA_Init                              0x08006a89   Thumb Code   120  dma.o(i.MX_DMA_Init)
    MX_FREERTOS_Init                         0x08006b05   Thumb Code    54  freertos.o(i.MX_FREERTOS_Init)
    MX_GPIO_Init                             0x08006b45   Thumb Code   300  gpio.o(i.MX_GPIO_Init)
    MX_SPI1_Init                             0x08006c81   Thumb Code    64  spi.o(i.MX_SPI1_Init)
    MX_TIM10_Init                            0x08006cc9   Thumb Code   168  tim.o(i.MX_TIM10_Init)
    MX_USART3_UART_Init                      0x08006d81   Thumb Code    50  usart.o(i.MX_USART3_UART_Init)
    MX_USART6_UART_Init                      0x08006dc1   Thumb Code    48  usart.o(i.MX_USART6_UART_Init)
    MemManage_Handler                        0x08006df9   Thumb Code     2  stm32f4xx_it.o(i.MemManage_Handler)
    My_Char_Refresh                          0x08006dfd   Thumb Code   252  rm_cilent_ui.o(i.My_Char_Refresh)
    My_Graph_Refresh                         0x08006f0d   Thumb Code   224  rm_cilent_ui.o(i.My_Graph_Refresh)
    NMI_Handler                              0x08006ffd   Thumb Code     2  stm32f4xx_it.o(i.NMI_Handler)
    OLS_Derivative                           0x08007001   Thumb Code   748  user_lib.o(i.OLS_Derivative)
    OLS_Init                                 0x080072f1   Thumb Code    80  user_lib.o(i.OLS_Init)
    PID_Calculate                            0x08007341   Thumb Code  1712  controller.o(i.PID_Calculate)
    PID_Init                                 0x080079f5   Thumb Code   110  controller.o(i.PID_Init)
    PidCalculate                             0x08007a65   Thumb Code   968  pid.o(i.PidCalculate)
    PidInit                                  0x08007e31   Thumb Code    60  pid.o(i.PidInit)
    PidInitMode                              0x08007e6d   Thumb Code   132  pid.o(i.PidInitMode)
    RC_DataProcess                           0x08007ef1   Thumb Code   284  bsp_dr16.o(i.RC_DataProcess)
    RC_Get_RC_Pointer                        0x08008011   Thumb Code     4  bsp_dr16.o(i.RC_Get_RC_Pointer)
    RC_UART_IRQHandler                       0x08008019   Thumb Code   202  bsp_dr16.o(i.RC_UART_IRQHandler)
    REFEREE_UART_IRQHandler                  0x080080ed   Thumb Code   298  bsp_referee.o(i.REFEREE_UART_IRQHandler)
    RefereeDataDeal                          0x08008221   Thumb Code  1656  bsp_referee.o(i.RefereeDataDeal)
    Safe_Task                                0x080089b5   Thumb Code    18  task_safe.o(i.Safe_Task)
    StartDefaultTask                         0x080089cd   Thumb Code     8  freertos.o(i.StartDefaultTask)
    SysTick_Handler                          0x080089d5   Thumb Code    38  port.o(i.SysTick_Handler)
    SystemClock_Config                       0x08008a01   Thumb Code   142  main.o(i.SystemClock_Config)
    SystemInit                               0x08008a99   Thumb Code    12  system_stm32f4xx.o(i.SystemInit)
    TIM2_IRQHandler                          0x08008aa9   Thumb Code     6  stm32f4xx_it.o(i.TIM2_IRQHandler)
    TIM_Base_SetConfig                       0x08008ab5   Thumb Code   184  stm32f4xx_hal_tim.o(i.TIM_Base_SetConfig)
    TIM_Set_PWM                              0x08008b81   Thumb Code    44  bsp_pwm.o(i.TIM_Set_PWM)
    Task_Chassis                             0x08008bad   Thumb Code   414  chassis_task.o(i.Task_Chassis)
    UI_Task                                  0x0800903d   Thumb Code   468  ui_task.o(i.UI_Task)
    USART3_IRQHandler                        0x08009279   Thumb Code    16  stm32f4xx_it.o(i.USART3_IRQHandler)
    USART6_IRQHandler                        0x0800928d   Thumb Code    18  stm32f4xx_it.o(i.USART6_IRQHandler)
    UsageFault_Handler                       0x080092a5   Thumb Code     2  stm32f4xx_it.o(i.UsageFault_Handler)
    Verify_CRC16_Check_Sum                   0x080092a9   Thumb Code    94  crc.o(i.Verify_CRC16_Check_Sum)
    Verify_CRC8_Check_Sum                    0x08009311   Thumb Code    68  crc.o(i.Verify_CRC8_Check_Sum)
    __ARM_fpclassifyf                        0x08009359   Thumb Code    38  fpclassifyf.o(i.__ARM_fpclassifyf)
    __hardfp_acosf                           0x08009381   Thumb Code   234  acosf.o(i.__hardfp_acosf)
    __hardfp_asinf                           0x08009499   Thumb Code   258  asinf.o(i.__hardfp_asinf)
    __hardfp_atan2f                          0x080095c5   Thumb Code   594  atan2f.o(i.__hardfp_atan2f)
    __hardfp_sqrtf                           0x08009871   Thumb Code    58  sqrtf_full.o(i.__hardfp_sqrtf)
    __mathlib_flt_infnan                     0x080098ab   Thumb Code     6  funder.o(i.__mathlib_flt_infnan)
    __mathlib_flt_infnan2                    0x080098b1   Thumb Code     6  funder.o(i.__mathlib_flt_infnan2)
    __mathlib_flt_invalid                    0x080098b9   Thumb Code    10  funder.o(i.__mathlib_flt_invalid)
    __mathlib_flt_underflow                  0x080098c9   Thumb Code    10  funder.o(i.__mathlib_flt_underflow)
    __scatterload_copy                       0x080098d9   Thumb Code    14  handlers.o(i.__scatterload_copy)
    __scatterload_null                       0x080098e7   Thumb Code     2  handlers.o(i.__scatterload_null)
    __scatterload_zeroinit                   0x080098e9   Thumb Code    14  handlers.o(i.__scatterload_zeroinit)
    __set_errno                              0x080098f9   Thumb Code     6  errno.o(i.__set_errno)
    bmi088_accel_init                        0x08009905   Thumb Code   304  bmi088driver.o(i.bmi088_accel_init)
    bmi088_gyro_init                         0x08009a3d   Thumb Code   302  bmi088driver.o(i.bmi088_gyro_init)
    can1_cap_setmsg                          0x08009b75   Thumb Code    64  can1_send.o(i.can1_cap_setmsg)
    can2_chassis_to_gimbal                   0x08009bbd   Thumb Code   158  can2_send.o(i.can2_chassis_to_gimbal)
    can2_chassis_to_gimbal_referee           0x08009c65   Thumb Code   102  can2_send.o(i.can2_chassis_to_gimbal_referee)
    chassis_behaviour_choose                 0x08009cd5   Thumb Code   102  chassis_behaviour.o(i.chassis_behaviour_choose)
    chassis_behaviour_react                  0x08009d41   Thumb Code   360  chassis_behaviour.o(i.chassis_behaviour_react)
    chassis_can2_callback                    0x08009ed5   Thumb Code   122  can2_receive.o(i.chassis_can2_callback)
    chassis_motor_9025_send                  0x08009f5d   Thumb Code   224  lk9025_communication.o(i.chassis_motor_9025_send)
    chassis_motor_read_turns                 0x0800a045   Thumb Code   170  lk9025_communication.o(i.chassis_motor_read_turns)
    chassis_prevent_motion_distortion        0x0800a0f9   Thumb Code   194  chassis_behaviour.o(i.chassis_prevent_motion_distortion)
    chassis_state_choose                     0x0800a1d1   Thumb Code   120  chassis_behaviour.o(i.chassis_state_choose)
    chassis_state_react                      0x0800a261   Thumb Code   112  chassis_behaviour.o(i.chassis_state_react)
    f_CHASSIS_FOLLOW                         0x0800a2e1   Thumb Code   224  chassis_behaviour.o(i.f_CHASSIS_FOLLOW)
    float_constrain                          0x0800a3dd   Thumb Code    32  user_lib.o(i.float_constrain)
    float_min_distance                       0x0800a3fd   Thumb Code   178  user_lib.o(i.float_min_distance)
    float_rounding                           0x0800a4b5   Thumb Code    34  user_lib.o(i.float_rounding)
    get_chassis_motor_l_point                0x0800a4d9   Thumb Code     4  lk9025_communication.o(i.get_chassis_motor_l_point)
    get_chassis_motor_r_point                0x0800a4e1   Thumb Code     4  lk9025_communication.o(i.get_chassis_motor_r_point)
    get_chassis_speed                        0x0800a4e9   Thumb Code    62  chassis_behaviour.o(i.get_chassis_speed)
    get_gimbal_control_point                 0x0800a541   Thumb Code     4  can2_receive.o(i.get_gimbal_control_point)
    get_supercap_control_point               0x0800a549   Thumb Code     4  lk9025_communication.o(i.get_supercap_control_point)
    get_yaw_motor_measure_point              0x0800a551   Thumb Code     4  can2_receive.o(i.get_yaw_motor_measure_point)
    loop_float_constrain                     0x0800a559   Thumb Code    72  user_lib.o(i.loop_float_constrain)
    main                                     0x0800a5a1   Thumb Code    68  main.o(i.main)
    malloc                                   0x0800a5e9   Thumb Code    92  malloc.o(i.malloc)
    motor_lqr_calculate                      0x0800a659   Thumb Code   282  chassis_behaviour.o(i.motor_lqr_calculate)
    osDelay                                  0x0800a7a5   Thumb Code    16  cmsis_os.o(i.osDelay)
    osKernelStart                            0x0800a7b5   Thumb Code    10  cmsis_os.o(i.osKernelStart)
    osThreadCreate                           0x0800a7bf   Thumb Code   104  cmsis_os.o(i.osThreadCreate)
    pid_clear                                0x0800a827   Thumb Code    36  pid.o(i.pid_clear)
    pvPortMalloc                             0x0800aa65   Thumb Code   386  heap_4.o(i.pvPortMalloc)
    pxPortInitialiseStack                    0x0800abf5   Thumb Code    38  port.o(i.pxPortInitialiseStack)
    sliding_average_filter                   0x0800ac21   Thumb Code   122  filter.o(i.sliding_average_filter)
    sliding_average_filter_init              0x0800aca1   Thumb Code    38  filter.o(i.sliding_average_filter_init)
    sqrtf                                    0x0800acd1   Thumb Code    62  sqrtf_full.o(i.sqrtf)
    uxListRemove                             0x0800af41   Thumb Code    38  list.o(i.uxListRemove)
    vApplicationGetIdleTaskMemory            0x0800af69   Thumb Code    16  freertos.o(i.vApplicationGetIdleTaskMemory)
    vListInitialise                          0x0800af7d   Thumb Code    22  list.o(i.vListInitialise)
    vListInitialiseItem                      0x0800af93   Thumb Code     6  list.o(i.vListInitialiseItem)
    vListInsert                              0x0800af99   Thumb Code    58  list.o(i.vListInsert)
    vListInsertEnd                           0x0800afd3   Thumb Code    24  list.o(i.vListInsertEnd)
    vPortEnterCritical                       0x0800afed   Thumb Code    56  port.o(i.vPortEnterCritical)
    vPortExitCritical                        0x0800b02d   Thumb Code    38  port.o(i.vPortExitCritical)
    vPortFree                                0x0800b059   Thumb Code   158  heap_4.o(i.vPortFree)
    vPortSetupTimerInterrupt                 0x0800b101   Thumb Code    32  port.o(i.vPortSetupTimerInterrupt)
    vTaskDelay                               0x0800b125   Thumb Code    66  tasks.o(i.vTaskDelay)
    vTaskDelayUntil                          0x0800b171   Thumb Code   136  tasks.o(i.vTaskDelayUntil)
    vTaskDelete                              0x0800b201   Thumb Code   234  tasks.o(i.vTaskDelete)
    vTaskStartScheduler                      0x0800b2fd   Thumb Code    90  tasks.o(i.vTaskStartScheduler)
    vTaskSuspendAll                          0x0800b369   Thumb Code    10  tasks.o(i.vTaskSuspendAll)
    vTaskSwitchContext                       0x0800b379   Thumb Code    84  tasks.o(i.vTaskSwitchContext)
    xPortStartScheduler                      0x0800b3d5   Thumb Code   232  port.o(i.xPortStartScheduler)
    xTaskCreate                              0x0800b4d9   Thumb Code   198  tasks.o(i.xTaskCreate)
    xTaskCreateStatic                        0x0800b59f   Thumb Code   226  tasks.o(i.xTaskCreateStatic)
    xTaskGetTickCount                        0x0800b681   Thumb Code     6  tasks.o(i.xTaskGetTickCount)
    xTaskIncrementTick                       0x0800b68d   Thumb Code   226  tasks.o(i.xTaskIncrementTick)
    xTaskResumeAll                           0x0800b779   Thumb Code   426  tasks.o(i.xTaskResumeAll)
    AHBPrescTable                            0x0800b970   Data          16  system_stm32f4xx.o(.constdata)
    APBPrescTable                            0x0800b980   Data           8  system_stm32f4xx.o(.constdata)
    CRC8_TAB                                 0x0800b988   Data         256  crc.o(.constdata)
    wCRC_Table                               0x0800ba88   Data         512  crc.o(.constdata)
    xb                                       0x0800bcf8   Data          12  ins_task.o(.constdata)
    yb                                       0x0800bd04   Data          12  ins_task.o(.constdata)
    zb                                       0x0800bd10   Data          12  ins_task.o(.constdata)
    IMU_QuaternionEKF_F                      0x0800bd28   Data         144  quaternionekf.o(.constdata)
    sinTable_f32                             0x0800bdb8   Data        2052  arm_common_tables.o(.constdata)
    Region$$Table$$Base                      0x0800c680   Number         0  anon$$obj.o(Region$$Table)
    Region$$Table$$Limit                     0x0800c6a0   Number         0  anon$$obj.o(Region$$Table)
    defaultTaskHandle                        0x20000000   Data           4  freertos.o(.data)
    Init_TASKHandle                          0x20000004   Data           4  freertos.o(.data)
    uwTickFreq                               0x2000000c   Data           1  stm32f4xx_hal.o(.data)
    uwTickPrio                               0x20000010   Data           4  stm32f4xx_hal.o(.data)
    uwTick                                   0x20000014   Data           4  stm32f4xx_hal.o(.data)
    SystemCoreClock                          0x20000018   Data           4  system_stm32f4xx.o(.data)
    pxCurrentTCB                             0x2000001c   Data           4  tasks.o(.data)
    SysTime                                  0x200000c0   Data           8  bsp_dwt.o(.data)
    CYCCNT64                                 0x200000c8   Data           8  bsp_dwt.o(.data)
    CRC_INIT                                 0x200000d0   Data           2  crc.o(.data)
    UI_Seq                                   0x200000d4   Data           1  rm_cilent_ui.o(.data)
    Safe_TASKHandle                          0x200000d8   Data           4  init_task.o(.data)
    UI_TASKHandle                            0x200000dc   Data           4  init_task.o(.data)
    TASK_CHASSISHandle                       0x200000e0   Data           4  init_task.o(.data)
    ShootTask_Handler                        0x200000e4   Data           4  init_task.o(.data)
    INS_TASKHandle                           0x200000e8   Data           4  init_task.o(.data)
    k_banlance                               0x200000f0   Data          32  chassis_task.o(.data)
    k_yaw                                    0x20000110   Data          16  chassis_task.o(.data)
    INS_DWT_Count                            0x20000124   Data           4  ins_task.o(.data)
    RefTemp                                  0x20000130   Data           4  ins_task.o(.data)
    Chassis_Control_p                        0x20000168   Data           4  ui_task.o(.data)
    Gimbal_Control_p                         0x2000016c   Data           4  ui_task.o(.data)
    caliOffset                               0x2000019b   Data           1  bmi088driver.o(.data)
    caliCount                                0x2000019c   Data           2  bmi088driver.o(.data)
    BMI088_ACCEL_SEN                         0x200001a4   Data           4  bmi088driver.o(.data)
    BMI088_GYRO_SEN                          0x200001a8   Data           4  bmi088driver.o(.data)
    gNormDiff                                0x200001b0   Data           4  bmi088driver.o(.data)
    BMI088_SPI                               0x200001e0   Data           4  bmi088middleware.o(.data)
    sizeof_float                             0x20000454   Data           2  kalman_filter.o(.data)
    sizeof_double                            0x20000456   Data           2  kalman_filter.o(.data)
    IMU_QuaternionEKF_P                      0x2000049c   Data         144  quaternionekf.o(.data)
    Chassis_x                                0x20000530   Data           4  chassis_behaviour.o(.data)
    Chassis_yaw                              0x20000534   Data           4  chassis_behaviour.o(.data)
    see_cos_yaw                              0x20000538   Data           4  chassis_behaviour.o(.data)
    see_position_speed                       0x2000053c   Data           4  chassis_behaviour.o(.data)
    see_position                             0x20000540   Data           4  chassis_behaviour.o(.data)
    see_position_t                           0x20000544   Data           4  chassis_behaviour.o(.data)
    __microlib_freelist                      0x20000548   Data           4  mvars.o(.data)
    __microlib_freelist_initialised          0x2000054c   Data           4  mvars.o(.data)
    hcan1                                    0x200007a8   Data          40  can.o(.bss)
    hcan2                                    0x200007d0   Data          40  can.o(.bss)
    hspi1                                    0x200007f8   Data          88  spi.o(.bss)
    hdma_spi1_rx                             0x20000850   Data          96  spi.o(.bss)
    hdma_spi1_tx                             0x200008b0   Data          96  spi.o(.bss)
    htim10                                   0x20000910   Data          72  tim.o(.bss)
    huart3                                   0x20000958   Data          68  usart.o(.bss)
    huart6                                   0x2000099c   Data          68  usart.o(.bss)
    hdma_usart3_rx                           0x200009e0   Data          96  usart.o(.bss)
    hdma_usart6_rx                           0x20000a40   Data          96  usart.o(.bss)
    hdma_usart6_tx                           0x20000aa0   Data          96  usart.o(.bss)
    htim2                                    0x20000b00   Data          72  stm32f4xx_hal_timebase_tim.o(.bss)
    Sbus_RX_Buffer                           0x20004850   Data          72  bsp_dr16.o(.bss)
    CAN_Encoder                              0x20004898   Data         540  bsp_motor_encoder.o(.bss)
    Referee_RX_Buffer                        0x20004ab4   Data         512  bsp_referee.o(.bss)
    referee                                  0x20004cb4   Data         503  bsp_referee.o(.bss)
    Chassis_Control                          0x20004f08   Data         520  chassis_task.o(.bss)
    TempCtrl                                 0x20005110   Data         170  ins_task.o(.bss)
    INS                                      0x200051bc   Data         132  ins_task.o(.bss)
    IMU_Param                                0x20005240   Data          28  ins_task.o(.bss)
    diff_ang                                 0x2000525c   Data          15  ui_task.o(.bss)
    CH_MODE                                  0x2000526b   Data          45  ui_task.o(.bss)
    GM_MODE                                  0x20005298   Data          45  ui_task.o(.bss)
    replenish                                0x200052c5   Data          45  ui_task.o(.bss)
    motor_9025_l                             0x20005340   Data         104  lk9025_communication.o(.bss)
    motor_9025_r                             0x200053a8   Data         104  lk9025_communication.o(.bss)
    gyroDiff                                 0x20005420   Data          12  bmi088driver.o(.bss)
    BMI088                                   0x2000542c   Data          52  bmi088driver.o(.bss)
    QEKF_INS                                 0x20005460   Data         472  quaternionekf.o(.bss)
    IMU_QuaternionEKF_K                      0x20005638   Data          72  quaternionekf.o(.bss)
    IMU_QuaternionEKF_H                      0x20005680   Data          72  quaternionekf.o(.bss)
    __heap_base                              0x200056c8   Data           0  startup_stm32f407xx.o(HEAP)
    __heap_limit                             0x200076c8   Data           0  startup_stm32f407xx.o(HEAP)
    __initial_sp                             0x200096c8   Data           0  startup_stm32f407xx.o(STACK)



==============================================================================

Memory Map of the image

  Image Entry point : 0x08000189

  Load Region LR_IROM1 (Base: 0x08000000, Size: 0x0000cbf4, Max: 0x00100000, ABSOLUTE, COMPRESSED[0x0000c7a0])

    Execution Region ER_IROM1 (Exec base: 0x08000000, Load base: 0x08000000, Size: 0x0000c6a0, Max: 0x00100000, ABSOLUTE)

    Exec Addr    Load Addr    Size         Type   Attr      Idx    E Section Name        Object

    0x08000000   0x08000000   0x00000188   Data   RO            3    RESET               startup_stm32f407xx.o
    0x08000188   0x08000188   0x00000000   Code   RO         7564  * .ARM.Collect$$$$00000000  mc_w.l(entry.o)
    0x08000188   0x08000188   0x00000004   Code   RO         7687    .ARM.Collect$$$$00000001  mc_w.l(entry2.o)
    0x0800018c   0x0800018c   0x00000004   Code   RO         7690    .ARM.Collect$$$$00000004  mc_w.l(entry5.o)
    0x08000190   0x08000190   0x00000000   Code   RO         7692    .ARM.Collect$$$$00000008  mc_w.l(entry7b.o)
    0x08000190   0x08000190   0x00000000   Code   RO         7694    .ARM.Collect$$$$0000000A  mc_w.l(entry8b.o)
    0x08000190   0x08000190   0x00000008   Code   RO         7695    .ARM.Collect$$$$0000000B  mc_w.l(entry9a.o)
    0x08000198   0x08000198   0x00000004   Code   RO         7702    .ARM.Collect$$$$0000000E  mc_w.l(entry12b.o)
    0x0800019c   0x0800019c   0x00000000   Code   RO         7697    .ARM.Collect$$$$0000000F  mc_w.l(entry10a.o)
    0x0800019c   0x0800019c   0x00000000   Code   RO         7699    .ARM.Collect$$$$00000011  mc_w.l(entry11a.o)
    0x0800019c   0x0800019c   0x00000004   Code   RO         7688    .ARM.Collect$$$$00002712  mc_w.l(entry2.o)
    0x080001a0   0x080001a0   0x000000be   Code   RO         4804    .emb_text           port.o
    0x0800025e   0x0800025e   0x00000002   PAD
    0x08000260   0x08000260   0x00000024   Code   RO            4    .text               startup_stm32f407xx.o
    0x08000284   0x08000284   0x00000078   Code   RO         7169    .text               arm_cortexM4lf_math.lib(arm_cos_f32.o)
    0x080002fc   0x080002fc   0x00000094   Code   RO         7219    .text               arm_cortexM4lf_math.lib(arm_sin_f32.o)
    0x08000390   0x08000390   0x00000108   Code   RO         7243    .text               arm_cortexM4lf_math.lib(arm_mat_add_f32.o)
    0x08000498   0x08000498   0x00000008   Code   RO         7267    .text               arm_cortexM4lf_math.lib(arm_mat_init_f32.o)
    0x080004a0   0x080004a0   0x00000530   Code   RO         7291    .text               arm_cortexM4lf_math.lib(arm_mat_inverse_f32.o)
    0x080009d0   0x080009d0   0x0000013c   Code   RO         7315    .text               arm_cortexM4lf_math.lib(arm_mat_mult_f32.o)
    0x08000b0c   0x08000b0c   0x00000108   Code   RO         7339    .text               arm_cortexM4lf_math.lib(arm_mat_sub_f32.o)
    0x08000c14   0x08000c14   0x00000114   Code   RO         7363    .text               arm_cortexM4lf_math.lib(arm_mat_trans_f32.o)
    0x08000d28   0x08000d28   0x00000062   Code   RO         7567    .text               mc_w.l(uldiv.o)
    0x08000d8a   0x08000d8a   0x00000062   Code   RO         7569    .text               mc_w.l(ldiv.o)
    0x08000dec   0x08000dec   0x00000024   Code   RO         7574    .text               mc_w.l(memcpya.o)
    0x08000e10   0x08000e10   0x00000024   Code   RO         7578    .text               mc_w.l(memseta.o)
    0x08000e34   0x08000e34   0x0000000e   Code   RO         7580    .text               mc_w.l(strlen.o)
    0x08000e42   0x08000e42   0x00000012   Code   RO         7582    .text               mc_w.l(strcpy.o)
    0x08000e54   0x08000e54   0x0000014e   Code   RO         7614    .text               mf_w.l(dadd.o)
    0x08000fa2   0x08000fa2   0x000000e4   Code   RO         7616    .text               mf_w.l(dmul.o)
    0x08001086   0x08001086   0x000000de   Code   RO         7618    .text               mf_w.l(ddiv.o)
    0x08001164   0x08001164   0x00000022   Code   RO         7622    .text               mf_w.l(dflti.o)
    0x08001186   0x08001186   0x00000028   Code   RO         7626    .text               mf_w.l(dfltl.o)
    0x080011ae   0x080011ae   0x0000003e   Code   RO         7628    .text               mf_w.l(dfixi.o)
    0x080011ec   0x080011ec   0x00000032   Code   RO         7630    .text               mf_w.l(dfixui.o)
    0x0800121e   0x0800121e   0x00000026   Code   RO         7632    .text               mf_w.l(f2d.o)
    0x08001244   0x08001244   0x00000038   Code   RO         7638    .text               mf_w.l(d2f.o)
    0x0800127c   0x0800127c   0x0000001e   Code   RO         7703    .text               mc_w.l(llshl.o)
    0x0800129a   0x0800129a   0x00000020   Code   RO         7705    .text               mc_w.l(llushr.o)
    0x080012ba   0x080012ba   0x00000024   Code   RO         7707    .text               mc_w.l(llsshr.o)
    0x080012de   0x080012de   0x00000000   Code   RO         7718    .text               mc_w.l(iusefp.o)
    0x080012de   0x080012de   0x0000006e   Code   RO         7719    .text               mf_w.l(fepilogue.o)
    0x0800134c   0x0800134c   0x000000ba   Code   RO         7721    .text               mf_w.l(depilogue.o)
    0x08001406   0x08001406   0x00000002   PAD
    0x08001408   0x08001408   0x00000024   Code   RO         7733    .text               mc_w.l(init.o)
    0x0800142c   0x0800142c   0x00000056   Code   RO         7743    .text               mc_w.l(__dczerorl2.o)
    0x08001482   0x08001482   0x00000002   PAD
    0x08001484   0x08001484   0x00000058   Code   RO         5895    i.Append_CRC16_Check_Sum  crc.o
    0x080014dc   0x080014dc   0x000000a2   Code   RO         5997    i.Arc_Draw          rm_cilent_ui.o
    0x0800157e   0x0800157e   0x00000002   PAD
    0x08001580   0x08001580   0x00000010   Code   RO         6712    i.BMI088_ACCEL_NS_H  bmi088middleware.o
    0x08001590   0x08001590   0x00000010   Code   RO         6713    i.BMI088_ACCEL_NS_L  bmi088middleware.o
    0x080015a0   0x080015a0   0x00000010   Code   RO         6714    i.BMI088_GYRO_NS_H  bmi088middleware.o
    0x080015b0   0x080015b0   0x00000010   Code   RO         6715    i.BMI088_GYRO_NS_L  bmi088middleware.o
    0x080015c0   0x080015c0   0x000001f0   Code   RO         6647    i.BMI088_Read       bmi088driver.o
    0x080017b0   0x080017b0   0x00000080   Code   RO         6648    i.BMI088_init       bmi088driver.o
    0x08001830   0x08001830   0x00000024   Code   RO         6716    i.BMI088_read_write_byte  bmi088middleware.o
    0x08001854   0x08001854   0x000000ea   Code   RO         6278    i.BodyFrameToEarthFrame  ins_task.o
    0x0800193e   0x0800193e   0x00000002   Code   RO          514    i.BusFault_Handler  stm32f4xx_it.o
    0x08001940   0x08001940   0x0000000c   Code   RO          515    i.CAN1_RX0_IRQHandler  stm32f4xx_it.o
    0x0800194c   0x0800194c   0x00000038   Code   RO         6417    i.CAN1_filter_config  can1_receive.o
    0x08001984   0x08001984   0x0000000c   Code   RO          516    i.CAN2_RX0_IRQHandler  stm32f4xx_it.o
    0x08001990   0x08001990   0x0000003c   Code   RO         6500    i.CAN2_filter_config  can2_receive.o
    0x080019cc   0x080019cc   0x0000011c   Code   RO         5666    i.CAN_DATA_Encoder_Deal  bsp_motor_encoder.o
    0x08001ae8   0x08001ae8   0x00000494   Code   RO         6649    i.Calibrate_MPU_Offset  bmi088driver.o
    0x08001f7c   0x08001f7c   0x00000098   Code   RO         5998    i.Char_Draw         rm_cilent_ui.o
    0x08002014   0x08002014   0x0000000c   Code   RO          517    i.DMA1_Stream1_IRQHandler  stm32f4xx_it.o
    0x08002020   0x08002020   0x0000000c   Code   RO          518    i.DMA2_Stream0_IRQHandler  stm32f4xx_it.o
    0x0800202c   0x0800202c   0x0000000c   Code   RO          519    i.DMA2_Stream1_IRQHandler  stm32f4xx_it.o
    0x08002038   0x08002038   0x0000000c   Code   RO          520    i.DMA2_Stream3_IRQHandler  stm32f4xx_it.o
    0x08002044   0x08002044   0x0000000c   Code   RO          521    i.DMA2_Stream6_IRQHandler  stm32f4xx_it.o
    0x08002050   0x08002050   0x00000034   Code   RO         5799    i.DWT_Delay         bsp_dwt.o
    0x08002084   0x08002084   0x00000048   Code   RO         5800    i.DWT_GetDeltaT     bsp_dwt.o
    0x080020cc   0x080020cc   0x00000044   Code   RO         5803    i.DWT_GetTimeline_s  bsp_dwt.o
    0x08002110   0x08002110   0x00000048   Code   RO         5805    i.DWT_Init          bsp_dwt.o
    0x08002158   0x08002158   0x000000ac   Code   RO         5806    i.DWT_SysTimeUpdate  bsp_dwt.o
    0x08002204   0x08002204   0x00000002   Code   RO          522    i.DebugMon_Handler  stm32f4xx_it.o
    0x08002206   0x08002206   0x00000002   PAD
    0x08002208   0x08002208   0x00000094   Code   RO         5557    i.ECF_RC_Init       bsp_dr16.o
    0x0800229c   0x0800229c   0x0000000c   Code   RO         5558    i.ECF_RC_UART_Handler  bsp_dr16.o
    0x080022a8   0x080022a8   0x00000094   Code   RO         5944    i.ECF_referee_uart_init  bsp_referee.o
    0x0800233c   0x0800233c   0x00000006   Code   RO          523    i.EXTI4_IRQHandler  stm32f4xx_it.o
    0x08002342   0x08002342   0x00000006   Code   RO          524    i.EXTI9_5_IRQHandler  stm32f4xx_it.o
    0x08002348   0x08002348   0x0000000c   Code   RO         5667    i.EncoderValZero    bsp_motor_encoder.o
    0x08002354   0x08002354   0x00000074   Code   RO         5668    i.Encoder_Init      bsp_motor_encoder.o
    0x080023c8   0x080023c8   0x00000004   Code   RO           13    i.Error_Handler     main.o
    0x080023cc   0x080023cc   0x00000020   Code   RO         5898    i.Get_CRC8_Check_Sum  crc.o
    0x080023ec   0x080023ec   0x00000008   Code   RO         6197    i.Get_Chassis_Control_Point  chassis_task.o
    0x080023f4   0x080023f4   0x00000008   Code   RO         6281    i.Get_INS_Point     ins_task.o
    0x080023fc   0x080023fc   0x00000008   Code   RO         5945    i.Get_referee_Address  bsp_referee.o
    0x08002404   0x08002404   0x0000002a   Code   RO          717    i.HAL_CAN_ActivateNotification  stm32f4xx_hal_can.o
    0x0800242e   0x0800242e   0x000000fa   Code   RO          718    i.HAL_CAN_AddTxMessage  stm32f4xx_hal_can.o
    0x08002528   0x08002528   0x0000011c   Code   RO          719    i.HAL_CAN_ConfigFilter  stm32f4xx_hal_can.o
    0x08002644   0x08002644   0x00000002   Code   RO          722    i.HAL_CAN_ErrorCallback  stm32f4xx_hal_can.o
    0x08002646   0x08002646   0x0000014a   Code   RO          725    i.HAL_CAN_GetRxMessage  stm32f4xx_hal_can.o
    0x08002790   0x08002790   0x00000032   Code   RO          727    i.HAL_CAN_GetTxMailboxesFreeLevel  stm32f4xx_hal_can.o
    0x080027c2   0x080027c2   0x00000236   Code   RO          729    i.HAL_CAN_IRQHandler  stm32f4xx_hal_can.o
    0x080029f8   0x080029f8   0x0000012a   Code   RO          730    i.HAL_CAN_Init      stm32f4xx_hal_can.o
    0x08002b22   0x08002b22   0x00000022   Code   RO          732    i.HAL_CAN_IsTxMessagePending  stm32f4xx_hal_can.o
    0x08002b44   0x08002b44   0x000000f4   Code   RO          304    i.HAL_CAN_MspInit   can.o
    0x08002c38   0x08002c38   0x00000002   Code   RO          737    i.HAL_CAN_RxFifo0FullCallback  stm32f4xx_hal_can.o
    0x08002c3a   0x08002c3a   0x00000002   PAD
    0x08002c3c   0x08002c3c   0x0000002c   Code   RO         6418    i.HAL_CAN_RxFifo0MsgPendingCallback  can1_receive.o
    0x08002c68   0x08002c68   0x00000002   Code   RO          739    i.HAL_CAN_RxFifo1FullCallback  stm32f4xx_hal_can.o
    0x08002c6a   0x08002c6a   0x00000002   Code   RO          740    i.HAL_CAN_RxFifo1MsgPendingCallback  stm32f4xx_hal_can.o
    0x08002c6c   0x08002c6c   0x00000002   Code   RO          741    i.HAL_CAN_SleepCallback  stm32f4xx_hal_can.o
    0x08002c6e   0x08002c6e   0x00000002   PAD
    0x08002c70   0x08002c70   0x00000064   Code   RO          742    i.HAL_CAN_Start     stm32f4xx_hal_can.o
    0x08002cd4   0x08002cd4   0x00000002   Code   RO          744    i.HAL_CAN_TxMailbox0AbortCallback  stm32f4xx_hal_can.o
    0x08002cd6   0x08002cd6   0x00000002   Code   RO          745    i.HAL_CAN_TxMailbox0CompleteCallback  stm32f4xx_hal_can.o
    0x08002cd8   0x08002cd8   0x00000002   Code   RO          746    i.HAL_CAN_TxMailbox1AbortCallback  stm32f4xx_hal_can.o
    0x08002cda   0x08002cda   0x00000002   Code   RO          747    i.HAL_CAN_TxMailbox1CompleteCallback  stm32f4xx_hal_can.o
    0x08002cdc   0x08002cdc   0x00000002   Code   RO          748    i.HAL_CAN_TxMailbox2AbortCallback  stm32f4xx_hal_can.o
    0x08002cde   0x08002cde   0x00000002   Code   RO          749    i.HAL_CAN_TxMailbox2CompleteCallback  stm32f4xx_hal_can.o
    0x08002ce0   0x08002ce0   0x00000002   Code   RO          751    i.HAL_CAN_WakeUpFromRxMsgCallback  stm32f4xx_hal_can.o
    0x08002ce2   0x08002ce2   0x000000a6   Code   RO         1372    i.HAL_DMA_Abort     stm32f4xx_hal_dma.o
    0x08002d88   0x08002d88   0x00000024   Code   RO         1373    i.HAL_DMA_Abort_IT  stm32f4xx_hal_dma.o
    0x08002dac   0x08002dac   0x000001dc   Code   RO         1377    i.HAL_DMA_IRQHandler  stm32f4xx_hal_dma.o
    0x08002f88   0x08002f88   0x0000015c   Code   RO         1378    i.HAL_DMA_Init      stm32f4xx_hal_dma.o
    0x080030e4   0x080030e4   0x00000092   Code   RO         1382    i.HAL_DMA_Start_IT  stm32f4xx_hal_dma.o
    0x08003176   0x08003176   0x00000002   PAD
    0x08003178   0x08003178   0x00000028   Code   RO         1774    i.HAL_Delay         stm32f4xx_hal.o
    0x080031a0   0x080031a0   0x00000002   Code   RO         1271    i.HAL_GPIO_EXTI_Callback  stm32f4xx_hal_gpio.o
    0x080031a2   0x080031a2   0x00000002   PAD
    0x080031a4   0x080031a4   0x00000018   Code   RO         1272    i.HAL_GPIO_EXTI_IRQHandler  stm32f4xx_hal_gpio.o
    0x080031bc   0x080031bc   0x00000200   Code   RO         1273    i.HAL_GPIO_Init     stm32f4xx_hal_gpio.o
    0x080033bc   0x080033bc   0x0000000a   Code   RO         1277    i.HAL_GPIO_WritePin  stm32f4xx_hal_gpio.o
    0x080033c6   0x080033c6   0x00000002   PAD
    0x080033c8   0x080033c8   0x0000000c   Code   RO         1780    i.HAL_GetTick       stm32f4xx_hal.o
    0x080033d4   0x080033d4   0x00000010   Code   RO         1786    i.HAL_IncTick       stm32f4xx_hal.o
    0x080033e4   0x080033e4   0x00000034   Code   RO         1787    i.HAL_Init          stm32f4xx_hal.o
    0x08003418   0x08003418   0x00000098   Code   RO          677    i.HAL_InitTick      stm32f4xx_hal_timebase_tim.o
    0x080034b0   0x080034b0   0x0000003c   Code   RO          653    i.HAL_MspInit       stm32f4xx_hal_msp.o
    0x080034ec   0x080034ec   0x0000001e   Code   RO         1642    i.HAL_NVIC_EnableIRQ  stm32f4xx_hal_cortex.o
    0x0800350a   0x0800350a   0x00000002   PAD
    0x0800350c   0x0800350c   0x00000064   Code   RO         1648    i.HAL_NVIC_SetPriority  stm32f4xx_hal_cortex.o
    0x08003570   0x08003570   0x00000024   Code   RO         1649    i.HAL_NVIC_SetPriorityGrouping  stm32f4xx_hal_cortex.o
    0x08003594   0x08003594   0x0000015c   Code   RO          951    i.HAL_RCC_ClockConfig  stm32f4xx_hal_rcc.o
    0x080036f0   0x080036f0   0x00000040   Code   RO          955    i.HAL_RCC_GetClockConfig  stm32f4xx_hal_rcc.o
    0x08003730   0x08003730   0x00000020   Code   RO          958    i.HAL_RCC_GetPCLK1Freq  stm32f4xx_hal_rcc.o
    0x08003750   0x08003750   0x00000020   Code   RO          959    i.HAL_RCC_GetPCLK2Freq  stm32f4xx_hal_rcc.o
    0x08003770   0x08003770   0x00000074   Code   RO          960    i.HAL_RCC_GetSysClockFreq  stm32f4xx_hal_rcc.o
    0x080037e4   0x080037e4   0x00000404   Code   RO          963    i.HAL_RCC_OscConfig  stm32f4xx_hal_rcc.o
    0x08003be8   0x08003be8   0x000000c2   Code   RO         2036    i.HAL_SPI_Init      stm32f4xx_hal_spi.o
    0x08003caa   0x08003caa   0x00000002   PAD
    0x08003cac   0x08003cac   0x00000104   Code   RO          377    i.HAL_SPI_MspInit   spi.o
    0x08003db0   0x08003db0   0x00000216   Code   RO         2045    i.HAL_SPI_TransmitReceive  stm32f4xx_hal_spi.o
    0x08003fc6   0x08003fc6   0x00000002   Code   RO         3005    i.HAL_TIMEx_BreakCallback  stm32f4xx_hal_tim_ex.o
    0x08003fc8   0x08003fc8   0x00000002   Code   RO         3006    i.HAL_TIMEx_CommutCallback  stm32f4xx_hal_tim_ex.o
    0x08003fca   0x08003fca   0x0000005a   Code   RO         2338    i.HAL_TIM_Base_Init  stm32f4xx_hal_tim.o
    0x08004024   0x08004024   0x0000002c   Code   RO          419    i.HAL_TIM_Base_MspInit  tim.o
    0x08004050   0x08004050   0x00000080   Code   RO         2343    i.HAL_TIM_Base_Start_IT  stm32f4xx_hal_tim.o
    0x080040d0   0x080040d0   0x00000002   Code   RO         2372    i.HAL_TIM_IC_CaptureCallback  stm32f4xx_hal_tim.o
    0x080040d2   0x080040d2   0x0000016c   Code   RO         2386    i.HAL_TIM_IRQHandler  stm32f4xx_hal_tim.o
    0x0800423e   0x0800423e   0x00000002   Code   RO         2389    i.HAL_TIM_OC_DelayElapsedCallback  stm32f4xx_hal_tim.o
    0x08004240   0x08004240   0x0000024c   Code   RO         2410    i.HAL_TIM_PWM_ConfigChannel  stm32f4xx_hal_tim.o
    0x0800448c   0x0800448c   0x0000005a   Code   RO         2413    i.HAL_TIM_PWM_Init  stm32f4xx_hal_tim.o
    0x080044e6   0x080044e6   0x00000002   Code   RO         2415    i.HAL_TIM_PWM_MspInit  stm32f4xx_hal_tim.o
    0x080044e8   0x080044e8   0x00000002   Code   RO         2416    i.HAL_TIM_PWM_PulseFinishedCallback  stm32f4xx_hal_tim.o
    0x080044ea   0x080044ea   0x00000002   PAD
    0x080044ec   0x080044ec   0x000000e0   Code   RO         2418    i.HAL_TIM_PWM_Start  stm32f4xx_hal_tim.o
    0x080045cc   0x080045cc   0x0000000e   Code   RO           14    i.HAL_TIM_PeriodElapsedCallback  main.o
    0x080045da   0x080045da   0x00000002   Code   RO         2429    i.HAL_TIM_TriggerCallback  stm32f4xx_hal_tim.o
    0x080045dc   0x080045dc   0x00000002   Code   RO         3278    i.HAL_UARTEx_RxEventCallback  stm32f4xx_hal_uart.o
    0x080045de   0x080045de   0x00000002   Code   RO         3292    i.HAL_UART_ErrorCallback  stm32f4xx_hal_uart.o
    0x080045e0   0x080045e0   0x00000304   Code   RO         3295    i.HAL_UART_IRQHandler  stm32f4xx_hal_uart.o
    0x080048e4   0x080048e4   0x00000062   Code   RO         3296    i.HAL_UART_Init     stm32f4xx_hal_uart.o
    0x08004946   0x08004946   0x00000002   PAD
    0x08004948   0x08004948   0x00000194   Code   RO          467    i.HAL_UART_MspInit  usart.o
    0x08004adc   0x08004adc   0x00000002   Code   RO         3302    i.HAL_UART_RxCpltCallback  stm32f4xx_hal_uart.o
    0x08004ade   0x08004ade   0x00000002   PAD
    0x08004ae0   0x08004ae0   0x00000090   Code   RO         3305    i.HAL_UART_Transmit_DMA  stm32f4xx_hal_uart.o
    0x08004b70   0x08004b70   0x00000002   Code   RO         3307    i.HAL_UART_TxCpltCallback  stm32f4xx_hal_uart.o
    0x08004b72   0x08004b72   0x00000002   Code   RO         3308    i.HAL_UART_TxHalfCpltCallback  stm32f4xx_hal_uart.o
    0x08004b74   0x08004b74   0x00000002   Code   RO          525    i.HardFault_Handler  stm32f4xx_it.o
    0x08004b76   0x08004b76   0x00000002   PAD
    0x08004b78   0x08004b78   0x000000e0   Code   RO         6927    i.IMU_QuaternionEKF_Init  quaternionekf.o
    0x08004c58   0x08004c58   0x00000038   Code   RO         6928    i.IMU_QuaternionEKF_Observe  quaternionekf.o
    0x08004c90   0x08004c90   0x000000dc   Code   RO         6929    i.IMU_QuaternionEKF_SetH  quaternionekf.o
    0x08004d6c   0x08004d6c   0x00000468   Code   RO         6930    i.IMU_QuaternionEKF_Update  quaternionekf.o
    0x080051d4   0x080051d4   0x00000198   Code   RO         6931    i.IMU_QuaternionEKF_User_Func1  quaternionekf.o
    0x0800536c   0x0800536c   0x000004ca   Code   RO         6932    i.IMU_QuaternionEKF_xhatUpdate  quaternionekf.o
    0x08005836   0x08005836   0x00000002   PAD
    0x08005838   0x08005838   0x00000564   Code   RO         6284    i.INS_Task          ins_task.o
    0x08005d9c   0x08005d9c   0x000000a0   Code   RO         6101    i.Init_Task         init_task.o
    0x08005e3c   0x08005e3c   0x000003bc   Code   RO         6856    i.Kalman_Filter_Init  kalman_filter.o
    0x080061f8   0x080061f8   0x000001ac   Code   RO         6857    i.Kalman_Filter_Measure  kalman_filter.o
    0x080063a4   0x080063a4   0x000003d4   Code   RO         6861    i.Kalman_Filter_Update  kalman_filter.o
    0x08006778   0x08006778   0x0000017c   Code   RO         6580    i.LK9025_can1_callback  lk9025_communication.o
    0x080068f4   0x080068f4   0x00000004   PAD
    0x080068f8   0x080068f8   0x00000098   Code   RO         5231    i.LQR_Calculate     lqr.o
    0x08006990   0x08006990   0x00000026   Code   RO         5233    i.LQR_Data_Update   lqr.o
    0x080069b6   0x080069b6   0x0000004a   Code   RO         5234    i.LQR_Init          lqr.o
    0x08006a00   0x08006a00   0x00000044   Code   RO          305    i.MX_CAN1_Init      can.o
    0x08006a44   0x08006a44   0x00000044   Code   RO          306    i.MX_CAN2_Init      can.o
    0x08006a88   0x08006a88   0x0000007c   Code   RO          352    i.MX_DMA_Init       dma.o
    0x08006b04   0x08006b04   0x00000040   Code   RO          253    i.MX_FREERTOS_Init  freertos.o
    0x08006b44   0x08006b44   0x0000013c   Code   RO          229    i.MX_GPIO_Init      gpio.o
    0x08006c80   0x08006c80   0x00000048   Code   RO          378    i.MX_SPI1_Init      spi.o
    0x08006cc8   0x08006cc8   0x000000b8   Code   RO          421    i.MX_TIM10_Init     tim.o
    0x08006d80   0x08006d80   0x00000040   Code   RO          468    i.MX_USART3_UART_Init  usart.o
    0x08006dc0   0x08006dc0   0x00000038   Code   RO          469    i.MX_USART6_UART_Init  usart.o
    0x08006df8   0x08006df8   0x00000002   Code   RO          526    i.MemManage_Handler  stm32f4xx_it.o
    0x08006dfa   0x08006dfa   0x00000002   PAD
    0x08006dfc   0x08006dfc   0x00000110   Code   RO         6002    i.My_Char_Refresh   rm_cilent_ui.o
    0x08006f0c   0x08006f0c   0x000000f0   Code   RO         6003    i.My_Graph_Refresh  rm_cilent_ui.o
    0x08006ffc   0x08006ffc   0x00000002   Code   RO          527    i.NMI_Handler       stm32f4xx_it.o
    0x08006ffe   0x08006ffe   0x00000002   PAD
    0x08007000   0x08007000   0x000002f0   Code   RO         5417    i.OLS_Derivative    user_lib.o
    0x080072f0   0x080072f0   0x00000050   Code   RO         5418    i.OLS_Init          user_lib.o
    0x08007340   0x08007340   0x000006b4   Code   RO         6772    i.PID_Calculate     controller.o
    0x080079f4   0x080079f4   0x0000006e   Code   RO         6773    i.PID_Init          controller.o
    0x08007a62   0x08007a62   0x00000002   PAD
    0x08007a64   0x08007a64   0x000003cc   Code   RO         5361    i.PidCalculate      pid.o
    0x08007e30   0x08007e30   0x0000003c   Code   RO         5362    i.PidInit           pid.o
    0x08007e6c   0x08007e6c   0x00000084   Code   RO         5363    i.PidInitMode       pid.o
    0x08007ef0   0x08007ef0   0x00000120   Code   RO         5560    i.RC_DataProcess    bsp_dr16.o
    0x08008010   0x08008010   0x00000008   Code   RO         5562    i.RC_Get_RC_Pointer  bsp_dr16.o
    0x08008018   0x08008018   0x000000d4   Code   RO         5565    i.RC_UART_IRQHandler  bsp_dr16.o
    0x080080ec   0x080080ec   0x00000134   Code   RO         5946    i.REFEREE_UART_IRQHandler  bsp_referee.o
    0x08008220   0x08008220   0x00000678   Code   RO         5947    i.RefereeDataDeal   bsp_referee.o
    0x08008898   0x08008898   0x0000005c   Code   RO         2072    i.SPI_EndRxTxTransaction  stm32f4xx_hal_spi.o
    0x080088f4   0x080088f4   0x000000c0   Code   RO         2077    i.SPI_WaitFlagStateUntilTimeout  stm32f4xx_hal_spi.o
    0x080089b4   0x080089b4   0x00000018   Code   RO         6253    i.Safe_Task         task_safe.o
    0x080089cc   0x080089cc   0x00000008   Code   RO          254    i.StartDefaultTask  freertos.o
    0x080089d4   0x080089d4   0x0000002c   Code   RO         4805    i.SysTick_Handler   port.o
    0x08008a00   0x08008a00   0x00000098   Code   RO           15    i.SystemClock_Config  main.o
    0x08008a98   0x08008a98   0x00000010   Code   RO         3609    i.SystemInit        system_stm32f4xx.o
    0x08008aa8   0x08008aa8   0x0000000c   Code   RO          528    i.TIM2_IRQHandler   stm32f4xx_it.o
    0x08008ab4   0x08008ab4   0x000000cc   Code   RO         2431    i.TIM_Base_SetConfig  stm32f4xx_hal_tim.o
    0x08008b80   0x08008b80   0x0000002c   Code   RO         5871    i.TIM_Set_PWM       bsp_pwm.o
    0x08008bac   0x08008bac   0x000001c0   Code   RO         6198    i.Task_Chassis      chassis_task.o
    0x08008d6c   0x08008d6c   0x00000010   Code   RO         3309    i.UART_DMAAbortOnError  stm32f4xx_hal_uart.o
    0x08008d7c   0x08008d7c   0x000000ae   Code   RO         3310    i.UART_DMAError     stm32f4xx_hal_uart.o
    0x08008e2a   0x08008e2a   0x0000004a   Code   RO         3315    i.UART_DMATransmitCplt  stm32f4xx_hal_uart.o
    0x08008e74   0x08008e74   0x0000000a   Code   RO         3317    i.UART_DMATxHalfCplt  stm32f4xx_hal_uart.o
    0x08008e7e   0x08008e7e   0x000000cc   Code   RO         3319    i.UART_Receive_IT   stm32f4xx_hal_uart.o
    0x08008f4a   0x08008f4a   0x00000002   PAD
    0x08008f4c   0x08008f4c   0x000000f0   Code   RO         3320    i.UART_SetConfig    stm32f4xx_hal_uart.o
    0x0800903c   0x0800903c   0x0000023c   Code   RO         6372    i.UI_Task           ui_task.o
    0x08009278   0x08009278   0x00000014   Code   RO          529    i.USART3_IRQHandler  stm32f4xx_it.o
    0x0800928c   0x0800928c   0x00000018   Code   RO          530    i.USART6_IRQHandler  stm32f4xx_it.o
    0x080092a4   0x080092a4   0x00000002   Code   RO          531    i.UsageFault_Handler  stm32f4xx_it.o
    0x080092a6   0x080092a6   0x00000002   PAD
    0x080092a8   0x080092a8   0x00000068   Code   RO         5899    i.Verify_CRC16_Check_Sum  crc.o
    0x08009310   0x08009310   0x00000048   Code   RO         5900    i.Verify_CRC8_Check_Sum  crc.o
    0x08009358   0x08009358   0x00000026   Code   RO         7657    i.__ARM_fpclassifyf  m_wm.l(fpclassifyf.o)
    0x0800937e   0x0800937e   0x00000002   PAD
    0x08009380   0x08009380   0x00000118   Code   RO         7466    i.__hardfp_acosf    m_wm.l(acosf.o)
    0x08009498   0x08009498   0x0000012c   Code   RO         7478    i.__hardfp_asinf    m_wm.l(asinf.o)
    0x080095c4   0x080095c4   0x000002ac   Code   RO         7490    i.__hardfp_atan2f   m_wm.l(atan2f.o)
    0x08009870   0x08009870   0x0000003a   Code   RO         7546    i.__hardfp_sqrtf    m_wm.l(sqrtf_full.o)
    0x080098aa   0x080098aa   0x00000006   Code   RO         7660    i.__mathlib_flt_infnan  m_wm.l(funder.o)
    0x080098b0   0x080098b0   0x00000006   Code   RO         7661    i.__mathlib_flt_infnan2  m_wm.l(funder.o)
    0x080098b6   0x080098b6   0x00000002   PAD
    0x080098b8   0x080098b8   0x00000010   Code   RO         7662    i.__mathlib_flt_invalid  m_wm.l(funder.o)
    0x080098c8   0x080098c8   0x00000010   Code   RO         7665    i.__mathlib_flt_underflow  m_wm.l(funder.o)
    0x080098d8   0x080098d8   0x0000000e   Code   RO         7737    i.__scatterload_copy  mc_w.l(handlers.o)
    0x080098e6   0x080098e6   0x00000002   Code   RO         7738    i.__scatterload_null  mc_w.l(handlers.o)
    0x080098e8   0x080098e8   0x0000000e   Code   RO         7739    i.__scatterload_zeroinit  mc_w.l(handlers.o)
    0x080098f6   0x080098f6   0x00000002   PAD
    0x080098f8   0x080098f8   0x0000000c   Code   RO         7713    i.__set_errno       mc_w.l(errno.o)
    0x08009904   0x08009904   0x00000138   Code   RO         6650    i.bmi088_accel_init  bmi088driver.o
    0x08009a3c   0x08009a3c   0x00000138   Code   RO         6651    i.bmi088_gyro_init  bmi088driver.o
    0x08009b74   0x08009b74   0x00000048   Code   RO         6465    i.can1_cap_setmsg   can1_send.o
    0x08009bbc   0x08009bbc   0x000000a8   Code   RO         6545    i.can2_chassis_to_gimbal  can2_send.o
    0x08009c64   0x08009c64   0x00000070   Code   RO         6546    i.can2_chassis_to_gimbal_referee  can2_send.o
    0x08009cd4   0x08009cd4   0x0000006c   Code   RO         7031    i.chassis_behaviour_choose  chassis_behaviour.o
    0x08009d40   0x08009d40   0x00000194   Code   RO         7032    i.chassis_behaviour_react  chassis_behaviour.o
    0x08009ed4   0x08009ed4   0x00000088   Code   RO         6501    i.chassis_can2_callback  can2_receive.o
    0x08009f5c   0x08009f5c   0x000000e8   Code   RO         6581    i.chassis_motor_9025_send  lk9025_communication.o
    0x0800a044   0x0800a044   0x000000b4   Code   RO         6582    i.chassis_motor_read_turns  lk9025_communication.o
    0x0800a0f8   0x0800a0f8   0x000000d8   Code   RO         7033    i.chassis_prevent_motion_distortion  chassis_behaviour.o
    0x0800a1d0   0x0800a1d0   0x00000090   Code   RO         7035    i.chassis_state_choose  chassis_behaviour.o
    0x0800a260   0x0800a260   0x00000080   Code   RO         7036    i.chassis_state_react  chassis_behaviour.o
    0x0800a2e0   0x0800a2e0   0x000000fc   Code   RO         7039    i.f_CHASSIS_FOLLOW  chassis_behaviour.o
    0x0800a3dc   0x0800a3dc   0x00000020   Code   RO         5423    i.float_constrain   user_lib.o
    0x0800a3fc   0x0800a3fc   0x000000b8   Code   RO         5425    i.float_min_distance  user_lib.o
    0x0800a4b4   0x0800a4b4   0x00000022   Code   RO         5426    i.float_rounding    user_lib.o
    0x0800a4d6   0x0800a4d6   0x00000002   PAD
    0x0800a4d8   0x0800a4d8   0x00000008   Code   RO         6583    i.get_chassis_motor_l_point  lk9025_communication.o
    0x0800a4e0   0x0800a4e0   0x00000008   Code   RO         6584    i.get_chassis_motor_r_point  lk9025_communication.o
    0x0800a4e8   0x0800a4e8   0x00000058   Code   RO         7047    i.get_chassis_speed  chassis_behaviour.o
    0x0800a540   0x0800a540   0x00000008   Code   RO         6502    i.get_gimbal_control_point  can2_receive.o
    0x0800a548   0x0800a548   0x00000008   Code   RO         6585    i.get_supercap_control_point  lk9025_communication.o
    0x0800a550   0x0800a550   0x00000008   Code   RO         6503    i.get_yaw_motor_measure_point  can2_receive.o
    0x0800a558   0x0800a558   0x00000048   Code   RO         5429    i.loop_float_constrain  user_lib.o
    0x0800a5a0   0x0800a5a0   0x00000048   Code   RO           16    i.main              main.o
    0x0800a5e8   0x0800a5e8   0x0000006c   Code   RO         7587    i.malloc            mc_w.l(malloc.o)
    0x0800a654   0x0800a654   0x00000004   PAD
    0x0800a658   0x0800a658   0x0000014c   Code   RO         7048    i.motor_lqr_calculate  chassis_behaviour.o
    0x0800a7a4   0x0800a7a4   0x00000010   Code   RO         4385    i.osDelay           cmsis_os.o
    0x0800a7b4   0x0800a7b4   0x0000000a   Code   RO         4388    i.osKernelStart     cmsis_os.o
    0x0800a7be   0x0800a7be   0x00000068   Code   RO         4422    i.osThreadCreate    cmsis_os.o
    0x0800a826   0x0800a826   0x00000024   Code   RO         5367    i.pid_clear         pid.o
    0x0800a84a   0x0800a84a   0x00000002   PAD
    0x0800a84c   0x0800a84c   0x0000007c   Code   RO         4058    i.prvAddCurrentTaskToDelayedList  tasks.o
    0x0800a8c8   0x0800a8c8   0x000000e4   Code   RO         4059    i.prvAddNewTaskToReadyList  tasks.o
    0x0800a9ac   0x0800a9ac   0x0000008c   Code   RO         4060    i.prvIdleTask       tasks.o
    0x0800aa38   0x0800aa38   0x0000002c   Code   RO         4806    i.prvTaskExitError  port.o
    0x0800aa64   0x0800aa64   0x00000190   Code   RO         4747    i.pvPortMalloc      heap_4.o
    0x0800abf4   0x0800abf4   0x0000002c   Code   RO         4807    i.pxPortInitialiseStack  port.o
    0x0800ac20   0x0800ac20   0x0000007a   Code   RO         5123    i.sliding_average_filter  filter.o
    0x0800ac9a   0x0800ac9a   0x00000006   PAD
    0x0800aca0   0x0800aca0   0x00000030   Code   RO         5125    i.sliding_average_filter_init  filter.o
    0x0800acd0   0x0800acd0   0x0000003e   Code   RO         7548    i.sqrtf             m_wm.l(sqrtf_full.o)
    0x0800ad0e   0x0800ad0e   0x00000002   PAD
    0x0800ad10   0x0800ad10   0x00000230   Code   RO         6373    i.ui_init           ui_task.o
    0x0800af40   0x0800af40   0x00000026   Code   RO         3741    i.uxListRemove      list.o
    0x0800af66   0x0800af66   0x00000002   PAD
    0x0800af68   0x0800af68   0x00000014   Code   RO          255    i.vApplicationGetIdleTaskMemory  freertos.o
    0x0800af7c   0x0800af7c   0x00000016   Code   RO         3742    i.vListInitialise   list.o
    0x0800af92   0x0800af92   0x00000006   Code   RO         3743    i.vListInitialiseItem  list.o
    0x0800af98   0x0800af98   0x0000003a   Code   RO         3744    i.vListInsert       list.o
    0x0800afd2   0x0800afd2   0x00000018   Code   RO         3745    i.vListInsertEnd    list.o
    0x0800afea   0x0800afea   0x00000002   PAD
    0x0800afec   0x0800afec   0x00000040   Code   RO         4809    i.vPortEnterCritical  port.o
    0x0800b02c   0x0800b02c   0x0000002c   Code   RO         4810    i.vPortExitCritical  port.o
    0x0800b058   0x0800b058   0x000000a8   Code   RO         4748    i.vPortFree         heap_4.o
    0x0800b100   0x0800b100   0x00000024   Code   RO         4811    i.vPortSetupTimerInterrupt  port.o
    0x0800b124   0x0800b124   0x0000004c   Code   RO         4070    i.vTaskDelay        tasks.o
    0x0800b170   0x0800b170   0x00000090   Code   RO         4071    i.vTaskDelayUntil   tasks.o
    0x0800b200   0x0800b200   0x000000fc   Code   RO         4072    i.vTaskDelete       tasks.o
    0x0800b2fc   0x0800b2fc   0x0000006c   Code   RO         4084    i.vTaskStartScheduler  tasks.o
    0x0800b368   0x0800b368   0x00000010   Code   RO         4086    i.vTaskSuspendAll   tasks.o
    0x0800b378   0x0800b378   0x0000005c   Code   RO         4087    i.vTaskSwitchContext  tasks.o
    0x0800b3d4   0x0800b3d4   0x00000104   Code   RO         4813    i.xPortStartScheduler  port.o
    0x0800b4d8   0x0800b4d8   0x000000c6   Code   RO         4091    i.xTaskCreate       tasks.o
    0x0800b59e   0x0800b59e   0x000000e2   Code   RO         4092    i.xTaskCreateStatic  tasks.o
    0x0800b680   0x0800b680   0x0000000c   Code   RO         4098    i.xTaskGetTickCount  tasks.o
    0x0800b68c   0x0800b68c   0x000000ec   Code   RO         4100    i.xTaskIncrementTick  tasks.o
    0x0800b778   0x0800b778   0x000001b8   Code   RO         4106    i.xTaskResumeAll    tasks.o
    0x0800b930   0x0800b930   0x00000038   Data   RO          257    .constdata          freertos.o
    0x0800b968   0x0800b968   0x00000008   Data   RO         1384    .constdata          stm32f4xx_hal_dma.o
    0x0800b970   0x0800b970   0x00000010   Data   RO         3610    .constdata          system_stm32f4xx.o
    0x0800b980   0x0800b980   0x00000008   Data   RO         3611    .constdata          system_stm32f4xx.o
    0x0800b988   0x0800b988   0x00000300   Data   RO         5902    .constdata          crc.o
    0x0800bc88   0x0800bc88   0x00000070   Data   RO         6104    .constdata          init_task.o
    0x0800bcf8   0x0800bcf8   0x00000030   Data   RO         6288    .constdata          ins_task.o
    0x0800bd28   0x0800bd28   0x00000090   Data   RO         6934    .constdata          quaternionekf.o
    0x0800bdb8   0x0800bdb8   0x00000804   Data   RO         7443    .constdata          arm_cortexM4lf_math.lib(arm_common_tables.o)
    0x0800c5bc   0x0800c5bc   0x00000018   Data   RO          258    .conststring        freertos.o
    0x0800c5d4   0x0800c5d4   0x0000002e   Data   RO         6105    .conststring        init_task.o
    0x0800c602   0x0800c602   0x00000002   PAD
    0x0800c604   0x0800c604   0x0000007b   Data   RO         6380    .conststring        ui_task.o
    0x0800c67f   0x0800c67f   0x00000001   PAD
    0x0800c680   0x0800c680   0x00000020   Data   RO         7735    Region$$Table       anon$$obj.o


    Execution Region RW_IRAM1 (Exec base: 0x20000000, Load base: 0x0800c6a0, Size: 0x000096c8, Max: 0x0001c000, ABSOLUTE, COMPRESSED[0x00000100])

    Exec Addr    Load Addr    Size         Type   Attr      Idx    E Section Name        Object

    0x20000000   COMPRESSED   0x00000008   Data   RW          259    .data               freertos.o
    0x20000008   COMPRESSED   0x00000004   Data   RW          308    .data               can.o
    0x2000000c   COMPRESSED   0x0000000c   Data   RW         1794    .data               stm32f4xx_hal.o
    0x20000018   COMPRESSED   0x00000004   Data   RW         3612    .data               system_stm32f4xx.o
    0x2000001c   COMPRESSED   0x0000003c   Data   RW         4109    .data               tasks.o
    0x20000058   COMPRESSED   0x00000020   Data   RW         4754    .data               heap_4.o
    0x20000078   COMPRESSED   0x0000000c   Data   RW         4814    .data               port.o
    0x20000084   COMPRESSED   0x00000008   Data   RW         5570    .data               bsp_dr16.o
    0x2000008c   COMPRESSED   0x00000004   PAD
    0x20000090   COMPRESSED   0x00000040   Data   RW         5807    .data               bsp_dwt.o
    0x200000d0   COMPRESSED   0x00000002   Data   RW         5903    .data               crc.o
    0x200000d2   COMPRESSED   0x00000002   Data   RW         5951    .data               bsp_referee.o
    0x200000d4   COMPRESSED   0x00000001   Data   RW         6008    .data               rm_cilent_ui.o
    0x200000d5   COMPRESSED   0x00000003   PAD
    0x200000d8   COMPRESSED   0x00000014   Data   RW         6106    .data               init_task.o
    0x200000ec   COMPRESSED   0x00000004   PAD
    0x200000f0   COMPRESSED   0x00000030   Data   RW         6200    .data               chassis_task.o
    0x20000120   COMPRESSED   0x00000004   Data   RW         6254    .data               task_safe.o
    0x20000124   COMPRESSED   0x00000044   Data   RW         6289    .data               ins_task.o
    0x20000168   COMPRESSED   0x00000024   Data   RW         6381    .data               ui_task.o
    0x2000018c   COMPRESSED   0x0000000a   Data   RW         6504    .data               can2_receive.o
    0x20000196   COMPRESSED   0x00000002   PAD
    0x20000198   COMPRESSED   0x00000048   Data   RW         6653    .data               bmi088driver.o
    0x200001e0   COMPRESSED   0x00000004   Data   RW         6717    .data               bmi088middleware.o
    0x200001e4   COMPRESSED   0x00000270   Data   RW         6776    .data               controller.o
    0x20000454   COMPRESSED   0x00000004   Data   RW         6864    .data               kalman_filter.o
    0x20000458   COMPRESSED   0x000000d4   Data   RW         6935    .data               quaternionekf.o
    0x2000052c   COMPRESSED   0x0000001c   Data   RW         7050    .data               chassis_behaviour.o
    0x20000548   COMPRESSED   0x00000004   Data   RW         7709    .data               mc_w.l(mvars.o)
    0x2000054c   COMPRESSED   0x00000004   Data   RW         7710    .data               mc_w.l(mvars.o)
    0x20000550   COMPRESSED   0x00000004   Data   RW         7714    .data               mc_w.l(errno.o)
    0x20000554        -       0x00000254   Zero   RW          256    .bss                freertos.o
    0x200007a8        -       0x00000050   Zero   RW          307    .bss                can.o
    0x200007f8        -       0x00000118   Zero   RW          379    .bss                spi.o
    0x20000910        -       0x00000048   Zero   RW          422    .bss                tim.o
    0x20000958        -       0x000001a8   Zero   RW          470    .bss                usart.o
    0x20000b00        -       0x00000048   Zero   RW          680    .bss                stm32f4xx_hal_timebase_tim.o
    0x20000b48        -       0x000000f0   Zero   RW         4108    .bss                tasks.o
    0x20000c38        -       0x00003c00   Zero   RW         4753    .bss                heap_4.o
    0x20004838        -       0x00000060   Zero   RW         5569    .bss                bsp_dr16.o
    0x20004898        -       0x0000021c   Zero   RW         5672    .bss                bsp_motor_encoder.o
    0x20004ab4        -       0x000003f7   Zero   RW         5949    .bss                bsp_referee.o
    0x20004eab        -       0x0000005a   Zero   RW         6007    .bss                rm_cilent_ui.o
    0x20004f05   COMPRESSED   0x00000003   PAD
    0x20004f08        -       0x00000208   Zero   RW         6199    .bss                chassis_task.o
    0x20005110        -       0x0000014c   Zero   RW         6287    .bss                ins_task.o
    0x2000525c        -       0x00000096   Zero   RW         6374    .bss                ui_task.o
    0x200052f2   COMPRESSED   0x00000002   PAD
    0x200052f4        -       0x00000018   Zero   RW         6467    .bss                can1_send.o
    0x2000530c        -       0x00000018   Zero   RW         6547    .bss                can2_send.o
    0x20005324   COMPRESSED   0x00000004   PAD
    0x20005328        -       0x000000f8   Zero   RW         6588    .bss                lk9025_communication.o
    0x20005420        -       0x00000040   Zero   RW         6652    .bss                bmi088driver.o
    0x20005460        -       0x00000268   Zero   RW         6933    .bss                quaternionekf.o
    0x200056c8        -       0x00002000   Zero   RW            2    HEAP                startup_stm32f407xx.o
    0x200076c8        -       0x00002000   Zero   RW            1    STACK               startup_stm32f407xx.o


    Execution Region RW_IRAM2 (Exec base: 0x2001c000, Load base: 0x0800c7a0, Size: 0x00000000, Max: 0x00004000, ABSOLUTE)

    **** No section assigned to this execution region ****


==============================================================================

Image component sizes


      Code (inc. data)   RO Data    RW Data    ZI Data      Debug   Object Name

      2420        114          0         72         64      10275   bmi088driver.o
       100         28          0          4          0       3056   bmi088middleware.o
       668         34          0          8         96       7334   bsp_dr16.o
       436         64          0         64          0       4262   bsp_dwt.o
       412          8          0          0        540     586639   bsp_motor_encoder.o
        44          0          0          0          0        966   bsp_pwm.o
      2120         30          0          2       1015       7338   bsp_referee.o
       380         36          0          4         80       2566   can.o
       100         14          0          0          0       1693   can1_receive.o
        72          8          0          0         24        834   can1_send.o
       212         26          0         10          0       3212   can2_receive.o
       280         20          0          0         24       2054   can2_send.o
      1672        222          0         28          0       7505   chassis_behaviour.o
       456         38          0         48        520       2418   chassis_task.o
       130          0          0          0          0      23357   cmsis_os.o
      1826         16          0        624          0       8672   controller.o
       296         28        768          2          0       4600   crc.o
       124          4          0          0          0        866   dma.o
         0          0          0          0          0      16800   event_groups.o
       170         10          0          0          0      17199   filter.o
        92         14         80          8        596       2610   freertos.o
       316         16          0          0          0       1151   gpio.o
       568         24          0         32      15360       6787   heap_4.o
       160         16        158         20          0      28338   init_task.o
      1622        108         48         68        332       9050   ins_task.o
      2364         18          0          4          0       6355   kalman_filter.o
       148          0          0          0          0       3634   list.o
       816         50          0          0        248       5828   lk9025_communication.o
       264         14          0          0          0       3265   lqr.o
       242         14          0          0          0     742550   main.o
      1200         14          0          0          0       5599   pid.o
       726         80          0         12          0      11132   port.o
      3262        168        144        212        616       9407   quaternionekf.o
       826         36          0          1         90      13654   rm_cilent_ui.o
       332         40          0          0        280       1971   spi.o
        36          8        392          0      16384        848   startup_stm32f407xx.o
       120         20          0         12          0       8794   stm32f4xx_hal.o
      1978          4          0          0          0      16577   stm32f4xx_hal_can.o
       166         10          0          0          0      32746   stm32f4xx_hal_cortex.o
      1172         20          8          0          0       5902   stm32f4xx_hal_dma.o
       548         22          0          0          0       3320   stm32f4xx_hal_gpio.o
        60         10          0          0          0        890   stm32f4xx_hal_msp.o
      1620        114          0          0          0       6181   stm32f4xx_hal_rcc.o
      1012         14          0          0          0       5218   stm32f4xx_hal_spi.o
      1698         38          0          0          0      11706   stm32f4xx_hal_tim.o
         4          0          0          0          0       1633   stm32f4xx_hal_tim_ex.o
       152         18          0          0         72       1519   stm32f4xx_hal_timebase_tim.o
      1742         22          0          0          0      12105   stm32f4xx_hal_uart.o
       164         58          0          0          0      14509   stm32f4xx_it.o
         0          0          0          0          0        376   stream_buffer.o
        16          4         24          4          0       1163   system_stm32f4xx.o
        24          6          0          4          0        516   task_safe.o
      2292        154          0         60        240      22806   tasks.o
       228         20          0          0         72       1990   tim.o
      1132        218        123         36        150       6079   ui_task.o
       524         68          0          0        424       2772   usart.o
      1154         10          0          0          0       7091   user_lib.o

    ----------------------------------------------------------------------
     40756       2154       1780       1352      37236    1727718   Object Totals
         0          0         32          0          0          0   (incl. Generated)
        58          4          3         13          9          0   (incl. Padding)

    ----------------------------------------------------------------------

      Code (inc. data)   RO Data    RW Data    ZI Data      Debug   Library Member Name

         0          0       2052          0          0       4704   arm_common_tables.o
       120         12          0          0          0      17170   arm_cos_f32.o
       264          0          0          0          0       1826   arm_mat_add_f32.o
         8          0          0          0          0        999   arm_mat_init_f32.o
      1328          4          0          0          0       4782   arm_mat_inverse_f32.o
       316          4          0          0          0       2375   arm_mat_mult_f32.o
       264          0          0          0          0       1826   arm_mat_sub_f32.o
       276          0          0          0          0       2240   arm_mat_trans_f32.o
       148         18          0          0          0        814   arm_sin_f32.o
       280         46          0          0          0        176   acosf.o
       300         42          0          0          0        176   asinf.o
       684         90          0          0          0        208   atan2f.o
        38          0          0          0          0        116   fpclassifyf.o
        44         12          0          0          0        464   funder.o
       120          0          0          0          0        272   sqrtf_full.o
        86          0          0          0          0          0   __dczerorl2.o
         0          0          0          0          0          0   entry.o
         0          0          0          0          0          0   entry10a.o
         0          0          0          0          0          0   entry11a.o
         4          0          0          0          0          0   entry12b.o
         8          4          0          0          0          0   entry2.o
         4          0          0          0          0          0   entry5.o
         0          0          0          0          0          0   entry7b.o
         0          0          0          0          0          0   entry8b.o
         8          4          0          0          0          0   entry9a.o
        12          6          0          4          0         68   errno.o
        30          0          0          0          0          0   handlers.o
        36          8          0          0          0         68   init.o
         0          0          0          0          0          0   iusefp.o
        98          0          0          0          0         84   ldiv.o
        30          0          0          0          0         68   llshl.o
        36          0          0          0          0         68   llsshr.o
        32          0          0          0          0         68   llushr.o
       108         16          0          0          0         84   malloc.o
        36          0          0          0          0         68   memcpya.o
        36          0          0          0          0        108   memseta.o
         0          0          0          8          0          0   mvars.o
        18          0          0          0          0         68   strcpy.o
        14          0          0          0          0         68   strlen.o
        98          0          0          0          0         92   uldiv.o
        56          0          0          0          0         88   d2f.o
       334          0          0          0          0        148   dadd.o
       222          0          0          0          0        100   ddiv.o
       186          0          0          0          0        176   depilogue.o
        62          0          0          0          0         80   dfixi.o
        50          0          0          0          0         76   dfixui.o
        34          0          0          0          0         76   dflti.o
        40          0          0          0          0         80   dfltl.o
       228          0          0          0          0         96   dmul.o
        38          0          0          0          0         68   f2d.o
       110          0          0          0          0        168   fepilogue.o

    ----------------------------------------------------------------------
      6260        270       2052         12          0      40216   Library Totals
        16          4          0          0          0          0   (incl. Padding)

    ----------------------------------------------------------------------

      Code (inc. data)   RO Data    RW Data    ZI Data      Debug   Library Name

      2724         38       2052          0          0      36736   arm_cortexM4lf_math.lib
      1466        190          0          0          0       1412   m_wm.l
       694         38          0         12          0        912   mc_w.l
      1360          0          0          0          0       1156   mf_w.l

    ----------------------------------------------------------------------
      6260        270       2052         12          0      40216   Library Totals

    ----------------------------------------------------------------------

==============================================================================


      Code (inc. data)   RO Data    RW Data    ZI Data      Debug   

     47016       2424       3832       1364      37236    1743078   Grand Totals
     47016       2424       3832        256      37236    1743078   ELF Image Totals (compressed)
     47016       2424       3832        256          0          0   ROM Totals

==============================================================================

    Total RO  Size (Code + RO Data)                50848 (  49.66kB)
    Total RW  Size (RW Data + ZI Data)             38600 (  37.70kB)
    Total ROM Size (Code + RO Data + RW Data)      51104 (  49.91kB)

==============================================================================

