Component: ARM Compiler 5.06 update 7 (build 960) Tool: armlink [4d3601]

==============================================================================

Section Cross References

    startup_stm32f407xx.o(STACK) refers (Special) to heapauxi.o(.text) for __use_two_region_memory
    startup_stm32f407xx.o(HEAP) refers (Special) to heapauxi.o(.text) for __use_two_region_memory
    startup_stm32f407xx.o(RESET) refers (Special) to heapauxi.o(.text) for __use_two_region_memory
    startup_stm32f407xx.o(RESET) refers to startup_stm32f407xx.o(STACK) for __initial_sp
    startup_stm32f407xx.o(RESET) refers to startup_stm32f407xx.o(.text) for Reset_Handler
    startup_stm32f407xx.o(RESET) refers to stm32f4xx_it.o(i.NMI_Handler) for NMI_Handler
    startup_stm32f407xx.o(RESET) refers to stm32f4xx_it.o(i.HardFault_Handler) for HardFault_Handler
    startup_stm32f407xx.o(RESET) refers to stm32f4xx_it.o(i.MemManage_Handler) for MemManage_Handler
    startup_stm32f407xx.o(RESET) refers to stm32f4xx_it.o(i.BusFault_Handler) for BusFault_Handler
    startup_stm32f407xx.o(RESET) refers to stm32f4xx_it.o(i.UsageFault_Handler) for UsageFault_Handler
    startup_stm32f407xx.o(RESET) refers to port.o(.emb_text) for SVC_Handler
    startup_stm32f407xx.o(RESET) refers to stm32f4xx_it.o(i.DebugMon_Handler) for DebugMon_Handler
    startup_stm32f407xx.o(RESET) refers to port.o(i.SysTick_Handler) for SysTick_Handler
    startup_stm32f407xx.o(RESET) refers to stm32f4xx_it.o(i.EXTI4_IRQHandler) for EXTI4_IRQHandler
    startup_stm32f407xx.o(RESET) refers to stm32f4xx_it.o(i.DMA1_Stream1_IRQHandler) for DMA1_Stream1_IRQHandler
    startup_stm32f407xx.o(RESET) refers to stm32f4xx_it.o(i.CAN1_RX0_IRQHandler) for CAN1_RX0_IRQHandler
    startup_stm32f407xx.o(RESET) refers to stm32f4xx_it.o(i.EXTI9_5_IRQHandler) for EXTI9_5_IRQHandler
    startup_stm32f407xx.o(RESET) refers to stm32f4xx_it.o(i.TIM1_UP_TIM10_IRQHandler) for TIM1_UP_TIM10_IRQHandler
    startup_stm32f407xx.o(RESET) refers to stm32f4xx_it.o(i.USART3_IRQHandler) for USART3_IRQHandler
    startup_stm32f407xx.o(RESET) refers to stm32f4xx_it.o(i.DMA2_Stream0_IRQHandler) for DMA2_Stream0_IRQHandler
    startup_stm32f407xx.o(RESET) refers to stm32f4xx_it.o(i.DMA2_Stream1_IRQHandler) for DMA2_Stream1_IRQHandler
    startup_stm32f407xx.o(RESET) refers to stm32f4xx_it.o(i.DMA2_Stream3_IRQHandler) for DMA2_Stream3_IRQHandler
    startup_stm32f407xx.o(RESET) refers to stm32f4xx_it.o(i.CAN2_RX0_IRQHandler) for CAN2_RX0_IRQHandler
    startup_stm32f407xx.o(RESET) refers to stm32f4xx_it.o(i.OTG_FS_IRQHandler) for OTG_FS_IRQHandler
    startup_stm32f407xx.o(RESET) refers to stm32f4xx_it.o(i.DMA2_Stream6_IRQHandler) for DMA2_Stream6_IRQHandler
    startup_stm32f407xx.o(RESET) refers to stm32f4xx_it.o(i.USART6_IRQHandler) for USART6_IRQHandler
    startup_stm32f407xx.o(.text) refers (Special) to heapauxi.o(.text) for __use_two_region_memory
    startup_stm32f407xx.o(.text) refers to system_stm32f4xx.o(i.SystemInit) for SystemInit
    startup_stm32f407xx.o(.text) refers to __main.o(!!!main) for __main
    startup_stm32f407xx.o(.text) refers to startup_stm32f407xx.o(HEAP) for Heap_Mem
    startup_stm32f407xx.o(.text) refers to startup_stm32f407xx.o(STACK) for Stack_Mem
    main.o(i.HAL_TIM_PeriodElapsedCallback) refers to stm32f4xx_hal.o(i.HAL_IncTick) for HAL_IncTick
    main.o(i.SystemClock_Config) refers to rt_memclr_w.o(.text) for __aeabi_memclr4
    main.o(i.SystemClock_Config) refers to stm32f4xx_hal_rcc.o(i.HAL_RCC_OscConfig) for HAL_RCC_OscConfig
    main.o(i.SystemClock_Config) refers to stm32f4xx_hal_rcc.o(i.HAL_RCC_ClockConfig) for HAL_RCC_ClockConfig
    main.o(i.main) refers to stm32f4xx_hal.o(i.HAL_Init) for HAL_Init
    main.o(i.main) refers to main.o(i.SystemClock_Config) for SystemClock_Config
    main.o(i.main) refers to gpio.o(i.MX_GPIO_Init) for MX_GPIO_Init
    main.o(i.main) refers to dma.o(i.MX_DMA_Init) for MX_DMA_Init
    main.o(i.main) refers to can.o(i.MX_CAN1_Init) for MX_CAN1_Init
    main.o(i.main) refers to can.o(i.MX_CAN2_Init) for MX_CAN2_Init
    main.o(i.main) refers to spi.o(i.MX_SPI1_Init) for MX_SPI1_Init
    main.o(i.main) refers to usart.o(i.MX_USART3_UART_Init) for MX_USART3_UART_Init
    main.o(i.main) refers to usart.o(i.MX_USART6_UART_Init) for MX_USART6_UART_Init
    main.o(i.main) refers to tim.o(i.MX_TIM10_Init) for MX_TIM10_Init
    main.o(i.main) refers to segger_sysview_config_freertos.o(i.SEGGER_SYSVIEW_Conf) for SEGGER_SYSVIEW_Conf
    main.o(i.main) refers to bsp_dwt.o(i.DWT_Init) for DWT_Init
    main.o(i.main) refers to bmi088driver.o(i.BMI088_init) for BMI088_init
    main.o(i.main) refers to freertos.o(i.MX_FREERTOS_Init) for MX_FREERTOS_Init
    main.o(i.main) refers to cmsis_os.o(i.osKernelStart) for osKernelStart
    main.o(i.main) refers to spi.o(.bss) for hspi1
    gpio.o(i.MX_GPIO_Init) refers to rt_memclr_w.o(.text) for __aeabi_memclr4
[...]
    sinTable_f32                             0x0800e58c   Data        2052  arm_common_tables.o(.constdata)
    Region$$Table$$Base                      0x0800ede8   Number         0  anon$$obj.o(Region$$Table)
    Region$$Table$$Limit                     0x0800ee08   Number         0  anon$$obj.o(Region$$Table)
    defaultTaskHandle                        0x20000000   Data           4  freertos.o(.data)
    Init_TASKHandle                          0x20000004   Data           4  freertos.o(.data)
    FS_Desc                                  0x2000000c   Data          28  usbd_desc.o(.data)
    USBD_LangIDDesc                          0x20000028   Data           4  usbd_desc.o(.data)
    USBD_FS_DeviceDesc                       0x2000002c   Data          18  usbd_desc.o(.data)
    USBD_StringSerial                        0x20000040   Data          26  usbd_desc.o(.data)
    USBD_Interface_fops_FS                   0x2000005c   Data          20  usbd_cdc_if.o(.data)
    uwTickFreq                               0x20000070   Data           1  stm32f4xx_hal.o(.data)
    uwTickPrio                               0x20000074   Data           4  stm32f4xx_hal.o(.data)
    uwTick                                   0x20000078   Data           4  stm32f4xx_hal.o(.data)
    SystemCoreClock                          0x2000007c   Data           4  system_stm32f4xx.o(.data)
    pxCurrentTCB                             0x20000080   Data           4  tasks.o(.data)
    USBD_CDC                                 0x20000140   Data          56  usbd_cdc.o(.data)
    SysTime                                  0x200001c8   Data           8  bsp_dwt.o(.data)
    CYCCNT64                                 0x200001d0   Data           8  bsp_dwt.o(.data)
    k_yaw_lqr                                0x200001d8   Data          16  gimbal_task.o(.data)
    k_pitch_lqr                              0x200001e8   Data          16  gimbal_task.o(.data)
    Safe_TASKHandle                          0x200001f8   Data           4  init_task.o(.data)
    TASK_GIMBALHandle                        0x200001fc   Data           4  init_task.o(.data)
    ShootTask_Handler                        0x20000200   Data           4  init_task.o(.data)
    INS_TASKHandle                           0x20000204   Data           4  init_task.o(.data)
    Virtual_TASKHandle                       0x20000208   Data           4  init_task.o(.data)
    INS_DWT_Count                            0x2000020c   Data           4  ins_task.o(.data)
    RefTemp                                  0x20000218   Data           4  ins_task.o(.data)
    auto_control_p                           0x20000254   Data           4  virtual_task.o(.data)
    see_pitch_output                         0x20000282   Data           2  can1_send.o(.data)
    see_yaw_output                           0x20000284   Data           2  can1_send.o(.data)
    caliOffset                               0x2000028f   Data           1  bmi088driver.o(.data)
    caliCount                                0x20000290   Data           2  bmi088driver.o(.data)
    BMI088_ACCEL_SEN                         0x20000298   Data           4  bmi088driver.o(.data)
    BMI088_GYRO_SEN                          0x2000029c   Data           4  bmi088driver.o(.data)
    gNormDiff                                0x200002a4   Data           4  bmi088driver.o(.data)
    BMI088_SPI                               0x200002d4   Data           4  bmi088middleware.o(.data)
    sizeof_float                             0x200002d8   Data           2  kalman_filter.o(.data)
    sizeof_double                            0x200002da   Data           2  kalman_filter.o(.data)
    IMU_QuaternionEKF_P                      0x20000320   Data         144  quaternionekf.o(.data)
    Gimbal_pitch                             0x200003b4   Data           4  gimbal_behaviour.o(.data)
    Gimbal_yaw                               0x200003b8   Data           4  gimbal_behaviour.o(.data)
    k1                                       0x200003bc   Data           4  gimbal_behaviour.o(.data)
    hcan1                                    0x20000628   Data          40  can.o(.bss)
    hcan2                                    0x20000650   Data          40  can.o(.bss)
    hspi1                                    0x20000678   Data          88  spi.o(.bss)
    hdma_spi1_rx                             0x200006d0   Data          96  spi.o(.bss)
    hdma_spi1_tx                             0x20000730   Data          96  spi.o(.bss)
    htim10                                   0x20000790   Data          72  tim.o(.bss)
    huart3                                   0x200007d8   Data          68  usart.o(.bss)
    huart6                                   0x2000081c   Data          68  usart.o(.bss)
    hdma_usart3_rx                           0x20000860   Data          96  usart.o(.bss)
    hdma_usart6_rx                           0x200008c0   Data          96  usart.o(.bss)
    hdma_usart6_tx                           0x20000920   Data          96  usart.o(.bss)
    htim1                                    0x20000980   Data          72  stm32f4xx_hal_timebase_tim.o(.bss)
    hUsbDeviceFS                             0x200009c8   Data         732  usb_device.o(.bss)
    USBD_StrDesc                             0x20000ca4   Data         512  usbd_desc.o(.bss)
    UserRxBufferFS                           0x20000ea4   Data        2048  usbd_cdc_if.o(.bss)
    UserTxBufferFS                           0x200016a4   Data        2048  usbd_cdc_if.o(.bss)
    hpcd_USB_OTG_FS                          0x200020c4   Data        1292  usbd_conf.o(.bss)
    Sbus_RX_Buffer                           0x200062d8   Data          72  bsp_dr16.o(.bss)
    CAN_Encoder                              0x20006320   Data         540  bsp_motor_encoder.o(.bss)
    Referee_RX_Buffer                        0x2000653c   Data         512  bsp_referee.o(.bss)
    referee                                  0x2000673c   Data         503  bsp_referee.o(.bss)
    Gimbal_Control                           0x20006938   Data         496  gimbal_task.o(.bss)
    TempCtrl                                 0x20006b28   Data         170  ins_task.o(.bss)
    INS                                      0x20006bd4   Data         132  ins_task.o(.bss)
    IMU_Param                                0x20006c58   Data          28  ins_task.o(.bss)
    fire_control_p                           0x20006c74   Data         604  fire_task.o(.bss)
    gyroDiff                                 0x20006f00   Data          12  bmi088driver.o(.bss)
    BMI088                                   0x20006f0c   Data          52  bmi088driver.o(.bss)
    QEKF_INS                                 0x20006f40   Data         472  quaternionekf.o(.bss)
    IMU_QuaternionEKF_K                      0x20007118   Data          72  quaternionekf.o(.bss)
    IMU_QuaternionEKF_H                      0x20007160   Data          72  quaternionekf.o(.bss)
    _SEGGER_RTT                              0x200071a8   Data         168  segger_rtt.o(.bss)
    __libspace_start                         0x20007c0c   Data          96  libspace.o(.bss)
    __temporary_stack_top$libspace           0x20007c6c   Data           0  libspace.o(.bss)



==============================================================================

Memory Map of the image

  Image Entry point : 0x08000189

  Load Region LR_IROM1 (Base: 0x08000000, Size: 0x0000f1dc, Max: 0x00100000, ABSOLUTE, COMPRESSED[0x0000ef3c])

    Execution Region ER_IROM1 (Exec base: 0x08000000, Load base: 0x08000000, Size: 0x0000ee08, Max: 0x00100000, ABSOLUTE)

    Exec Addr    Load Addr    Size         Type   Attr      Idx    E Section Name        Object

    0x08000000   0x08000000   0x00000188   Data   RO            3    RESET               startup_stm32f407xx.o
    0x08000188   0x08000188   0x00000008   Code   RO         9945  * !!!main             c_w.l(__main.o)
    0x08000190   0x08000190   0x00000034   Code   RO        10542    !!!scatter          c_w.l(__scatter.o)
    0x080001c4   0x080001c4   0x0000005a   Code   RO        10540    !!dczerorl2         c_w.l(__dczerorl2.o)
    0x0800021e   0x0800021e   0x00000002   PAD
    0x08000220   0x08000220   0x0000001c   Code   RO        10544    !!handler_zi        c_w.l(__scatter_zi.o)
    0x0800023c   0x0800023c   0x00000002   Code   RO        10470    .ARM.Collect$$libinit$$00000000  c_w.l(libinit.o)
    0x0800023e   0x0800023e   0x00000004   Code   RO        10196    .ARM.Collect$$libinit$$00000001  c_w.l(libinit2.o)
    0x08000242   0x08000242   0x00000000   Code   RO        10199    .ARM.Collect$$libinit$$00000004  c_w.l(libinit2.o)
    0x08000242   0x08000242   0x00000008   Code   RO        10200    .ARM.Collect$$libinit$$00000005  c_w.l(libinit2.o)
    0x0800024a   0x0800024a   0x00000000   Code   RO        10202    .ARM.Collect$$libinit$$0000000A  c_w.l(libinit2.o)
    0x0800024a   0x0800024a   0x00000000   Code   RO        10204    .ARM.Collect$$libinit$$0000000C  c_w.l(libinit2.o)
    0x0800024a   0x0800024a   0x00000000   Code   RO        10206    .ARM.Collect$$libinit$$0000000E  c_w.l(libinit2.o)
    0x0800024a   0x0800024a   0x00000000   Code   RO        10209    .ARM.Collect$$libinit$$00000011  c_w.l(libinit2.o)
    0x0800024a   0x0800024a   0x00000000   Code   RO        10211    .ARM.Collect$$libinit$$00000013  c_w.l(libinit2.o)
    0x0800024a   0x0800024a   0x00000000   Code   RO        10213    .ARM.Collect$$libinit$$00000015  c_w.l(libinit2.o)
    0x0800024a   0x0800024a   0x00000000   Code   RO        10215    .ARM.Collect$$libinit$$00000017  c_w.l(libinit2.o)
    0x0800024a   0x0800024a   0x00000000   Code   RO        10217    .ARM.Collect$$libinit$$00000019  c_w.l(libinit2.o)
    0x0800024a   0x0800024a   0x00000000   Code   RO        10219    .ARM.Collect$$libinit$$0000001B  c_w.l(libinit2.o)
    0x0800024a   0x0800024a   0x00000000   Code   RO        10221    .ARM.Collect$$libinit$$0000001D  c_w.l(libinit2.o)
    0x0800024a   0x0800024a   0x00000000   Code   RO        10223    .ARM.Collect$$libinit$$0000001F  c_w.l(libinit2.o)
    0x0800024a   0x0800024a   0x00000000   Code   RO        10225    .ARM.Collect$$libinit$$00000021  c_w.l(libinit2.o)
    0x0800024a   0x0800024a   0x00000000   Code   RO        10227    .ARM.Collect$$libinit$$00000023  c_w.l(libinit2.o)
    0x0800024a   0x0800024a   0x00000000   Code   RO        10229    .ARM.Collect$$libinit$$00000025  c_w.l(libinit2.o)
    0x0800024a   0x0800024a   0x00000000   Code   RO        10233    .ARM.Collect$$libinit$$0000002C  c_w.l(libinit2.o)
    0x0800024a   0x0800024a   0x00000000   Code   RO        10235    .ARM.Collect$$libinit$$0000002E  c_w.l(libinit2.o)
    0x0800024a   0x0800024a   0x00000000   Code   RO        10237    .ARM.Collect$$libinit$$00000030  c_w.l(libinit2.o)
    0x0800024a   0x0800024a   0x00000000   Code   RO        10239    .ARM.Collect$$libinit$$00000032  c_w.l(libinit2.o)
    0x0800024a   0x0800024a   0x00000002   Code   RO        10240    .ARM.Collect$$libinit$$00000033  c_w.l(libinit2.o)
    0x0800024c   0x0800024c   0x00000002   Code   RO        10537    .ARM.Collect$$libshutdown$$00000000  c_w.l(libshutdown.o)
    0x0800024e   0x0800024e   0x00000000   Code   RO        10493    .ARM.Collect$$libshutdown$$00000002  c_w.l(libshutdown2.o)
    0x0800024e   0x0800024e   0x00000000   Code   RO        10495    .ARM.Collect$$libshutdown$$00000004  c_w.l(libshutdown2.o)
    0x0800024e   0x0800024e   0x00000000   Code   RO        10497    .ARM.Collect$$libshutdown$$00000006  c_w.l(libshutdown2.o)
    0x0800024e   0x0800024e   0x00000000   Code   RO        10500    .ARM.Collect$$libshutdown$$00000009  c_w.l(libshutdown2.o)
    0x0800024e   0x0800024e   0x00000000   Code   RO        10503    .ARM.Collect$$libshutdown$$0000000C  c_w.l(libshutdown2.o)
    0x0800024e   0x0800024e   0x00000000   Code   RO        10505    .ARM.Collect$$libshutdown$$0000000E  c_w.l(libshutdown2.o)
    0x0800024e   0x0800024e   0x00000000   Code   RO        10508    .ARM.Collect$$libshutdown$$00000011  c_w.l(libshutdown2.o)
    0x0800024e   0x0800024e   0x00000002   Code   RO        10509    .ARM.Collect$$libshutdown$$00000012  c_w.l(libshutdown2.o)
    0x08000250   0x08000250   0x00000000   Code   RO        10069    .ARM.Collect$$rtentry$$00000000  c_w.l(__rtentry.o)
    0x08000250   0x08000250   0x00000000   Code   RO        10329    .ARM.Collect$$rtentry$$00000002  c_w.l(__rtentry2.o)
    0x08000250   0x08000250   0x00000006   Code   RO        10341    .ARM.Collect$$rtentry$$00000004  c_w.l(__rtentry4.o)
    0x08000256   0x08000256   0x00000000   Code   RO        10331    .ARM.Collect$$rtentry$$00000009  c_w.l(__rtentry2.o)
    0x08000256   0x08000256   0x00000004   Code   RO        10332    .ARM.Collect$$rtentry$$0000000A  c_w.l(__rtentry2.o)
    0x0800025a   0x0800025a   0x00000000   Code   RO        10334    .ARM.Collect$$rtentry$$0000000C  c_w.l(__rtentry2.o)
    0x0800025a   0x0800025a   0x00000008   Code   RO        10335    .ARM.Collect$$rtentry$$0000000D  c_w.l(__rtentry2.o)
    0x08000262   0x08000262   0x00000002   Code   RO        10475    .ARM.Collect$$rtexit$$00000000  c_w.l(rtexit.o)
    0x08000264   0x08000264   0x00000000   Code   RO        10513    .ARM.Collect$$rtexit$$00000002  c_w.l(rtexit2.o)
    0x08000264   0x08000264   0x00000004   Code   RO        10514    .ARM.Collect$$rtexit$$00000003  c_w.l(rtexit2.o)
    0x08000268   0x08000268   0x00000006   Code   RO        10515    .ARM.Collect$$rtexit$$00000004  c_w.l(rtexit2.o)
    0x0800026e   0x0800026e   0x00000002   PAD
    0x08000270   0x08000270   0x000000be   Code   RO         6116    .emb_text           port.o
    0x0800032e   0x0800032e   0x00000002   PAD
    0x08000330   0x08000330   0x00000000   Code   RO        10352    .emb_text           c_w.l(maybetermalloc1.o)
    0x08000330   0x08000330   0x00000040   Code   RO            4    .text               startup_stm32f407xx.o
    0x08000370   0x08000370   0x00000078   Code   RO         9559    .text               arm_cortexM4lf_math.lib(arm_cos_f32.o)
    0x080003e8   0x080003e8   0x00000094   Code   RO         9609    .text               arm_cortexM4lf_math.lib(arm_sin_f32.o)
    0x0800047c   0x0800047c   0x00000108   Code   RO         9633    .text               arm_cortexM4lf_math.lib(arm_mat_add_f32.o)
    0x08000584   0x08000584   0x00000008   Code   RO         9657    .text               arm_cortexM4lf_math.lib(arm_mat_init_f32.o)
    0x0800058c   0x0800058c   0x00000530   Code   RO         9681    .text               arm_cortexM4lf_math.lib(arm_mat_inverse_f32.o)
    0x08000abc   0x08000abc   0x0000013c   Code   RO         9705    .text               arm_cortexM4lf_math.lib(arm_mat_mult_f32.o)
    0x08000bf8   0x08000bf8   0x00000108   Code   RO         9729    .text               arm_cortexM4lf_math.lib(arm_mat_sub_f32.o)
    0x08000d00   0x08000d00   0x00000114   Code   RO         9753    .text               arm_cortexM4lf_math.lib(arm_mat_trans_f32.o)
    0x08000e14   0x08000e14   0x0000005e   Code   RO         9862    .text               c_w.l(h1_alloc.o)
    0x08000e72   0x08000e72   0x0000004e   Code   RO         9864    .text               c_w.l(h1_free.o)
    0x08000ec0   0x08000ec0   0x000000ee   Code   RO         9920    .text               c_w.l(lludivv7m.o)
    0x08000fae   0x08000fae   0x0000008a   Code   RO         9933    .text               c_w.l(rt_memcpy_v6.o)
    0x08001038   0x08001038   0x00000064   Code   RO         9935    .text               c_w.l(rt_memcpy_w.o)
    0x0800109c   0x0800109c   0x00000044   Code   RO         9939    .text               c_w.l(rt_memclr.o)
    0x080010e0   0x080010e0   0x0000004e   Code   RO         9941    .text               c_w.l(rt_memclr_w.o)
    0x0800112e   0x0800112e   0x00000006   Code   RO         9943    .text               c_w.l(heapauxi.o)
    0x08001134   0x08001134   0x00000008   Code   RO        10077    .text               c_w.l(rt_heap_descriptor_intlibspace.o)
    0x0800113c   0x0800113c   0x00000004   Code   RO        10079    .text               c_w.l(hguard.o)
    0x08001140   0x08001140   0x0000008a   Code   RO        10081    .text               c_w.l(init_alloc.o)
    0x080011ca   0x080011ca   0x0000000e   Code   RO        10085    .text               c_w.l(h1_init.o)
    0x080011d8   0x080011d8   0x00000016   Code   RO        10099    .text               c_w.l(_rserrno.o)
    0x080011ee   0x080011ee   0x00000002   PAD
    0x080011f0   0x080011f0   0x00000008   Code   RO        10325    .text               c_w.l(libspace.o)
    0x080011f8   0x080011f8   0x00000008   Code   RO        10348    .text               c_w.l(rt_errno_addr_intlibspace.o)
    0x08001200   0x08001200   0x00000034   Code   RO        10354    .text               c_w.l(h1_extend.o)
    0x08001234   0x08001234   0x00000030   Code   RO        10360    .text               c_w.l(_fptrap.o)
    0x08001264   0x08001264   0x0000000e   Code   RO        10378    .text               c_w.l(defsig_rtmem_outer.o)
    0x08001272   0x08001272   0x00000002   Code   RO        10405    .text               c_w.l(use_no_semi.o)
    0x08001274   0x08001274   0x00000000   Code   RO        10407    .text               c_w.l(indicate_semi.o)
    0x08001274   0x08001274   0x0000004a   Code   RO        10408    .text               c_w.l(sys_stackheap_outer.o)
    0x080012be   0x080012be   0x00000012   Code   RO        10451    .text               c_w.l(exit.o)
    0x080012d0   0x080012d0   0x0000000a   Code   RO        10453    .text               c_w.l(defsig_exit.o)
    0x080012da   0x080012da   0x0000000e   Code   RO        10455    .text               c_w.l(defsig_fpe_outer.o)
    0x080012e8   0x080012e8   0x00000050   Code   RO        10459    .text               c_w.l(defsig_rtmem_inner.o)
    0x08001338   0x08001338   0x0000000c   Code   RO        10473    .text               c_w.l(sys_exit.o)
    0x08001344   0x08001344   0x00000032   Code   RO        10486    .text               c_w.l(defsig_general.o)
    0x08001376   0x08001376   0x00000002   PAD
    0x08001378   0x08001378   0x000000ac   Code   RO        10488    .text               c_w.l(defsig_fpe_inner.o)
    0x08001424   0x08001424   0x0000000e   Code   RO        10510    .text               c_w.l(sys_wrch.o)
    0x08001432   0x08001432   0x00000002   PAD
    0x08001434   0x08001434   0x00000010   Code   RO         8363    i.BMI088_ACCEL_NS_H  bmi088middleware.o
    0x08001444   0x08001444   0x00000010   Code   RO         8364    i.BMI088_ACCEL_NS_L  bmi088middleware.o
    0x08001454   0x08001454   0x00000010   Code   RO         8365    i.BMI088_GYRO_NS_H  bmi088middleware.o
    0x08001464   0x08001464   0x00000010   Code   RO         8366    i.BMI088_GYRO_NS_L  bmi088middleware.o
    0x08001474   0x08001474   0x000001ac   Code   RO         8282    i.BMI088_Read       bmi088driver.o
    0x08001620   0x08001620   0x00000080   Code   RO         8283    i.BMI088_init       bmi088driver.o
    0x080016a0   0x080016a0   0x00000024   Code   RO         8284    i.BMI088_read_muli_reg  bmi088driver.o
    0x080016c4   0x080016c4   0x00000016   Code   RO         8285    i.BMI088_read_single_reg  bmi088driver.o
    0x080016da   0x080016da   0x00000002   PAD
    0x080016dc   0x080016dc   0x00000024   Code   RO         8367    i.BMI088_read_write_byte  bmi088middleware.o
    0x08001700   0x08001700   0x00000012   Code   RO         8286    i.BMI088_write_single_reg  bmi088driver.o
    0x08001712   0x08001712   0x0000003a   Code   RO         7429    i.Block_Detect      bsp_motor_encoder.o
    0x0800174c   0x0800174c   0x000000ea   Code   RO         7884    i.BodyFrameToEarthFrame  ins_task.o
    0x08001836   0x08001836   0x00000002   Code   RO          565    i.BusFault_Handler  stm32f4xx_it.o
    0x08001838   0x08001838   0x0000000c   Code   RO          566    i.CAN1_RX0_IRQHandler  stm32f4xx_it.o
    0x08001844   0x08001844   0x00000038   Code   RO         8102    i.CAN1_filter_config  can1_receive.o
    0x0800187c   0x0800187c   0x0000000c   Code   RO          567    i.CAN2_RX0_IRQHandler  stm32f4xx_it.o
    0x08001888   0x08001888   0x0000003c   Code   RO         8216    i.CAN2_filter_config  can2_receive.o
    0x080018c4   0x080018c4   0x000000c4   Code   RO         7431    i.CAN_DATA_Encoder_Deal  bsp_motor_encoder.o
    0x08001988   0x08001988   0x00000004   Code   RO          902    i.CDC_Control_FS    usbd_cdc_if.o
    0x0800198c   0x0800198c   0x00000004   Code   RO          903    i.CDC_DeInit_FS     usbd_cdc_if.o
    0x08001990   0x08001990   0x00000024   Code   RO          904    i.CDC_Init_FS       usbd_cdc_if.o
    0x080019b4   0x080019b4   0x00000030   Code   RO          905    i.CDC_Receive_FS    usbd_cdc_if.o
    0x080019e4   0x080019e4   0x00000004   Code   RO          906    i.CDC_TransmitCplt_FS  usbd_cdc_if.o
    0x080019e8   0x080019e8   0x0000002c   Code   RO          907    i.CDC_Transmit_FS   usbd_cdc_if.o
    0x08001a14   0x08001a14   0x00000404   Code   RO         8287    i.Calibrate_MPU_Offset  bmi088driver.o
    0x08001e18   0x08001e18   0x00000092   Code   RO         7033    i.Changing_Integration_Rate  pid.o
    0x08001eaa   0x08001eaa   0x00000002   PAD
    0x08001eac   0x08001eac   0x0000000c   Code   RO          568    i.DMA1_Stream1_IRQHandler  stm32f4xx_it.o
    0x08001eb8   0x08001eb8   0x0000000c   Code   RO          569    i.DMA2_Stream0_IRQHandler  stm32f4xx_it.o
    0x08001ec4   0x08001ec4   0x0000000c   Code   RO          570    i.DMA2_Stream1_IRQHandler  stm32f4xx_it.o
    0x08001ed0   0x08001ed0   0x0000000c   Code   RO          571    i.DMA2_Stream3_IRQHandler  stm32f4xx_it.o
    0x08001edc   0x08001edc   0x0000000c   Code   RO          572    i.DMA2_Stream6_IRQHandler  stm32f4xx_it.o
    0x08001ee8   0x08001ee8   0x00000028   Code   RO         2290    i.DMA_CalcBaseAndBitshift  stm32f4xx_hal_dma.o
    0x08001f10   0x08001f10   0x00000054   Code   RO         2291    i.DMA_CheckFifoParam  stm32f4xx_hal_dma.o
    0x08001f64   0x08001f64   0x00000028   Code   RO         7352    i.DWT_CNT_Update    bsp_dwt.o
    0x08001f8c   0x08001f8c   0x00000034   Code   RO         7353    i.DWT_Delay         bsp_dwt.o
    0x08001fc0   0x08001fc0   0x00000044   Code   RO         7354    i.DWT_GetDeltaT     bsp_dwt.o
    0x08002004   0x08002004   0x00000044   Code   RO         7357    i.DWT_GetTimeline_s  bsp_dwt.o
    0x08002048   0x08002048   0x00000048   Code   RO         7359    i.DWT_Init          bsp_dwt.o
    0x08002090   0x08002090   0x00000094   Code   RO         7360    i.DWT_SysTimeUpdate  bsp_dwt.o
    0x08002124   0x08002124   0x00000002   Code   RO          573    i.DebugMon_Handler  stm32f4xx_it.o
    0x08002126   0x08002126   0x00000002   PAD
    0x08002128   0x08002128   0x00000018   Code   RO         7251    i.ECF_RC_Init       bsp_dr16.o
    0x08002140   0x08002140   0x0000000c   Code   RO         7252    i.ECF_RC_UART_Handler  bsp_dr16.o
    0x0800214c   0x0800214c   0x00000006   Code   RO          574    i.EXTI4_IRQHandler  stm32f4xx_it.o
    0x08002152   0x08002152   0x00000006   Code   RO          575    i.EXTI9_5_IRQHandler  stm32f4xx_it.o
    0x08002158   0x08002158   0x000000ea   Code   RO         7885    i.EarthFrameToBodyFrame  ins_task.o
    0x08002242   0x08002242   0x0000000c   Code   RO         7432    i.EncoderValZero    bsp_motor_encoder.o
    0x0800224e   0x0800224e   0x00000002   PAD
    0x08002250   0x08002250   0x00000078   Code   RO         7433    i.Encoder_Init      bsp_motor_encoder.o
    0x080022c8   0x080022c8   0x00000006   Code   RO         7434    i.Encoder_Struct_Zero  bsp_motor_encoder.o
    0x080022ce   0x080022ce   0x00000004   Code   RO           13    i.Error_Handler     main.o
    0x080022d2   0x080022d2   0x00000002   PAD
    0x080022d4   0x080022d4   0x00000008   Code   RO         7887    i.Get_INS_Point     ins_task.o
    0x080022dc   0x080022dc   0x00000008   Code   RO         7635    i.Get_referee_Address  bsp_referee.o
    0x080022e4   0x080022e4   0x00000118   Code   RO         7734    i.Gimbal_Init       gimbal_task.o
    0x080023fc   0x080023fc   0x0000005c   Code   RO         7735    i.Gimbal_Task       gimbal_task.o
    0x08002458   0x08002458   0x00000024   Code   RO         2964    i.HAL_CAN_ActivateNotification  stm32f4xx_hal_can.o
    0x0800247c   0x0800247c   0x000000dc   Code   RO         2965    i.HAL_CAN_AddTxMessage  stm32f4xx_hal_can.o
    0x08002558   0x08002558   0x0000010c   Code   RO         2966    i.HAL_CAN_ConfigFilter  stm32f4xx_hal_can.o
    0x08002664   0x08002664   0x00000002   Code   RO         2969    i.HAL_CAN_ErrorCallback  stm32f4xx_hal_can.o
    0x08002666   0x08002666   0x000000e8   Code   RO         2972    i.HAL_CAN_GetRxMessage  stm32f4xx_hal_can.o
    0x0800274e   0x0800274e   0x000001fc   Code   RO         2976    i.HAL_CAN_IRQHandler  stm32f4xx_hal_can.o
    0x0800294a   0x0800294a   0x0000011a   Code   RO         2977    i.HAL_CAN_Init      stm32f4xx_hal_can.o
    0x08002a64   0x08002a64   0x0000001e   Code   RO         2979    i.HAL_CAN_IsTxMessagePending  stm32f4xx_hal_can.o
    0x08002a82   0x08002a82   0x00000002   PAD
    0x08002a84   0x08002a84   0x000000fc   Code   RO          355    i.HAL_CAN_MspInit   can.o
    0x08002b80   0x08002b80   0x00000002   Code   RO         2984    i.HAL_CAN_RxFifo0FullCallback  stm32f4xx_hal_can.o
    0x08002b82   0x08002b82   0x00000002   PAD
    0x08002b84   0x08002b84   0x0000002c   Code   RO         8103    i.HAL_CAN_RxFifo0MsgPendingCallback  can1_receive.o
    0x08002bb0   0x08002bb0   0x00000002   Code   RO         2986    i.HAL_CAN_RxFifo1FullCallback  stm32f4xx_hal_can.o
    0x08002bb2   0x08002bb2   0x00000002   Code   RO         2987    i.HAL_CAN_RxFifo1MsgPendingCallback  stm32f4xx_hal_can.o
    0x08002bb4   0x08002bb4   0x00000002   Code   RO         2988    i.HAL_CAN_SleepCallback  stm32f4xx_hal_can.o
    0x08002bb6   0x08002bb6   0x00000002   PAD
    0x08002bb8   0x08002bb8   0x00000058   Code   RO         2989    i.HAL_CAN_Start     stm32f4xx_hal_can.o
    0x08002c10   0x08002c10   0x00000002   Code   RO         2991    i.HAL_CAN_TxMailbox0AbortCallback  stm32f4xx_hal_can.o
    0x08002c12   0x08002c12   0x00000002   Code   RO         2992    i.HAL_CAN_TxMailbox0CompleteCallback  stm32f4xx_hal_can.o
    0x08002c14   0x08002c14   0x00000002   Code   RO         2993    i.HAL_CAN_TxMailbox1AbortCallback  stm32f4xx_hal_can.o
    0x08002c16   0x08002c16   0x00000002   Code   RO         2994    i.HAL_CAN_TxMailbox1CompleteCallback  stm32f4xx_hal_can.o
    0x08002c18   0x08002c18   0x00000002   Code   RO         2995    i.HAL_CAN_TxMailbox2AbortCallback  stm32f4xx_hal_can.o
    0x08002c1a   0x08002c1a   0x00000002   Code   RO         2996    i.HAL_CAN_TxMailbox2CompleteCallback  stm32f4xx_hal_can.o
    0x08002c1c   0x08002c1c   0x00000002   Code   RO         2998    i.HAL_CAN_WakeUpFromRxMsgCallback  stm32f4xx_hal_can.o
    0x08002c1e   0x08002c1e   0x00000092   Code   RO         2293    i.HAL_DMA_Abort     stm32f4xx_hal_dma.o
    0x08002cb0   0x08002cb0   0x00000024   Code   RO         2294    i.HAL_DMA_Abort_IT  stm32f4xx_hal_dma.o
    0x08002cd4   0x08002cd4   0x000001a0   Code   RO         2298    i.HAL_DMA_IRQHandler  stm32f4xx_hal_dma.o
    0x08002e74   0x08002e74   0x000000d4   Code   RO         2299    i.HAL_DMA_Init      stm32f4xx_hal_dma.o
    0x08002f48   0x08002f48   0x00000024   Code   RO         2712    i.HAL_Delay         stm32f4xx_hal.o
    0x08002f6c   0x08002f6c   0x00000002   Code   RO         2184    i.HAL_GPIO_EXTI_Callback  stm32f4xx_hal_gpio.o
    0x08002f6e   0x08002f6e   0x00000002   PAD
    0x08002f70   0x08002f70   0x00000018   Code   RO         2185    i.HAL_GPIO_EXTI_IRQHandler  stm32f4xx_hal_gpio.o
    0x08002f88   0x08002f88   0x000001f0   Code   RO         2186    i.HAL_GPIO_Init     stm32f4xx_hal_gpio.o
    0x08003178   0x08003178   0x0000000a   Code   RO         2190    i.HAL_GPIO_WritePin  stm32f4xx_hal_gpio.o
    0x08003182   0x08003182   0x00000002   PAD
    0x08003184   0x08003184   0x0000000c   Code   RO         2718    i.HAL_GetTick       stm32f4xx_hal.o
    0x08003190   0x08003190   0x00000010   Code   RO         2724    i.HAL_IncTick       stm32f4xx_hal.o
    0x080031a0   0x080031a0   0x00000034   Code   RO         2725    i.HAL_Init          stm32f4xx_hal.o
    0x080031d4   0x080031d4   0x0000008c   Code   RO          725    i.HAL_InitTick      stm32f4xx_hal_timebase_tim.o
    0x08003260   0x08003260   0x00000038   Code   RO          701    i.HAL_MspInit       stm32f4xx_hal_msp.o
    0x08003298   0x08003298   0x0000001a   Code   RO         2575    i.HAL_NVIC_EnableIRQ  stm32f4xx_hal_cortex.o
    0x080032b2   0x080032b2   0x00000002   PAD
    0x080032b4   0x080032b4   0x00000040   Code   RO         2581    i.HAL_NVIC_SetPriority  stm32f4xx_hal_cortex.o
    0x080032f4   0x080032f4   0x00000024   Code   RO         2582    i.HAL_NVIC_SetPriorityGrouping  stm32f4xx_hal_cortex.o
    0x08003318   0x08003318   0x00000002   Code   RO         1485    i.HAL_PCDEx_LPM_Callback  stm32f4xx_hal_pcd_ex.o
    0x0800331a   0x0800331a   0x00000008   Code   RO         1486    i.HAL_PCDEx_SetRxFiFo  stm32f4xx_hal_pcd_ex.o
    0x08003322   0x08003322   0x00000044   Code   RO         1487    i.HAL_PCDEx_SetTxFiFo  stm32f4xx_hal_pcd_ex.o
    0x08003366   0x08003366   0x00000008   Code   RO         1039    i.HAL_PCD_ConnectCallback  usbd_conf.o
    0x0800336e   0x0800336e   0x00000012   Code   RO         1040    i.HAL_PCD_DataInStageCallback  usbd_conf.o
    0x08003380   0x08003380   0x00000014   Code   RO         1041    i.HAL_PCD_DataOutStageCallback  usbd_conf.o
    0x08003394   0x08003394   0x00000008   Code   RO         1042    i.HAL_PCD_DisconnectCallback  usbd_conf.o
    0x0800339c   0x0800339c   0x0000001e   Code   RO         1255    i.HAL_PCD_EP_Abort  stm32f4xx_hal_pcd.o
    0x080033ba   0x080033ba   0x0000004c   Code   RO         1256    i.HAL_PCD_EP_Close  stm32f4xx_hal_pcd.o
    0x08003406   0x08003406   0x0000005c   Code   RO         1257    i.HAL_PCD_EP_ClrStall  stm32f4xx_hal_pcd.o
    0x08003462   0x08003462   0x00000012   Code   RO         1259    i.HAL_PCD_EP_GetRxCount  stm32f4xx_hal_pcd.o
    0x08003474   0x08003474   0x00000060   Code   RO         1260    i.HAL_PCD_EP_Open   stm32f4xx_hal_pcd.o
    0x080034d4   0x080034d4   0x00000048   Code   RO         1261    i.HAL_PCD_EP_Receive  stm32f4xx_hal_pcd.o
    0x0800351c   0x0800351c   0x00000074   Code   RO         1262    i.HAL_PCD_EP_SetStall  stm32f4xx_hal_pcd.o
    0x08003590   0x08003590   0x00000040   Code   RO         1263    i.HAL_PCD_EP_Transmit  stm32f4xx_hal_pcd.o
    0x080035d0   0x080035d0   0x00000560   Code   RO         1265    i.HAL_PCD_IRQHandler  stm32f4xx_hal_pcd.o
    0x08003b30   0x08003b30   0x00000008   Code   RO         1043    i.HAL_PCD_ISOINIncompleteCallback  usbd_conf.o
    0x08003b38   0x08003b38   0x00000008   Code   RO         1044    i.HAL_PCD_ISOOUTIncompleteCallback  usbd_conf.o
    0x08003b40   0x08003b40   0x000000e2   Code   RO         1268    i.HAL_PCD_Init      stm32f4xx_hal_pcd.o
    0x08003c22   0x08003c22   0x00000002   PAD
    0x08003c24   0x08003c24   0x00000084   Code   RO         1046    i.HAL_PCD_MspInit   usbd_conf.o
    0x08003ca8   0x08003ca8   0x0000002c   Code   RO         1047    i.HAL_PCD_ResetCallback  usbd_conf.o
    0x08003cd4   0x08003cd4   0x00000008   Code   RO         1048    i.HAL_PCD_ResumeCallback  usbd_conf.o
    0x08003cdc   0x08003cdc   0x00000008   Code   RO         1049    i.HAL_PCD_SOFCallback  usbd_conf.o
    0x08003ce4   0x08003ce4   0x00000028   Code   RO         1274    i.HAL_PCD_SetAddress  stm32f4xx_hal_pcd.o
    0x08003d0c   0x08003d0c   0x0000000e   Code   RO         1050    i.HAL_PCD_SetupStageCallback  usbd_conf.o
    0x08003d1a   0x08003d1a   0x00000042   Code   RO         1277    i.HAL_PCD_Start     stm32f4xx_hal_pcd.o
    0x08003d5c   0x08003d5c   0x00000030   Code   RO         1051    i.HAL_PCD_SuspendCallback  usbd_conf.o
    0x08003d8c   0x08003d8c   0x00000134   Code   RO         1832    i.HAL_RCC_ClockConfig  stm32f4xx_hal_rcc.o
    0x08003ec0   0x08003ec0   0x00000040   Code   RO         1836    i.HAL_RCC_GetClockConfig  stm32f4xx_hal_rcc.o
    0x08003f00   0x08003f00   0x0000000c   Code   RO         1837    i.HAL_RCC_GetHCLKFreq  stm32f4xx_hal_rcc.o
    0x08003f0c   0x08003f0c   0x00000020   Code   RO         1839    i.HAL_RCC_GetPCLK1Freq  stm32f4xx_hal_rcc.o
    0x08003f2c   0x08003f2c   0x00000020   Code   RO         1840    i.HAL_RCC_GetPCLK2Freq  stm32f4xx_hal_rcc.o
    0x08003f4c   0x08003f4c   0x00000064   Code   RO         1841    i.HAL_RCC_GetSysClockFreq  stm32f4xx_hal_rcc.o
    0x08003fb0   0x08003fb0   0x0000036c   Code   RO         1844    i.HAL_RCC_OscConfig  stm32f4xx_hal_rcc.o
    0x0800431c   0x0800431c   0x000000bc   Code   RO         3208    i.HAL_SPI_Init      stm32f4xx_hal_spi.o
    0x080043d8   0x080043d8   0x000000fc   Code   RO          428    i.HAL_SPI_MspInit   spi.o
    0x080044d4   0x080044d4   0x000001e2   Code   RO         3217    i.HAL_SPI_TransmitReceive  stm32f4xx_hal_spi.o
    0x080046b6   0x080046b6   0x00000002   Code   RO         4225    i.HAL_TIMEx_BreakCallback  stm32f4xx_hal_tim_ex.o
    0x080046b8   0x080046b8   0x00000002   Code   RO         4226    i.HAL_TIMEx_CommutCallback  stm32f4xx_hal_tim_ex.o
    0x080046ba   0x080046ba   0x0000005a   Code   RO         3521    i.HAL_TIM_Base_Init  stm32f4xx_hal_tim.o
    0x08004714   0x08004714   0x0000003c   Code   RO          470    i.HAL_TIM_Base_MspInit  tim.o
    0x08004750   0x08004750   0x00000080   Code   RO         3526    i.HAL_TIM_Base_Start_IT  stm32f4xx_hal_tim.o
    0x080047d0   0x080047d0   0x00000002   Code   RO         3555    i.HAL_TIM_IC_CaptureCallback  stm32f4xx_hal_tim.o
    0x080047d2   0x080047d2   0x00000166   Code   RO         3569    i.HAL_TIM_IRQHandler  stm32f4xx_hal_tim.o
    0x08004938   0x08004938   0x00000054   Code   RO          471    i.HAL_TIM_MspPostInit  tim.o
    0x0800498c   0x0800498c   0x00000002   Code   RO         3572    i.HAL_TIM_OC_DelayElapsedCallback  stm32f4xx_hal_tim.o
    0x0800498e   0x0800498e   0x000000cc   Code   RO         3593    i.HAL_TIM_PWM_ConfigChannel  stm32f4xx_hal_tim.o
    0x08004a5a   0x08004a5a   0x0000005a   Code   RO         3596    i.HAL_TIM_PWM_Init  stm32f4xx_hal_tim.o
    0x08004ab4   0x08004ab4   0x00000002   Code   RO         3598    i.HAL_TIM_PWM_MspInit  stm32f4xx_hal_tim.o
    0x08004ab6   0x08004ab6   0x00000002   Code   RO         3599    i.HAL_TIM_PWM_PulseFinishedCallback  stm32f4xx_hal_tim.o
    0x08004ab8   0x08004ab8   0x000000c8   Code   RO         3601    i.HAL_TIM_PWM_Start  stm32f4xx_hal_tim.o
    0x08004b80   0x08004b80   0x00000014   Code   RO           14    i.HAL_TIM_PeriodElapsedCallback  main.o
    0x08004b94   0x08004b94   0x00000002   Code   RO         3612    i.HAL_TIM_TriggerCallback  stm32f4xx_hal_tim.o
    0x08004b96   0x08004b96   0x00000002   Code   RO         4503    i.HAL_UARTEx_RxEventCallback  stm32f4xx_hal_uart.o
    0x08004b98   0x08004b98   0x00000002   Code   RO         4517    i.HAL_UART_ErrorCallback  stm32f4xx_hal_uart.o
    0x08004b9a   0x08004b9a   0x00000002   PAD
    0x08004b9c   0x08004b9c   0x00000268   Code   RO         4520    i.HAL_UART_IRQHandler  stm32f4xx_hal_uart.o
    0x08004e04   0x08004e04   0x00000062   Code   RO         4521    i.HAL_UART_Init     stm32f4xx_hal_uart.o
    0x08004e66   0x08004e66   0x00000002   PAD
    0x08004e68   0x08004e68   0x0000016c   Code   RO          518    i.HAL_UART_MspInit  usart.o
    0x08004fd4   0x08004fd4   0x00000002   Code   RO         4527    i.HAL_UART_RxCpltCallback  stm32f4xx_hal_uart.o
    0x08004fd6   0x08004fd6   0x00000002   Code   RO         4532    i.HAL_UART_TxCpltCallback  stm32f4xx_hal_uart.o
    0x08004fd8   0x08004fd8   0x000000fc   Code   RO         8522    i.H_K_R_Adjustment  kalman_filter.o
    0x080050d4   0x080050d4   0x00000002   Code   RO          576    i.HardFault_Handler  stm32f4xx_it.o
    0x080050d6   0x080050d6   0x00000002   PAD
    0x080050d8   0x080050d8   0x00000244   Code   RO         7888    i.IMU_Param_Correction  ins_task.o
    0x0800531c   0x0800531c   0x000000c8   Code   RO         8599    i.IMU_QuaternionEKF_Init  quaternionekf.o
    0x080053e4   0x080053e4   0x00000034   Code   RO         8600    i.IMU_QuaternionEKF_Observe  quaternionekf.o
    0x08005418   0x08005418   0x000000c4   Code   RO         8601    i.IMU_QuaternionEKF_SetH  quaternionekf.o
    0x080054dc   0x080054dc   0x00000414   Code   RO         8602    i.IMU_QuaternionEKF_Update  quaternionekf.o
    0x080058f0   0x080058f0   0x00000158   Code   RO         8603    i.IMU_QuaternionEKF_User_Func1  quaternionekf.o
    0x08005a48   0x08005a48   0x000003c4   Code   RO         8604    i.IMU_QuaternionEKF_xhatUpdate  quaternionekf.o
    0x08005e0c   0x08005e0c   0x00000060   Code   RO         7889    i.IMU_Temperature_Ctrl  ins_task.o
    0x08005e6c   0x08005e6c   0x000000b8   Code   RO         7890    i.INS_Init          ins_task.o
    0x08005f24   0x08005f24   0x000001dc   Code   RO         7891    i.INS_Task          ins_task.o
    0x08006100   0x08006100   0x000000ac   Code   RO         7825    i.Init_Task         init_task.o
    0x080061ac   0x080061ac   0x00000038   Code   RO          816    i.IntToUnicode      usbd_desc.o
    0x080061e4   0x080061e4   0x000003e8   Code   RO         8523    i.Kalman_Filter_Init  kalman_filter.o
    0x080065cc   0x080065cc   0x00000048   Code   RO         8524    i.Kalman_Filter_Measure  kalman_filter.o
    0x08006614   0x08006614   0x0000006a   Code   RO         8525    i.Kalman_Filter_P_Update  kalman_filter.o
    0x0800667e   0x0800667e   0x0000006c   Code   RO         8526    i.Kalman_Filter_PminusUpdate  kalman_filter.o
    0x080066ea   0x080066ea   0x000000cc   Code   RO         8527    i.Kalman_Filter_SetK  kalman_filter.o
    0x080067b6   0x080067b6   0x00000002   PAD
    0x080067b8   0x080067b8   0x000000e8   Code   RO         8528    i.Kalman_Filter_Update  kalman_filter.o
    0x080068a0   0x080068a0   0x00000074   Code   RO         8529    i.Kalman_Filter_xhatMinusUpdate  kalman_filter.o
    0x08006914   0x08006914   0x00000084   Code   RO         8530    i.Kalman_Filter_xhatUpdate  kalman_filter.o
    0x08006998   0x08006998   0x0000007c   Code   RO         6903    i.LQR_Calculate     lqr.o
    0x08006a14   0x08006a14   0x00000020   Code   RO         6905    i.LQR_Data_Update   lqr.o
    0x08006a34   0x08006a34   0x0000004a   Code   RO         6906    i.LQR_Init          lqr.o
    0x08006a7e   0x08006a7e   0x00000002   PAD
    0x08006a80   0x08006a80   0x00000048   Code   RO          356    i.MX_CAN1_Init      can.o
    0x08006ac8   0x08006ac8   0x00000048   Code   RO          357    i.MX_CAN2_Init      can.o
    0x08006b10   0x08006b10   0x0000007c   Code   RO          403    i.MX_DMA_Init       dma.o
    0x08006b8c   0x08006b8c   0x0000003c   Code   RO          304    i.MX_FREERTOS_Init  freertos.o
    0x08006bc8   0x08006bc8   0x0000012c   Code   RO          280    i.MX_GPIO_Init      gpio.o
    0x08006cf4   0x08006cf4   0x00000048   Code   RO          429    i.MX_SPI1_Init      spi.o
    0x08006d3c   0x08006d3c   0x00000068   Code   RO          472    i.MX_TIM10_Init     tim.o
    0x08006da4   0x08006da4   0x00000040   Code   RO          519    i.MX_USART3_UART_Init  usart.o
    0x08006de4   0x08006de4   0x00000038   Code   RO          520    i.MX_USART6_UART_Init  usart.o
    0x08006e1c   0x08006e1c   0x00000054   Code   RO          764    i.MX_USB_DEVICE_Init  usb_device.o
    0x08006e70   0x08006e70   0x00000002   Code   RO          577    i.MemManage_Handler  stm32f4xx_it.o
    0x08006e72   0x08006e72   0x00000002   Code   RO          578    i.NMI_Handler       stm32f4xx_it.o
    0x08006e74   0x08006e74   0x000001f4   Code   RO         7104    i.OLS_Derivative    user_lib.o
    0x08007068   0x08007068   0x00000042   Code   RO         7105    i.OLS_Init          user_lib.o
    0x080070aa   0x080070aa   0x00000002   PAD
    0x080070ac   0x080070ac   0x0000000c   Code   RO          579    i.OTG_FS_IRQHandler  stm32f4xx_it.o
    0x080070b8   0x080070b8   0x000000cc   Code   RO         1281    i.PCD_EP_OutXfrComplete_int  stm32f4xx_hal_pcd.o
    0x08007184   0x08007184   0x000000a2   Code   RO         1282    i.PCD_WriteEmptyTxFifo  stm32f4xx_hal_pcd.o
    0x08007226   0x08007226   0x00000002   PAD
    0x08007228   0x08007228   0x0000044c   Code   RO         8423    i.PID_Calculate     controller.o
    0x08007674   0x08007674   0x0000006e   Code   RO         8424    i.PID_Init          controller.o
    0x080076e2   0x080076e2   0x0000025c   Code   RO         7034    i.PidCalculate      pid.o
    0x0800793e   0x0800793e   0x0000003c   Code   RO         7035    i.PidInit           pid.o
    0x0800797a   0x0800797a   0x00000082   Code   RO         7036    i.PidInitMode       pid.o
    0x080079fc   0x080079fc   0x000000e6   Code   RO         7254    i.RC_DataProcess    bsp_dr16.o
    0x08007ae2   0x08007ae2   0x00000002   PAD
    0x08007ae4   0x08007ae4   0x00000008   Code   RO         7256    i.RC_Get_RC_Pointer  bsp_dr16.o
    0x08007aec   0x08007aec   0x00000062   Code   RO         7257    i.RC_Init           bsp_dr16.o
    0x08007b4e   0x08007b4e   0x00000002   PAD
    0x08007b50   0x08007b50   0x000000ac   Code   RO         7259    i.RC_UART_IRQHandler  bsp_dr16.o
    0x08007bfc   0x08007bfc   0x00000068   Code   RO         8764    i.SEGGER_RTT_AllocUpBuffer  segger_rtt.o
    0x08007c64   0x08007c64   0x0000005c   Code   RO         8765    i.SEGGER_RTT_ConfigDownBuffer  segger_rtt.o
    0x08007cc0   0x08007cc0   0x0000007c   Code   RO         8778    i.SEGGER_RTT_ReadNoLock  segger_rtt.o
    0x08007d3c   0x08007d3c   0x00000070   Code   RO         8792    i.SEGGER_RTT_WriteSkipNoLock  segger_rtt.o
    0x08007dac   0x08007dac   0x00000028   Code   RO         9489    i.SEGGER_SYSVIEW_Conf  segger_sysview_config_freertos.o
    0x08007dd4   0x08007dd4   0x00000080   Code   RO         9041    i.SEGGER_SYSVIEW_GetSysDesc  segger_sysview.o
    0x08007e54   0x08007e54   0x00000060   Code   RO         9042    i.SEGGER_SYSVIEW_Init  segger_sysview.o
    0x08007eb4   0x08007eb4   0x00000034   Code   RO         9070    i.SEGGER_SYSVIEW_RecordSystime  segger_sysview.o
    0x08007ee8   0x08007ee8   0x0000003c   Code   RO         9071    i.SEGGER_SYSVIEW_RecordU32  segger_sysview.o
    0x08007f24   0x08007f24   0x00000050   Code   RO         9073    i.SEGGER_SYSVIEW_RecordU32x2  segger_sysview.o
    0x08007f74   0x08007f74   0x00000024   Code   RO         9081    i.SEGGER_SYSVIEW_RecordVoid  segger_sysview.o
    0x08007f98   0x08007f98   0x00000078   Code   RO         9083    i.SEGGER_SYSVIEW_SendModule  segger_sysview.o
    0x08008010   0x08008010   0x0000001c   Code   RO         9084    i.SEGGER_SYSVIEW_SendModuleDescription  segger_sysview.o
    0x0800802c   0x0800802c   0x00000040   Code   RO         9085    i.SEGGER_SYSVIEW_SendNumModules  segger_sysview.o
    0x0800806c   0x0800806c   0x00000030   Code   RO         9087    i.SEGGER_SYSVIEW_SendSysDesc  segger_sysview.o
    0x0800809c   0x0800809c   0x000000c8   Code   RO         9088    i.SEGGER_SYSVIEW_SendTaskInfo  segger_sysview.o
    0x08008164   0x08008164   0x00000018   Code   RO         9089    i.SEGGER_SYSVIEW_SendTaskList  segger_sysview.o
    0x0800817c   0x0800817c   0x0000000c   Code   RO         9090    i.SEGGER_SYSVIEW_SetRAMBase  segger_sysview.o
    0x08008188   0x08008188   0x000000b0   Code   RO         9092    i.SEGGER_SYSVIEW_Start  segger_sysview.o
    0x08008238   0x08008238   0x00000030   Code   RO         9093    i.SEGGER_SYSVIEW_Stop  segger_sysview.o
    0x08008268   0x08008268   0x00000058   Code   RO         3246    i.SPI_EndRxTxTransaction  stm32f4xx_hal_spi.o
    0x080082c0   0x080082c0   0x000000b8   Code   RO         3251    i.SPI_WaitFlagStateUntilTimeout  stm32f4xx_hal_spi.o
    0x08008378   0x08008378   0x0000000a   Code   RO         6355    i.SWAPBYTE          usbd_ctlreq.o
    0x08008382   0x08008382   0x0000002a   Code   RO         9509    i.SYSVIEW_SendTaskInfo  segger_sysview_freertos.o
    0x080083ac   0x080083ac   0x00000018   Code   RO         7981    i.Safe_Task         task_safe.o
    0x080083c4   0x080083c4   0x0000000c   Code   RO          305    i.StartDefaultTask  freertos.o
    0x080083d0   0x080083d0   0x0000002c   Code   RO         6117    i.SysTick_Handler   port.o
    0x080083fc   0x080083fc   0x00000094   Code   RO           15    i.SystemClock_Config  main.o
    0x08008490   0x08008490   0x00000010   Code   RO         4850    i.SystemInit        system_stm32f4xx.o
    0x080084a0   0x080084a0   0x0000001c   Code   RO          580    i.TIM1_UP_TIM10_IRQHandler  stm32f4xx_it.o
    0x080084bc   0x080084bc   0x000000c8   Code   RO         3614    i.TIM_Base_SetConfig  stm32f4xx_hal_tim.o
    0x08008584   0x08008584   0x0000001a   Code   RO         3615    i.TIM_CCxChannelCmd  stm32f4xx_hal_tim.o
    0x0800859e   0x0800859e   0x00000002   PAD
    0x080085a0   0x080085a0   0x00000060   Code   RO         3627    i.TIM_OC1_SetConfig  stm32f4xx_hal_tim.o
    0x08008600   0x08008600   0x0000006c   Code   RO         3628    i.TIM_OC2_SetConfig  stm32f4xx_hal_tim.o
    0x0800866c   0x0800866c   0x00000068   Code   RO         3629    i.TIM_OC3_SetConfig  stm32f4xx_hal_tim.o
    0x080086d4   0x080086d4   0x00000050   Code   RO         3630    i.TIM_OC4_SetConfig  stm32f4xx_hal_tim.o
    0x08008724   0x08008724   0x0000002a   Code   RO         7571    i.TIM_Set_PWM       bsp_pwm.o
    0x0800874e   0x0800874e   0x00000010   Code   RO         4534    i.UART_DMAAbortOnError  stm32f4xx_hal_uart.o
    0x0800875e   0x0800875e   0x0000004e   Code   RO         4544    i.UART_EndRxTransfer  stm32f4xx_hal_uart.o
    0x080087ac   0x080087ac   0x000000c0   Code   RO         4546    i.UART_Receive_IT   stm32f4xx_hal_uart.o
    0x0800886c   0x0800886c   0x0000010c   Code   RO         4547    i.UART_SetConfig    stm32f4xx_hal_uart.o
    0x08008978   0x08008978   0x00000014   Code   RO          581    i.USART3_IRQHandler  stm32f4xx_it.o
    0x0800898c   0x0800898c   0x0000000c   Code   RO          582    i.USART6_IRQHandler  stm32f4xx_it.o
    0x08008998   0x08008998   0x00000076   Code   RO         6488    i.USBD_CDC_DataIn   usbd_cdc.o
    0x08008a0e   0x08008a0e   0x0000003c   Code   RO         6489    i.USBD_CDC_DataOut  usbd_cdc.o
    0x08008a4a   0x08008a4a   0x00000002   PAD
    0x08008a4c   0x08008a4c   0x00000090   Code   RO         6490    i.USBD_CDC_DeInit   usbd_cdc.o
    0x08008adc   0x08008adc   0x00000036   Code   RO         6491    i.USBD_CDC_EP0_RxReady  usbd_cdc.o
    0x08008b12   0x08008b12   0x00000002   PAD
    0x08008b14   0x08008b14   0x0000000c   Code   RO         6492    i.USBD_CDC_GetDeviceQualifierDescriptor  usbd_cdc.o
    0x08008b20   0x08008b20   0x0000003c   Code   RO         6493    i.USBD_CDC_GetFSCfgDesc  usbd_cdc.o
    0x08008b5c   0x08008b5c   0x00000040   Code   RO         6494    i.USBD_CDC_GetHSCfgDesc  usbd_cdc.o
    0x08008b9c   0x08008b9c   0x0000003c   Code   RO         6495    i.USBD_CDC_GetOtherSpeedCfgDesc  usbd_cdc.o
    0x08008bd8   0x08008bd8   0x00000118   Code   RO         6496    i.USBD_CDC_Init     usbd_cdc.o
    0x08008cf0   0x08008cf0   0x00000038   Code   RO         6497    i.USBD_CDC_ReceivePacket  usbd_cdc.o
    0x08008d28   0x08008d28   0x00000016   Code   RO         6498    i.USBD_CDC_RegisterInterface  usbd_cdc.o
    0x08008d3e   0x08008d3e   0x0000001a   Code   RO         6499    i.USBD_CDC_SetRxBuffer  usbd_cdc.o
    0x08008d58   0x08008d58   0x0000001e   Code   RO         6500    i.USBD_CDC_SetTxBuffer  usbd_cdc.o
    0x08008d76   0x08008d76   0x000000d4   Code   RO         6501    i.USBD_CDC_Setup    usbd_cdc.o
    0x08008e4a   0x08008e4a   0x00000002   PAD
    0x08008e4c   0x08008e4c   0x00000050   Code   RO         6502    i.USBD_CDC_TransmitPacket  usbd_cdc.o
    0x08008e9c   0x08008e9c   0x00000014   Code   RO         6196    i.USBD_ClrClassConfig  usbd_core.o
    0x08008eb0   0x08008eb0   0x00000004   Code   RO         6197    i.USBD_CoreFindEP   usbd_core.o
    0x08008eb4   0x08008eb4   0x00000004   Code   RO         6198    i.USBD_CoreFindIF   usbd_core.o
    0x08008eb8   0x08008eb8   0x00000010   Code   RO         6428    i.USBD_CtlContinueRx  usbd_ioreq.o
    0x08008ec8   0x08008ec8   0x00000010   Code   RO         6429    i.USBD_CtlContinueSendData  usbd_ioreq.o
    0x08008ed8   0x08008ed8   0x00000016   Code   RO         6356    i.USBD_CtlError     usbd_ctlreq.o
    0x08008eee   0x08008eee   0x0000001e   Code   RO         6430    i.USBD_CtlPrepareRx  usbd_ioreq.o
    0x08008f0c   0x08008f0c   0x00000016   Code   RO         6431    i.USBD_CtlReceiveStatus  usbd_ioreq.o
    0x08008f22   0x08008f22   0x0000001a   Code   RO         6432    i.USBD_CtlSendData  usbd_ioreq.o
    0x08008f3c   0x08008f3c   0x00000016   Code   RO         6433    i.USBD_CtlSendStatus  usbd_ioreq.o
    0x08008f52   0x08008f52   0x00000002   PAD
    0x08008f54   0x08008f54   0x00000020   Code   RO          817    i.USBD_FS_ConfigStrDescriptor  usbd_desc.o
    0x08008f74   0x08008f74   0x0000000c   Code   RO          818    i.USBD_FS_DeviceDescriptor  usbd_desc.o
    0x08008f80   0x08008f80   0x00000024   Code   RO          819    i.USBD_FS_InterfaceStrDescriptor  usbd_desc.o
    0x08008fa4   0x08008fa4   0x0000000c   Code   RO          820    i.USBD_FS_LangIDStrDescriptor  usbd_desc.o
    0x08008fb0   0x08008fb0   0x00000028   Code   RO          821    i.USBD_FS_ManufacturerStrDescriptor  usbd_desc.o
    0x08008fd8   0x08008fd8   0x0000002c   Code   RO          822    i.USBD_FS_ProductStrDescriptor  usbd_desc.o
    0x08009004   0x08009004   0x00000038   Code   RO          823    i.USBD_FS_SerialStrDescriptor  usbd_desc.o
    0x0800903c   0x0800903c   0x000000e6   Code   RO         6357    i.USBD_GetDescriptor  usbd_ctlreq.o
    0x08009122   0x08009122   0x0000003a   Code   RO         6200    i.USBD_GetEpDesc    usbd_core.o
    0x0800915c   0x0800915c   0x0000000e   Code   RO         6201    i.USBD_GetNextDesc  usbd_core.o
    0x0800916a   0x0800916a   0x00000048   Code   RO         6358    i.USBD_GetString    usbd_ctlreq.o
    0x080091b2   0x080091b2   0x00000018   Code   RO         1052    i.USBD_Get_USB_Status  usbd_conf.o
    0x080091ca   0x080091ca   0x00000026   Code   RO         6202    i.USBD_Init         usbd_core.o
    0x080091f0   0x080091f0   0x00000012   Code   RO         1053    i.USBD_LL_ClearStallEP  usbd_conf.o
    0x08009202   0x08009202   0x00000012   Code   RO         1054    i.USBD_LL_CloseEP   usbd_conf.o
    0x08009214   0x08009214   0x000000b6   Code   RO         6203    i.USBD_LL_DataInStage  usbd_core.o
    0x080092ca   0x080092ca   0x0000008e   Code   RO         6204    i.USBD_LL_DataOutStage  usbd_core.o
    0x08009358   0x08009358   0x00000004   Code   RO         6205    i.USBD_LL_DevConnected  usbd_core.o
    0x0800935c   0x0800935c   0x0000001e   Code   RO         6206    i.USBD_LL_DevDisconnected  usbd_core.o
    0x0800937a   0x0800937a   0x00000008   Code   RO         1058    i.USBD_LL_GetRxDataSize  usbd_conf.o
    0x08009382   0x08009382   0x00000002   PAD
    0x08009384   0x08009384   0x00000060   Code   RO         1059    i.USBD_LL_Init      usbd_conf.o
    0x080093e4   0x080093e4   0x00000020   Code   RO         1060    i.USBD_LL_IsStallEP  usbd_conf.o
    0x08009404   0x08009404   0x00000028   Code   RO         6207    i.USBD_LL_IsoINIncomplete  usbd_core.o
    0x0800942c   0x0800942c   0x00000028   Code   RO         6208    i.USBD_LL_IsoOUTIncomplete  usbd_core.o
    0x08009454   0x08009454   0x00000018   Code   RO         1061    i.USBD_LL_OpenEP    usbd_conf.o
    0x0800946c   0x0800946c   0x00000012   Code   RO         1062    i.USBD_LL_PrepareReceive  usbd_conf.o
    0x0800947e   0x0800947e   0x0000005c   Code   RO         6209    i.USBD_LL_Reset     usbd_core.o
    0x080094da   0x080094da   0x00000014   Code   RO         6210    i.USBD_LL_Resume    usbd_core.o
    0x080094ee   0x080094ee   0x0000001a   Code   RO         6211    i.USBD_LL_SOF       usbd_core.o
    0x08009508   0x08009508   0x00000006   Code   RO         6212    i.USBD_LL_SetSpeed  usbd_core.o
    0x0800950e   0x0800950e   0x00000012   Code   RO         1063    i.USBD_LL_SetUSBAddress  usbd_conf.o
    0x08009520   0x08009520   0x00000060   Code   RO         6213    i.USBD_LL_SetupStage  usbd_core.o
    0x08009580   0x08009580   0x00000012   Code   RO         1064    i.USBD_LL_StallEP   usbd_conf.o
    0x08009592   0x08009592   0x00000012   Code   RO         1065    i.USBD_LL_Start     usbd_conf.o
    0x080095a4   0x080095a4   0x00000012   Code   RO         6214    i.USBD_LL_Suspend   usbd_core.o
    0x080095b6   0x080095b6   0x00000012   Code   RO         1067    i.USBD_LL_Transmit  usbd_conf.o
    0x080095c8   0x080095c8   0x0000002c   Code   RO         6359    i.USBD_ParseSetupRequest  usbd_ctlreq.o
    0x080095f4   0x080095f4   0x0000003a   Code   RO         6215    i.USBD_RegisterClass  usbd_core.o
    0x0800962e   0x0800962e   0x00000014   Code   RO         6217    i.USBD_SetClassConfig  usbd_core.o
    0x08009642   0x08009642   0x00000002   PAD
    0x08009644   0x08009644   0x000000b8   Code   RO         6360    i.USBD_SetConfig    usbd_ctlreq.o
    0x080096fc   0x080096fc   0x00000004   Code   RO         6218    i.USBD_Start        usbd_core.o
    0x08009700   0x08009700   0x0000012c   Code   RO         6361    i.USBD_StdDevReq    usbd_ctlreq.o
    0x0800982c   0x0800982c   0x00000160   Code   RO         6362    i.USBD_StdEPReq     usbd_ctlreq.o
    0x0800998c   0x0800998c   0x00000072   Code   RO         6363    i.USBD_StdItfReq    usbd_ctlreq.o
    0x080099fe   0x080099fe   0x00000002   Code   RO         1068    i.USBD_static_free  usbd_conf.o
    0x08009a00   0x08009a00   0x00000008   Code   RO         1069    i.USBD_static_malloc  usbd_conf.o
    0x08009a08   0x08009a08   0x00000080   Code   RO         1527    i.USB_ActivateEndpoint  stm32f4xx_ll_usb.o
    0x08009a88   0x08009a88   0x0000001c   Code   RO         1529    i.USB_ActivateSetup  stm32f4xx_ll_usb.o
    0x08009aa4   0x08009aa4   0x00000074   Code   RO         1531    i.USB_CoreInit      stm32f4xx_ll_usb.o
    0x08009b18   0x08009b18   0x00000040   Code   RO         1532    i.USB_CoreReset     stm32f4xx_ll_usb.o
    0x08009b58   0x08009b58   0x000000cc   Code   RO         1535    i.USB_DeactivateEndpoint  stm32f4xx_ll_usb.o
    0x08009c24   0x08009c24   0x0000001c   Code   RO         1536    i.USB_DevConnect    stm32f4xx_ll_usb.o
    0x08009c40   0x08009c40   0x0000001c   Code   RO         1537    i.USB_DevDisconnect  stm32f4xx_ll_usb.o
    0x08009c5c   0x08009c5c   0x00000174   Code   RO         1538    i.USB_DevInit       stm32f4xx_ll_usb.o
    0x08009dd0   0x08009dd0   0x0000000c   Code   RO         1539    i.USB_DisableGlobalInt  stm32f4xx_ll_usb.o
    0x08009ddc   0x08009ddc   0x0000011c   Code   RO         1542    i.USB_EP0StartXfer  stm32f4xx_ll_usb.o
    0x08009ef8   0x08009ef8   0x00000058   Code   RO         1543    i.USB_EP0_OutStart  stm32f4xx_ll_usb.o
    0x08009f50   0x08009f50   0x00000058   Code   RO         1544    i.USB_EPClearStall  stm32f4xx_ll_usb.o
    0x08009fa8   0x08009fa8   0x00000058   Code   RO         1545    i.USB_EPSetStall    stm32f4xx_ll_usb.o
    0x0800a000   0x0800a000   0x000001e4   Code   RO         1546    i.USB_EPStartXfer   stm32f4xx_ll_usb.o
    0x0800a1e4   0x0800a1e4   0x0000009e   Code   RO         1547    i.USB_EPStopXfer    stm32f4xx_ll_usb.o
    0x0800a282   0x0800a282   0x0000000c   Code   RO         1548    i.USB_EnableGlobalInt  stm32f4xx_ll_usb.o
    0x0800a28e   0x0800a28e   0x00000002   PAD
    0x0800a290   0x0800a290   0x0000003c   Code   RO         1549    i.USB_FlushRxFifo   stm32f4xx_ll_usb.o
    0x0800a2cc   0x0800a2cc   0x00000040   Code   RO         1550    i.USB_FlushTxFifo   stm32f4xx_ll_usb.o
    0x0800a30c   0x0800a30c   0x0000001a   Code   RO         1552    i.USB_GetDevSpeed   stm32f4xx_ll_usb.o
    0x0800a326   0x0800a326   0x00000008   Code   RO         1554    i.USB_GetMode       stm32f4xx_ll_usb.o
    0x0800a32e   0x0800a32e   0x0000000e   Code   RO         1561    i.USB_ReadDevAllInEpInterrupt  stm32f4xx_ll_usb.o
    0x0800a33c   0x0800a33c   0x0000000e   Code   RO         1562    i.USB_ReadDevAllOutEpInterrupt  stm32f4xx_ll_usb.o
    0x0800a34a   0x0800a34a   0x00000024   Code   RO         1563    i.USB_ReadDevInEPInterrupt  stm32f4xx_ll_usb.o
    0x0800a36e   0x0800a36e   0x00000010   Code   RO         1564    i.USB_ReadDevOutEPInterrupt  stm32f4xx_ll_usb.o
    0x0800a37e   0x0800a37e   0x00000008   Code   RO         1565    i.USB_ReadInterrupts  stm32f4xx_ll_usb.o
    0x0800a386   0x0800a386   0x0000003e   Code   RO         1566    i.USB_ReadPacket    stm32f4xx_ll_usb.o
    0x0800a3c4   0x0800a3c4   0x0000005c   Code   RO         1568    i.USB_SetCurrentMode  stm32f4xx_ll_usb.o
    0x0800a420   0x0800a420   0x00000022   Code   RO         1569    i.USB_SetDevAddress  stm32f4xx_ll_usb.o
    0x0800a442   0x0800a442   0x00000002   PAD
    0x0800a444   0x0800a444   0x000000e8   Code   RO         1571    i.USB_SetTurnaroundTime  stm32f4xx_ll_usb.o
    0x0800a52c   0x0800a52c   0x00000028   Code   RO         1574    i.USB_WritePacket   stm32f4xx_ll_usb.o
    0x0800a554   0x0800a554   0x00000002   Code   RO          583    i.UsageFault_Handler  stm32f4xx_it.o
    0x0800a556   0x0800a556   0x00000002   PAD
    0x0800a558   0x0800a558   0x000000a4   Code   RO         8006    i.Virtual_Task      virtual_task.o
    0x0800a5fc   0x0800a5fc   0x0000004c   Code   RO         8007    i.Virtual_send      virtual_task.o
    0x0800a648   0x0800a648   0x00000064   Code   RO         8795    i._DoInit           segger_rtt.o
    0x0800a6ac   0x0800a6ac   0x00000044   Code   RO         9097    i._EncodeStr        segger_sysview.o
    0x0800a6f0   0x0800a6f0   0x00000094   Code   RO         9098    i._HandleIncomingPacket  segger_sysview.o
    0x0800a784   0x0800a784   0x0000013c   Code   RO         9101    i._SendPacket       segger_sysview.o
    0x0800a8c0   0x0800a8c0   0x00000068   Code   RO         9103    i._TrySendOverflowPacket  segger_sysview.o
    0x0800a928   0x0800a928   0x00000026   Code   RO        10293    i.__ARM_fpclassifyf  m_wm.l(fpclassifyf.o)
    0x0800a94e   0x0800a94e   0x00000020   Code   RO         2588    i.__NVIC_SetPriority  stm32f4xx_hal_cortex.o
    0x0800a96e   0x0800a96e   0x00000002   PAD
    0x0800a970   0x0800a970   0x00000118   Code   RO         9969    i.__hardfp_acosf    m_wm.l(acosf.o)
    0x0800aa88   0x0800aa88   0x0000012c   Code   RO         9981    i.__hardfp_asinf    m_wm.l(asinf.o)
    0x0800abb4   0x0800abb4   0x000002ac   Code   RO         9993    i.__hardfp_atan2f   m_wm.l(atan2f.o)
    0x0800ae60   0x0800ae60   0x0000003a   Code   RO        10049    i.__hardfp_sqrtf    m_wm.l(sqrtf_full.o)
    0x0800ae9a   0x0800ae9a   0x00000006   Code   RO        10296    i.__mathlib_flt_infnan  m_wm.l(funder.o)
    0x0800aea0   0x0800aea0   0x00000006   Code   RO        10297    i.__mathlib_flt_infnan2  m_wm.l(funder.o)
    0x0800aea6   0x0800aea6   0x00000002   PAD
    0x0800aea8   0x0800aea8   0x00000010   Code   RO        10298    i.__mathlib_flt_invalid  m_wm.l(funder.o)
    0x0800aeb8   0x0800aeb8   0x00000010   Code   RO        10301    i.__mathlib_flt_underflow  m_wm.l(funder.o)
    0x0800aec8   0x0800aec8   0x0000001e   Code   RO         9511    i._cbGetTime        segger_sysview_freertos.o
    0x0800aee6   0x0800aee6   0x00000002   PAD
    0x0800aee8   0x0800aee8   0x00000058   Code   RO         9490    i._cbSendSystemDesc  segger_sysview_config_freertos.o
    0x0800af40   0x0800af40   0x00000038   Code   RO         9512    i._cbSendTaskList   segger_sysview_freertos.o
    0x0800af78   0x0800af78   0x0000001e   Code   RO         7109    i.abs_limit         user_lib.o
    0x0800af96   0x0800af96   0x00000020   Code   RO         7435    i.angle_limiting_int16  bsp_motor_encoder.o
    0x0800afb6   0x0800afb6   0x00000002   PAD
    0x0800afb8   0x0800afb8   0x00000128   Code   RO         8288    i.bmi088_accel_init  bmi088driver.o
    0x0800b0e0   0x0800b0e0   0x000000fc   Code   RO         8289    i.bmi088_gyro_init  bmi088driver.o
    0x0800b1dc   0x0800b1dc   0x00000064   Code   RO         8171    i.can1_gimbal_setmsg_to_motor  can1_send.o
    0x0800b240   0x0800b240   0x0000003c   Code   RO         8249    i.can2_gimbal_to_chassis  can2_send.o
    0x0800b27c   0x0800b27c   0x000000b2   Code   RO         8427    i.f_Changing_Integration_Rate  controller.o
    0x0800b32e   0x0800b32e   0x00000002   PAD
    0x0800b330   0x0800b330   0x000000ba   Code   RO         8428    i.f_Derivative_On_Measurement  controller.o
    0x0800b3ea   0x0800b3ea   0x00000002   PAD
    0x0800b3ec   0x0800b3ec   0x00000090   Code   RO         8703    i.f_GIMBAL_AUTOATTACK  gimbal_behaviour.o
    0x0800b47c   0x0800b47c   0x0000009a   Code   RO         8429    i.f_Integral_Limit  controller.o
    0x0800b516   0x0800b516   0x00000002   PAD
    0x0800b518   0x0800b518   0x00000094   Code   RO         7038    i.f_StepIn          pid.o
    0x0800b5ac   0x0800b5ac   0x0000002e   Code   RO         6606    i.fifo_s_create     fifo.o
    0x0800b5da   0x0800b5da   0x00000076   Code   RO         6612    i.fifo_s_gets       fifo.o
    0x0800b650   0x0800b650   0x00000018   Code   RO         6614    i.fifo_s_init       fifo.o
    0x0800b668   0x0800b668   0x0000000c   Code   RO         6615    i.fifo_s_isempty    fifo.o
    0x0800b674   0x0800b674   0x00000074   Code   RO         6620    i.fifo_s_puts       fifo.o
    0x0800b6e8   0x0800b6e8   0x00000020   Code   RO         8053    i.fire_Task         fire_task.o
    0x0800b708   0x0800b708   0x000000a0   Code   RO         8054    i.fire_behaviour_choose  fire_task.o
    0x0800b7a8   0x0800b7a8   0x000000d4   Code   RO         8055    i.fire_pid_calculate  fire_task.o
    0x0800b87c   0x0800b87c   0x00000118   Code   RO         8056    i.fire_task_init    fire_task.o
    0x0800b994   0x0800b994   0x00000038   Code   RO         7039    i.first_order_filter  pid.o
    0x0800b9cc   0x0800b9cc   0x00000020   Code   RO         7110    i.float_constrain   user_lib.o
    0x0800b9ec   0x0800b9ec   0x00000088   Code   RO         7112    i.float_min_distance  user_lib.o
    0x0800ba74   0x0800ba74   0x00000022   Code   RO         7113    i.float_rounding    user_lib.o
    0x0800ba96   0x0800ba96   0x00000002   PAD
    0x0800ba98   0x0800ba98   0x00000008   Code   RO         8704    i.get_Gimbal_pitch_point  gimbal_behaviour.o
    0x0800baa0   0x0800baa0   0x00000008   Code   RO         8705    i.get_Gimbal_yaw_point  gimbal_behaviour.o
    0x0800baa8   0x0800baa8   0x00000008   Code   RO         8008    i.get_auto_control_point  virtual_task.o
    0x0800bab0   0x0800bab0   0x00000008   Code   RO         8104    i.get_fire_motor_measure_point  can1_receive.o
    0x0800bab8   0x0800bab8   0x00000008   Code   RO         7736    i.get_gimbal_behaviour_point  gimbal_task.o
    0x0800bac0   0x0800bac0   0x00000008   Code   RO         8105    i.get_left_motor_measure_point  can1_receive.o
    0x0800bac8   0x0800bac8   0x00000008   Code   RO         8106    i.get_pitch_motor_measure_point  can1_receive.o
    0x0800bad0   0x0800bad0   0x00000008   Code   RO         8107    i.get_right_motor_measure_point  can1_receive.o
    0x0800bad8   0x0800bad8   0x00000008   Code   RO         8108    i.get_yaw_motor_measure_point  can1_receive.o
    0x0800bae0   0x0800bae0   0x00000044   Code   RO         8706    i.gimbal_behaviour_choose  gimbal_behaviour.o
    0x0800bb24   0x0800bb24   0x0000012c   Code   RO         8707    i.gimbal_behaviour_react  gimbal_behaviour.o
    0x0800bc50   0x0800bc50   0x000000ac   Code   RO         8109    i.gimbal_can1_callback  can1_receive.o
    0x0800bcfc   0x0800bcfc   0x00000078   Code   RO         8217    i.gimbal_can2_callback  can2_receive.o
    0x0800bd74   0x0800bd74   0x00000020   Code   RO         8009    i.gimbal_clear_virtual_recive  virtual_task.o
    0x0800bd94   0x0800bd94   0x00000148   Code   RO         8708    i.gimbal_motor_calculate  gimbal_behaviour.o
    0x0800bedc   0x0800bedc   0x0000002c   Code   RO         8605    i.invSqrt           quaternionekf.o
    0x0800bf08   0x0800bf08   0x00000048   Code   RO         7116    i.loop_float_constrain  user_lib.o
    0x0800bf50   0x0800bf50   0x0000004c   Code   RO           16    i.main              main.o
    0x0800bf9c   0x0800bf9c   0x0000000c   Code   RO         5682    i.makeFreeRtosPriority  cmsis_os.o
    0x0800bfa8   0x0800bfa8   0x00000036   Code   RO         7040    i.motor_position_speed_control  pid.o
    0x0800bfde   0x0800bfde   0x00000012   Code   RO         7041    i.motor_speed_control  pid.o
    0x0800bff0   0x0800bff0   0x0000000e   Code   RO         5684    i.osDelay           cmsis_os.o
    0x0800bffe   0x0800bffe   0x0000000a   Code   RO         5687    i.osKernelStart     cmsis_os.o
    0x0800c008   0x0800c008   0x00000054   Code   RO         5721    i.osThreadCreate    cmsis_os.o
    0x0800c05c   0x0800c05c   0x00000024   Code   RO         7042    i.pid_clear         pid.o
    0x0800c080   0x0800c080   0x00000070   Code   RO         5352    i.prvAddCurrentTaskToDelayedList  tasks.o
    0x0800c0f0   0x0800c0f0   0x000000d0   Code   RO         5353    i.prvAddNewTaskToReadyList  tasks.o
    0x0800c1c0   0x0800c1c0   0x00000034   Code   RO         5354    i.prvDeleteTCB      tasks.o
    0x0800c1f4   0x0800c1f4   0x0000004c   Code   RO         6049    i.prvHeapInit       heap_4.o
    0x0800c240   0x0800c240   0x00000060   Code   RO         5355    i.prvIdleTask       tasks.o
    0x0800c2a0   0x0800c2a0   0x00000098   Code   RO         5356    i.prvInitialiseNewTask  tasks.o
    0x0800c338   0x0800c338   0x0000004c   Code   RO         6050    i.prvInsertBlockIntoFreeList  heap_4.o
    0x0800c384   0x0800c384   0x00000020   Code   RO         5357    i.prvResetNextTaskUnblockTime  tasks.o
    0x0800c3a4   0x0800c3a4   0x00000028   Code   RO         6118    i.prvTaskExitError  port.o
    0x0800c3cc   0x0800c3cc   0x000000dc   Code   RO         6051    i.pvPortMalloc      heap_4.o
    0x0800c4a8   0x0800c4a8   0x0000002c   Code   RO         6119    i.pxPortInitialiseStack  port.o
    0x0800c4d4   0x0800c4d4   0x0000000e   Code   RO         7262    i.rc_deadline_limit  bsp_dr16.o
    0x0800c4e2   0x0800c4e2   0x00000002   PAD
    0x0800c4e4   0x0800c4e4   0x00000014   Code   RO         7263    i.rc_lost_time_refresh  bsp_dr16.o
    0x0800c4f8   0x0800c4f8   0x0000007a   Code   RO         6798    i.sliding_average_filter  filter.o
    0x0800c572   0x0800c572   0x00000002   PAD
    0x0800c574   0x0800c574   0x00000030   Code   RO         6800    i.sliding_average_filter_init  filter.o
    0x0800c5a4   0x0800c5a4   0x0000003e   Code   RO        10051    i.sqrtf             m_wm.l(sqrtf_full.o)
    0x0800c5e2   0x0800c5e2   0x00000002   PAD
    0x0800c5e4   0x0800c5e4   0x0000003c   Code   RO         8709    i.torque_to_voltage_6020  gimbal_behaviour.o
    0x0800c620   0x0800c620   0x00000026   Code   RO         4988    i.uxListRemove      list.o
    0x0800c646   0x0800c646   0x00000002   PAD
    0x0800c648   0x0800c648   0x00000014   Code   RO          306    i.vApplicationGetIdleTaskMemory  freertos.o
    0x0800c65c   0x0800c65c   0x00000016   Code   RO         4989    i.vListInitialise   list.o
    0x0800c672   0x0800c672   0x00000006   Code   RO         4990    i.vListInitialiseItem  list.o
    0x0800c678   0x0800c678   0x00000030   Code   RO         4991    i.vListInsert       list.o
    0x0800c6a8   0x0800c6a8   0x00000018   Code   RO         4992    i.vListInsertEnd    list.o
    0x0800c6c0   0x0800c6c0   0x00000040   Code   RO         6121    i.vPortEnterCritical  port.o
    0x0800c700   0x0800c700   0x00000028   Code   RO         6122    i.vPortExitCritical  port.o
    0x0800c728   0x0800c728   0x00000064   Code   RO         6052    i.vPortFree         heap_4.o
    0x0800c78c   0x0800c78c   0x00000024   Code   RO         6123    i.vPortSetupTimerInterrupt  port.o
    0x0800c7b0   0x0800c7b0   0x00000054   Code   RO         6124    i.vPortValidateInterruptPriority  port.o
    0x0800c804   0x0800c804   0x0000004c   Code   RO         5366    i.vTaskDelay        tasks.o
    0x0800c850   0x0800c850   0x0000008c   Code   RO         5367    i.vTaskDelayUntil   tasks.o
    0x0800c8dc   0x0800c8dc   0x000000ac   Code   RO         5368    i.vTaskDelete       tasks.o
    0x0800c988   0x0800c988   0x0000006c   Code   RO         5380    i.vTaskStartScheduler  tasks.o
    0x0800c9f4   0x0800c9f4   0x00000010   Code   RO         5382    i.vTaskSuspendAll   tasks.o
    0x0800ca04   0x0800ca04   0x0000005c   Code   RO         5383    i.vTaskSwitchContext  tasks.o
    0x0800ca60   0x0800ca60   0x000000f4   Code   RO         6125    i.xPortStartScheduler  port.o
    0x0800cb54   0x0800cb54   0x0000005a   Code   RO         5386    i.xTaskCreate       tasks.o
    0x0800cbae   0x0800cbae   0x00000056   Code   RO         5387    i.xTaskCreateStatic  tasks.o
    0x0800cc04   0x0800cc04   0x0000000c   Code   RO         5393    i.xTaskGetTickCount  tasks.o
    0x0800cc10   0x0800cc10   0x00000010   Code   RO         5394    i.xTaskGetTickCountFromISR  tasks.o
    0x0800cc20   0x0800cc20   0x000000cc   Code   RO         5395    i.xTaskIncrementTick  tasks.o
    0x0800ccec   0x0800ccec   0x000000c4   Code   RO         5401    i.xTaskResumeAll    tasks.o
    0x0800cdb0   0x0800cdb0   0x000002c4   Code   RO         9947    x$fpl$d2f           g_wm.l(d2f_clz.o)
    0x0800d074   0x0800d074   0x0000024c   Code   RO         9949    x$fpl$dadd          g_wm.l(daddsub_clz.o)
    0x0800d2c0   0x0800d2c0   0x0000037c   Code   RO         9956    x$fpl$ddiv          g_wm.l(ddiv_clz.o)
    0x0800d63c   0x0800d63c   0x0000002e   Code   RO         9960    x$fpl$dflt          g_wm.l(dflt_clz.o)
    0x0800d66a   0x0800d66a   0x0000001a   Code   RO         9961    x$fpl$dfltn         g_wm.l(dflt_clz.o)
    0x0800d684   0x0800d684   0x000001c0   Code   RO         9965    x$fpl$dmul          g_wm.l(dmul_clz.o)
    0x0800d844   0x0800d844   0x00000102   Code   RO        10247    x$fpl$dnaninf       g_wm.l(dnaninf.o)
    0x0800d946   0x0800d946   0x00000070   Code   RO        10249    x$fpl$drenorm       g_wm.l(drenorm_clz.o)
    0x0800d9b6   0x0800d9b6   0x0000000c   Code   RO        10251    x$fpl$dretinf       g_wm.l(dretinf.o)
    0x0800d9c2   0x0800d9c2   0x00000002   PAD
    0x0800d9c4   0x0800d9c4   0x0000029c   Code   RO         9951    x$fpl$dsub          g_wm.l(daddsub_clz.o)
    0x0800dc60   0x0800dc60   0x0000017a   Code   RO        10255    x$fpl$dunder        g_wm.l(dunder_clz.o)
    0x0800ddda   0x0800ddda   0x00000002   PAD
    0x0800dddc   0x0800dddc   0x000001ec   Code   RO        10257    x$fpl$exception     g_wm.l(except.o)
    0x0800dfc8   0x0800dfc8   0x0000007a   Code   RO         9967    x$fpl$f2d           g_wm.l(f2d.o)
    0x0800e042   0x0800e042   0x000000f2   Code   RO        10259    x$fpl$fnaninf       g_wm.l(fnaninf.o)
    0x0800e134   0x0800e134   0x0000000a   Code   RO        10393    x$fpl$fpinit        g_wm.l(fpinit.o)
    0x0800e13e   0x0800e13e   0x0000000a   Code   RO        10261    x$fpl$fretinf       g_wm.l(fretinf.o)
    0x0800e148   0x0800e148   0x0000013c   Code   RO        10263    x$fpl$funder        g_wm.l(funder_clz.o)
    0x0800e284   0x0800e284   0x000000b2   Code   RO        10395    x$fpl$retnan        g_wm.l(retnan.o)
    0x0800e336   0x0800e336   0x0000007e   Code   RO        10273    x$fpl$trapveneer    g_wm.l(trapv.o)
    0x0800e3b4   0x0800e3b4   0x00000000   Code   RO        10275    x$fpl$usenofp       g_wm.l(usenofp.o)
    0x0800e3b4   0x0800e3b4   0x00000038   Data   RO          308    .constdata          freertos.o
    0x0800e3ec   0x0800e3ec   0x00000008   Data   RO         2305    .constdata          stm32f4xx_hal_dma.o
    0x0800e3f4   0x0800e3f4   0x00000010   Data   RO         4851    .constdata          system_stm32f4xx.o
    0x0800e404   0x0800e404   0x00000008   Data   RO         4852    .constdata          system_stm32f4xx.o
    0x0800e40c   0x0800e40c   0x0000008c   Data   RO         7828    .constdata          init_task.o
    0x0800e498   0x0800e498   0x00000030   Data   RO         7895    .constdata          ins_task.o
    0x0800e4c8   0x0800e4c8   0x00000090   Data   RO         8607    .constdata          quaternionekf.o
    0x0800e558   0x0800e558   0x00000011   Data   RO         8801    .constdata          segger_rtt.o
    0x0800e569   0x0800e569   0x0000001a   Data   RO         9107    .constdata          segger_sysview.o
    0x0800e583   0x0800e583   0x00000001   PAD
    0x0800e584   0x0800e584   0x00000008   Data   RO         9514    .constdata          segger_sysview_freertos.o
    0x0800e58c   0x0800e58c   0x00000804   Data   RO         9833    .constdata          arm_cortexM4lf_math.lib(arm_common_tables.o)
    0x0800ed90   0x0800ed90   0x00000018   Data   RO          309    .conststring        freertos.o
    0x0800eda8   0x0800eda8   0x0000003d   Data   RO         7829    .conststring        init_task.o
    0x0800ede5   0x0800ede5   0x00000003   PAD
    0x0800ede8   0x0800ede8   0x00000020   Data   RO        10538    Region$$Table       anon$$obj.o


    Execution Region RW_IRAM1 (Exec base: 0x20000000, Load base: 0x0800ee08, Size: 0x0000bc70, Max: 0x0001c000, ABSOLUTE, COMPRESSED[0x00000134])

    Exec Addr    Load Addr    Size         Type   Attr      Idx    E Section Name        Object

    0x20000000   COMPRESSED   0x00000008   Data   RW          310    .data               freertos.o
    0x20000008   COMPRESSED   0x00000004   Data   RW          359    .data               can.o
    0x2000000c   COMPRESSED   0x0000001c   Data   RW          825    .data               usbd_desc.o
    0x20000028   COMPRESSED   0x00000032   Data   RW          826    .data               usbd_desc.o
    0x2000005a   COMPRESSED   0x00000002   PAD
    0x2000005c   COMPRESSED   0x00000014   Data   RW          909    .data               usbd_cdc_if.o
    0x20000070   COMPRESSED   0x0000000c   Data   RW         2732    .data               stm32f4xx_hal.o
    0x2000007c   COMPRESSED   0x00000004   Data   RW         4853    .data               system_stm32f4xx.o
    0x20000080   COMPRESSED   0x0000003c   Data   RW         5404    .data               tasks.o
    0x200000bc   COMPRESSED   0x00000020   Data   RW         6058    .data               heap_4.o
    0x200000dc   COMPRESSED   0x0000000c   Data   RW         6126    .data               port.o
    0x200000e8   COMPRESSED   0x00000001   Data   RW         6364    .data               usbd_ctlreq.o
    0x200000e9   COMPRESSED   0x00000003   PAD
    0x200000ec   COMPRESSED   0x00000053   Data   RW         6503    .data               usbd_cdc.o
    0x2000013f   COMPRESSED   0x00000001   PAD
    0x20000140   COMPRESSED   0x00000038   Data   RW         6504    .data               usbd_cdc.o
    0x20000178   COMPRESSED   0x00000014   Data   RW         7122    .data               user_lib.o
    0x2000018c   COMPRESSED   0x00000008   Data   RW         7265    .data               bsp_dr16.o
    0x20000194   COMPRESSED   0x00000004   PAD
    0x20000198   COMPRESSED   0x00000040   Data   RW         7361    .data               bsp_dwt.o
    0x200001d8   COMPRESSED   0x00000020   Data   RW         7738    .data               gimbal_task.o
    0x200001f8   COMPRESSED   0x00000014   Data   RW         7830    .data               init_task.o
    0x2000020c   COMPRESSED   0x00000044   Data   RW         7896    .data               ins_task.o
    0x20000250   COMPRESSED   0x00000004   Data   RW         7982    .data               task_safe.o
    0x20000254   COMPRESSED   0x00000004   Data   RW         8010    .data               virtual_task.o
    0x20000258   COMPRESSED   0x00000002   Data   RW         8059    .data               fire_task.o
    0x2000025a   COMPRESSED   0x00000028   Data   RW         8110    .data               can1_receive.o
    0x20000282   COMPRESSED   0x00000004   Data   RW         8175    .data               can1_send.o
    0x20000286   COMPRESSED   0x00000002   PAD
    0x20000288   COMPRESSED   0x00000004   Data   RW         8218    .data               can2_receive.o
    0x2000028c   COMPRESSED   0x00000048   Data   RW         8291    .data               bmi088driver.o
    0x200002d4   COMPRESSED   0x00000004   Data   RW         8368    .data               bmi088middleware.o
    0x200002d8   COMPRESSED   0x00000004   Data   RW         8531    .data               kalman_filter.o
    0x200002dc   COMPRESSED   0x000000d4   Data   RW         8608    .data               quaternionekf.o
    0x200003b0   COMPRESSED   0x00000010   Data   RW         8710    .data               gimbal_behaviour.o
    0x200003c0   COMPRESSED   0x00000010   Data   RW         9110    .data               segger_sysview.o
    0x200003d0   COMPRESSED   0x00000004   Data   RW         9516    .data               segger_sysview_freertos.o
    0x200003d4        -       0x00000254   Zero   RW          307    .bss                freertos.o
    0x20000628        -       0x00000050   Zero   RW          358    .bss                can.o
    0x20000678        -       0x00000118   Zero   RW          430    .bss                spi.o
    0x20000790        -       0x00000048   Zero   RW          473    .bss                tim.o
    0x200007d8        -       0x000001a8   Zero   RW          521    .bss                usart.o
    0x20000980        -       0x00000048   Zero   RW          728    .bss                stm32f4xx_hal_timebase_tim.o
    0x200009c8        -       0x000002dc   Zero   RW          765    .bss                usb_device.o
    0x20000ca4        -       0x00000200   Zero   RW          824    .bss                usbd_desc.o
    0x20000ea4        -       0x00001000   Zero   RW          908    .bss                usbd_cdc_if.o
    0x20001ea4        -       0x0000072c   Zero   RW         1070    .bss                usbd_conf.o
    0x200025d0        -       0x000000f0   Zero   RW         5403    .bss                tasks.o
    0x200026c0        -       0x00003c00   Zero   RW         6057    .bss                heap_4.o
    0x200062c0        -       0x00000060   Zero   RW         7264    .bss                bsp_dr16.o
    0x20006320        -       0x0000021c   Zero   RW         7437    .bss                bsp_motor_encoder.o
    0x2000653c        -       0x000003f7   Zero   RW         7639    .bss                bsp_referee.o
    0x20006933   COMPRESSED   0x00000005   PAD
    0x20006938        -       0x000001f0   Zero   RW         7737    .bss                gimbal_task.o
    0x20006b28        -       0x0000014c   Zero   RW         7894    .bss                ins_task.o
    0x20006c74        -       0x0000025c   Zero   RW         8058    .bss                fire_task.o
    0x20006ed0        -       0x00000018   Zero   RW         8174    .bss                can1_send.o
    0x20006ee8        -       0x00000018   Zero   RW         8250    .bss                can2_send.o
    0x20006f00        -       0x00000040   Zero   RW         8290    .bss                bmi088driver.o
    0x20006f40        -       0x00000268   Zero   RW         8606    .bss                quaternionekf.o
    0x200071a8        -       0x000004b8   Zero   RW         8800    .bss                segger_rtt.o
    0x20007660        -       0x0000050b   Zero   RW         9106    .bss                segger_sysview.o
    0x20007b6b   COMPRESSED   0x00000001   PAD
    0x20007b6c        -       0x000000a0   Zero   RW         9513    .bss                segger_sysview_freertos.o
    0x20007c0c        -       0x00000060   Zero   RW        10326    .bss                c_w.l(libspace.o)
    0x20007c6c   COMPRESSED   0x00000004   PAD
    0x20007c70        -       0x00002000   Zero   RW            2    HEAP                startup_stm32f407xx.o
    0x20009c70        -       0x00002000   Zero   RW            1    STACK               startup_stm32f407xx.o


    Execution Region RW_IRAM2 (Exec base: 0x2001c000, Load base: 0x0800ef3c, Size: 0x00000000, Max: 0x00004000, ABSOLUTE)

    **** No section assigned to this execution region ****


==============================================================================

Image component sizes


      Code (inc. data)   RO Data    RW Data    ZI Data      Debug   Object Name

      2208        108          0         72         64      10449   bmi088driver.o
       100         30          0          4          0       3032   bmi088middleware.o
       578         36          0          8         96       5734   bsp_dr16.o
       448         68          0         64          0       4642   bsp_dwt.o
       424         10          0          0        540       5897   bsp_motor_encoder.o
        42          0          0          0          0        946   bsp_pwm.o
         8          4          0          0       1015       2152   bsp_referee.o
       396         46          0          4         80       2534   can.o
       312         48          0         40          0       5384   can1_receive.o
       100         14          0          4         24       1056   can1_send.o
       180         12          0          4          0       1841   can2_receive.o
        60          8          0          0         24        857   can2_send.o
       120          0          0          0          0      23325   cmsis_os.o
      1728         12          0          0          0       8845   controller.o
       124          4          0          0          0        862   dma.o
         0          0          0          0          0      16864   event_groups.o
       316          0          0          0          0       4157   fifo.o
       170         10          0          0          0      17191   filter.o
       684         72          0          2        604       3345   fire_task.o
        92         12         80          8        596       2610   freertos.o
       916        102          0         16          0       5597   gimbal_behaviour.o
       380         28          0         32        496       4386   gimbal_task.o
       300         18          0          0          0       1131   gpio.o
       472         24          0         32      15360       7475   heap_4.o
       172         18        201         20          0       6742   init_task.o
      1812        116         48         68        332      11381   ins_task.o
      2222         20          0          4          0       8711   kalman_filter.o
       138          0          0          0          0       3598   list.o
       230         10          0          0          0       3137   lqr.o
       248         18          0          0          0     761652   main.o
      1252         14          0          0          0       8452   pid.o
       786         82          0         12          0      11969   port.o
      2844        158        144        212        616       8158   quaternionekf.o
       532         38         17          0       1208      10196   segger_rtt.o
      1808        142         26         16       1291      24246   segger_sysview.o
       128         82          0          0          0       1102   segger_sysview_config_freertos.o
       128          8          8          4        160       3075   segger_sysview_freertos.o
       324         34          0          0        280       1955   spi.o
        64         26        392          0      16384        852   startup_stm32f407xx.o
       116         18          0         12          0       8786   stm32f4xx_hal.o
      1688          6          0          0          0      15240   stm32f4xx_hal_can.o
       158         14          0          0          0      33198   stm32f4xx_hal_cortex.o
       934         16          8          0          0       5687   stm32f4xx_hal_dma.o
       532         52          0          0          0       3420   stm32f4xx_hal_gpio.o
        56          4          0          0          0        886   stm32f4xx_hal_msp.o
      2638         12          0          0          0      13848   stm32f4xx_hal_pcd.o
        78          0          0          0          0       2441   stm32f4xx_hal_pcd_ex.o
      1424         92          0          0          0       6461   stm32f4xx_hal_rcc.o
       942         12          0          0          0       4961   stm32f4xx_hal_spi.o
      1694        136          0          0          0      13734   stm32f4xx_hal_tim.o
         4          0          0          0          0       1633   stm32f4xx_hal_tim_ex.o
       140         20          0          0         72       1455   stm32f4xx_hal_timebase_tim.o
      1276         16          0          0          0       8424   stm32f4xx_hal_uart.o
       180         68          0          0          0       9230   stm32f4xx_it.o
      2888        134          0          0          0      24299   stm32f4xx_ll_usb.o
         0          0          0          0          0        376   stream_buffer.o
        16          4         24          4          0       1159   system_stm32f4xx.o
        24          6          0          4          0        516   task_safe.o
      1860        144          0         60        240      22905   tasks.o
       248         32          0          0         72       2374   tim.o
       484         54          0          0        424       2752   usart.o
        84         18          0          0        732       2647   usb_device.o
      1278         36          0        139          0      14577   usbd_cdc.o
       140         26          0         20       4096      34801   usbd_cdc_if.o
       644         24          0          0       1836      17092   usbd_conf.o
       916          0          0          0          0      15671   usbd_core.o
      1328         28          0          1          0      15004   usbd_ctlreq.o
       288        104          0         78        512       6281   usbd_desc.o
       132          0          0          0          0       4596   usbd_ioreq.o
       870          8          0         20          0       9229   user_lib.o
       280         28          0          4          0       3355   virtual_task.o

    ----------------------------------------------------------------------
     46270       2544        984        980      47160    1312576   Object Totals
         0          0         32          0          0          0   (incl. Generated)
        84          0          4         12          6          0   (incl. Padding)

    ----------------------------------------------------------------------

      Code (inc. data)   RO Data    RW Data    ZI Data      Debug   Library Member Name

         0          0       2052          0          0       4704   arm_common_tables.o
       120         12          0          0          0      17170   arm_cos_f32.o
       264          0          0          0          0       1826   arm_mat_add_f32.o
         8          0          0          0          0        999   arm_mat_init_f32.o
      1328          4          0          0          0       4782   arm_mat_inverse_f32.o
       316          4          0          0          0       2375   arm_mat_mult_f32.o
       264          0          0          0          0       1826   arm_mat_sub_f32.o
       276          0          0          0          0       2240   arm_mat_trans_f32.o
       148         18          0          0          0        814   arm_sin_f32.o
        90          0          0          0          0          0   __dczerorl2.o
         8          0          0          0          0         68   __main.o
         0          0          0          0          0          0   __rtentry.o
        12          0          0          0          0          0   __rtentry2.o
         6          0          0          0          0          0   __rtentry4.o
        52          8          0          0          0          0   __scatter.o
        28          0          0          0          0          0   __scatter_zi.o
        48          4          0          0          0         84   _fptrap.o
        22          0          0          0          0        100   _rserrno.o
        10          0          0          0          0         68   defsig_exit.o
       172        110          0          0          0         76   defsig_fpe_inner.o
        14          0          0          0          0         80   defsig_fpe_outer.o
        50          0          0          0          0         88   defsig_general.o
        80         58          0          0          0         76   defsig_rtmem_inner.o
        14          0          0          0          0         80   defsig_rtmem_outer.o
        18          0          0          0          0         80   exit.o
        94          0          0          0          0         80   h1_alloc.o
        52          0          0          0          0         68   h1_extend.o
        78          0          0          0          0         80   h1_free.o
        14          0          0          0          0         84   h1_init.o
         6          0          0          0          0        152   heapauxi.o
         4          0          0          0          0        136   hguard.o
         0          0          0          0          0          0   indicate_semi.o
       138          0          0          0          0        168   init_alloc.o
         2          0          0          0          0          0   libinit.o
        14          0          0          0          0          0   libinit2.o
         2          0          0          0          0          0   libshutdown.o
         2          0          0          0          0          0   libshutdown2.o
         8          4          0          0         96         68   libspace.o
       238          0          0          0          0        100   lludivv7m.o
         0          0          0          0          0          0   maybetermalloc1.o
         8          4          0          0          0         68   rt_errno_addr_intlibspace.o
         8          4          0          0          0         68   rt_heap_descriptor_intlibspace.o
        68          0          0          0          0         68   rt_memclr.o
        78          0          0          0          0         80   rt_memclr_w.o
       138          0          0          0          0         68   rt_memcpy_v6.o
       100          0          0          0          0         80   rt_memcpy_w.o
         2          0          0          0          0          0   rtexit.o
        10          0          0          0          0          0   rtexit2.o
        12          4          0          0          0         68   sys_exit.o
        74          0          0          0          0         80   sys_stackheap_outer.o
        14          0          0          0          0         76   sys_wrch.o
         2          0          0          0          0         68   use_no_semi.o
       708         16          0          0          0        140   d2f_clz.o
      1256         28          0          0          0        408   daddsub_clz.o
       892        152          0          0          0        292   ddiv_clz.o
        72          0          0          0          0        232   dflt_clz.o
       448         16          0          0          0        164   dmul_clz.o
       258          4          0          0          0        156   dnaninf.o
       112          0          0          0          0        160   drenorm_clz.o
        12          0          0          0          0        116   dretinf.o
       378          0          0          0          0        168   dunder_clz.o
       492         36          0          0          0        148   except.o
       122          8          0          0          0        132   f2d.o
       242          4          0          0          0        144   fnaninf.o
        10          0          0          0          0        116   fpinit.o
        10          0          0          0          0        116   fretinf.o
       316          0          0          0          0        132   funder_clz.o
       178          0          0          0          0        116   retnan.o
       126          0          0          0          0        148   trapv.o
         0          0          0          0          0          0   usenofp.o
       280         46          0          0          0        176   acosf.o
       300         42          0          0          0        176   asinf.o
       684         90          0          0          0        208   atan2f.o
        38          0          0          0          0        116   fpclassifyf.o
        44         12          0          0          0        464   funder.o
       120          0          0          0          0        272   sqrtf_full.o

    ----------------------------------------------------------------------
     11630        688       2052          0        100      43496   Library Totals
        18          0          0          0          4          0   (incl. Padding)

    ----------------------------------------------------------------------

      Code (inc. data)   RO Data    RW Data    ZI Data      Debug   Library Name

      2724         38       2052          0          0      36736   arm_cortexM4lf_math.lib
      1790        196          0          0         96       2460   c_w.l
      5632        264          0          0          0       2888   g_wm.l
      1466        190          0          0          0       1412   m_wm.l

    ----------------------------------------------------------------------
     11630        688       2052          0        100      43496   Library Totals

    ----------------------------------------------------------------------

==============================================================================


      Code (inc. data)   RO Data    RW Data    ZI Data      Debug   

     57900       3232       3036        980      47260    1308220   Grand Totals
     57900       3232       3036        308      47260    1308220   ELF Image Totals (compressed)
     57900       3232       3036        308          0          0   ROM Totals

==============================================================================

    Total RO  Size (Code + RO Data)                60936 (  59.51kB)
    Total RW  Size (RW Data + ZI Data)             48240 (  47.11kB)
    Total ROM Size (Code + RO Data + RW Data)      61244 (  59.81kB)

==============================================================================

