Component: ARM Compiler 5.06 update 7 (build 960) Tool: armlink [4d3601]

==============================================================================

Section Cross References

    startup_stm32f407xx.o(RESET) refers to startup_stm32f407xx.o(STACK) for __initial_sp
    startup_stm32f407xx.o(RESET) refers to startup_stm32f407xx.o(.text) for Reset_Handler
    startup_stm32f407xx.o(RESET) refers to stm32f4xx_it.o(i.NMI_Handler) for NMI_Handler
    startup_stm32f407xx.o(RESET) refers to stm32f4xx_it.o(i.HardFault_Handler) for HardFault_Handler
    startup_stm32f407xx.o(RESET) refers to stm32f4xx_it.o(i.MemManage_Handler) for MemManage_Handler
    startup_stm32f407xx.o(RESET) refers to stm32f4xx_it.o(i.BusFault_Handler) for BusFault_Handler
    startup_stm32f407xx.o(RESET) refers to stm32f4xx_it.o(i.UsageFault_Handler) for UsageFault_Handler
    startup_stm32f407xx.o(RESET) refers to port.o(.emb_text) for SVC_Handler
    startup_stm32f407xx.o(RESET) refers to stm32f4xx_it.o(i.DebugMon_Handler) for DebugMon_Handler
    startup_stm32f407xx.o(RESET) refers to port.o(i.SysTick_Handler) for SysTick_Handler
    startup_stm32f407xx.o(RESET) refers to stm32f4xx_it.o(i.EXTI4_IRQHandler) for EXTI4_IRQHandler
    startup_stm32f407xx.o(RESET) refers to stm32f4xx_it.o(i.DMA1_Stream1_IRQHandler) for DMA1_Stream1_IRQHandler
    startup_stm32f407xx.o(RESET) refers to stm32f4xx_it.o(i.CAN1_RX0_IRQHandler) for CAN1_RX0_IRQHandler
    startup_stm32f407xx.o(RESET) refers to stm32f4xx_it.o(i.EXTI9_5_IRQHandler) for EXTI9_5_IRQHandler
    startup_stm32f407xx.o(RESET) refers to stm32f4xx_it.o(i.TIM1_UP_TIM10_IRQHandler) for TIM1_UP_TIM10_IRQHandler
    startup_stm32f407xx.o(RESET) refers to stm32f4xx_it.o(i.USART3_IRQHandler) for USART3_IRQHandler
    startup_stm32f407xx.o(RESET) refers to stm32f4xx_it.o(i.DMA2_Stream0_IRQHandler) for DMA2_Stream0_IRQHandler
    startup_stm32f407xx.o(RESET) refers to stm32f4xx_it.o(i.DMA2_Stream1_IRQHandler) for DMA2_Stream1_IRQHandler
    startup_stm32f407xx.o(RESET) refers to stm32f4xx_it.o(i.DMA2_Stream3_IRQHandler) for DMA2_Stream3_IRQHandler
    startup_stm32f407xx.o(RESET) refers to stm32f4xx_it.o(i.CAN2_RX0_IRQHandler) for CAN2_RX0_IRQHandler
    startup_stm32f407xx.o(RESET) refers to stm32f4xx_it.o(i.OTG_FS_IRQHandler) for OTG_FS_IRQHandler
    startup_stm32f407xx.o(RESET) refers to stm32f4xx_it.o(i.DMA2_Stream6_IRQHandler) for DMA2_Stream6_IRQHandler
    startup_stm32f407xx.o(RESET) refers to stm32f4xx_it.o(i.USART6_IRQHandler) for USART6_IRQHandler
    startup_stm32f407xx.o(.text) refers to system_stm32f4xx.o(i.SystemInit) for SystemInit
    startup_stm32f407xx.o(.text) refers to entry.o(.ARM.Collect$$$$00000000) for __main
    main.o(i.HAL_TIM_PeriodElapsedCallback) refers to stm32f4xx_hal.o(i.HAL_IncTick) for HAL_IncTick
    main.o(i.SystemClock_Config) refers to memseta.o(.text) for __aeabi_memclr4
    main.o(i.SystemClock_Config) refers to stm32f4xx_hal_rcc.o(i.HAL_RCC_OscConfig) for HAL_RCC_OscConfig
    main.o(i.SystemClock_Config) refers to stm32f4xx_hal_rcc.o(i.HAL_RCC_ClockConfig) for HAL_RCC_ClockConfig
    main.o(i.main) refers to stm32f4xx_hal.o(i.HAL_Init) for HAL_Init
    main.o(i.main) refers to main.o(i.SystemClock_Config) for SystemClock_Config
    main.o(i.main) refers to gpio.o(i.MX_GPIO_Init) for MX_GPIO_Init
    main.o(i.main) refers to dma.o(i.MX_DMA_Init) for MX_DMA_Init
    main.o(i.main) refers to can.o(i.MX_CAN1_Init) for MX_CAN1_Init
    main.o(i.main) refers to can.o(i.MX_CAN2_Init) for MX_CAN2_Init
    main.o(i.main) refers to spi.o(i.MX_SPI1_Init) for MX_SPI1_Init
    main.o(i.main) refers to usart.o(i.MX_USART3_UART_Init) for MX_USART3_UART_Init
    main.o(i.main) refers to usart.o(i.MX_USART6_UART_Init) for MX_USART6_UART_Init
    main.o(i.main) refers to tim.o(i.MX_TIM10_Init) for MX_TIM10_Init
    main.o(i.main) refers to segger_sysview_config_freertos.o(i.SEGGER_SYSVIEW_Conf) for SEGGER_SYSVIEW_Conf
    main.o(i.main) refers to bsp_dwt.o(i.DWT_Init) for DWT_Init
    main.o(i.main) refers to bmi088driver.o(i.BMI088_init) for BMI088_init
    main.o(i.main) refers to freertos.o(i.MX_FREERTOS_Init) for MX_FREERTOS_Init
    main.o(i.main) refers to cmsis_os.o(i.osKernelStart) for osKernelStart
    main.o(i.main) refers to spi.o(.bss) for hspi1
    gpio.o(i.MX_GPIO_Init) refers to memseta.o(.text) for __aeabi_memclr4
    gpio.o(i.MX_GPIO_Init) refers to stm32f4xx_hal_gpio.o(i.HAL_GPIO_WritePin) for HAL_GPIO_WritePin
    gpio.o(i.MX_GPIO_Init) refers to stm32f4xx_hal_gpio.o(i.HAL_GPIO_Init) for HAL_GPIO_Init
    gpio.o(i.MX_GPIO_Init) refers to stm32f4xx_hal_cortex.o(i.HAL_NVIC_SetPriority) for HAL_NVIC_SetPriority
    gpio.o(i.MX_GPIO_Init) refers to stm32f4xx_hal_cortex.o(i.HAL_NVIC_EnableIRQ) for HAL_NVIC_EnableIRQ
    freertos.o(i.MX_FREERTOS_Init) refers to memcpya.o(.text) for __aeabi_memcpy4
    freertos.o(i.MX_FREERTOS_Init) refers to cmsis_os.o(i.osThreadCreate) for osThreadCreate
[...]
    USB_DevConnect                           0x08009b39   Thumb Code    28  stm32f4xx_ll_usb.o(i.USB_DevConnect)
    USB_DevDisconnect                        0x08009b55   Thumb Code    28  stm32f4xx_ll_usb.o(i.USB_DevDisconnect)
    USB_DevInit                              0x08009b71   Thumb Code   362  stm32f4xx_ll_usb.o(i.USB_DevInit)
    USB_DisableGlobalInt                     0x08009ce5   Thumb Code    12  stm32f4xx_ll_usb.o(i.USB_DisableGlobalInt)
    USB_EP0StartXfer                         0x08009cf1   Thumb Code   280  stm32f4xx_ll_usb.o(i.USB_EP0StartXfer)
    USB_EP0_OutStart                         0x08009e0d   Thumb Code    84  stm32f4xx_ll_usb.o(i.USB_EP0_OutStart)
    USB_EPClearStall                         0x08009e65   Thumb Code    88  stm32f4xx_ll_usb.o(i.USB_EPClearStall)
    USB_EPSetStall                           0x08009ebd   Thumb Code    88  stm32f4xx_ll_usb.o(i.USB_EPSetStall)
    USB_EPStartXfer                          0x08009f15   Thumb Code   480  stm32f4xx_ll_usb.o(i.USB_EPStartXfer)
    USB_EPStopXfer                           0x0800a0f9   Thumb Code   158  stm32f4xx_ll_usb.o(i.USB_EPStopXfer)
    USB_EnableGlobalInt                      0x0800a197   Thumb Code    12  stm32f4xx_ll_usb.o(i.USB_EnableGlobalInt)
    USB_FlushRxFifo                          0x0800a1a5   Thumb Code    54  stm32f4xx_ll_usb.o(i.USB_FlushRxFifo)
    USB_FlushTxFifo                          0x0800a1e1   Thumb Code    58  stm32f4xx_ll_usb.o(i.USB_FlushTxFifo)
    USB_GetDevSpeed                          0x0800a221   Thumb Code    26  stm32f4xx_ll_usb.o(i.USB_GetDevSpeed)
    USB_GetMode                              0x0800a23b   Thumb Code     8  stm32f4xx_ll_usb.o(i.USB_GetMode)
    USB_ReadDevAllInEpInterrupt              0x0800a243   Thumb Code    14  stm32f4xx_ll_usb.o(i.USB_ReadDevAllInEpInterrupt)
    USB_ReadDevAllOutEpInterrupt             0x0800a251   Thumb Code    14  stm32f4xx_ll_usb.o(i.USB_ReadDevAllOutEpInterrupt)
    USB_ReadDevInEPInterrupt                 0x0800a25f   Thumb Code    36  stm32f4xx_ll_usb.o(i.USB_ReadDevInEPInterrupt)
    USB_ReadDevOutEPInterrupt                0x0800a283   Thumb Code    16  stm32f4xx_ll_usb.o(i.USB_ReadDevOutEPInterrupt)
    USB_ReadInterrupts                       0x0800a293   Thumb Code     8  stm32f4xx_ll_usb.o(i.USB_ReadInterrupts)
    USB_ReadPacket                           0x0800a29b   Thumb Code    62  stm32f4xx_ll_usb.o(i.USB_ReadPacket)
    USB_SetCurrentMode                       0x0800a2d9   Thumb Code    92  stm32f4xx_ll_usb.o(i.USB_SetCurrentMode)
    USB_SetDevAddress                        0x0800a335   Thumb Code    34  stm32f4xx_ll_usb.o(i.USB_SetDevAddress)
    USB_SetTurnaroundTime                    0x0800a359   Thumb Code   158  stm32f4xx_ll_usb.o(i.USB_SetTurnaroundTime)
    USB_WritePacket                          0x0800a441   Thumb Code    40  stm32f4xx_ll_usb.o(i.USB_WritePacket)
    UsageFault_Handler                       0x0800a469   Thumb Code     2  stm32f4xx_it.o(i.UsageFault_Handler)
    Virtual_Task                             0x0800a46d   Thumb Code   154  virtual_task.o(i.Virtual_Task)
    __ARM_fpclassifyf                        0x0800a83d   Thumb Code    38  fpclassifyf.o(i.__ARM_fpclassifyf)
    __hardfp_acosf                           0x0800a885   Thumb Code   234  acosf.o(i.__hardfp_acosf)
    __hardfp_asinf                           0x0800a99d   Thumb Code   258  asinf.o(i.__hardfp_asinf)
    __hardfp_atan2f                          0x0800aac9   Thumb Code   594  atan2f.o(i.__hardfp_atan2f)
    __hardfp_sqrtf                           0x0800ad75   Thumb Code    58  sqrtf_full.o(i.__hardfp_sqrtf)
    __mathlib_flt_infnan                     0x0800adaf   Thumb Code     6  funder.o(i.__mathlib_flt_infnan)
    __mathlib_flt_infnan2                    0x0800adb5   Thumb Code     6  funder.o(i.__mathlib_flt_infnan2)
    __mathlib_flt_invalid                    0x0800adbd   Thumb Code    10  funder.o(i.__mathlib_flt_invalid)
    __mathlib_flt_underflow                  0x0800adcd   Thumb Code    10  funder.o(i.__mathlib_flt_underflow)
    __scatterload_copy                       0x0800addd   Thumb Code    14  handlers.o(i.__scatterload_copy)
    __scatterload_null                       0x0800adeb   Thumb Code     2  handlers.o(i.__scatterload_null)
    __scatterload_zeroinit                   0x0800aded   Thumb Code    14  handlers.o(i.__scatterload_zeroinit)
    __set_errno                              0x0800adfd   Thumb Code     6  errno.o(i.__set_errno)
    abs_limit                                0x0800aeb9   Thumb Code    30  user_lib.o(i.abs_limit)
    angle_limiting_int16                     0x0800aed7   Thumb Code    32  bsp_motor_encoder.o(i.angle_limiting_int16)
    bmi088_accel_init                        0x0800aef9   Thumb Code   292  bmi088driver.o(i.bmi088_accel_init)
    bmi088_gyro_init                         0x0800b021   Thumb Code   246  bmi088driver.o(i.bmi088_gyro_init)
    can1_gimbal_setmsg_to_motor              0x0800b11d   Thumb Code    86  can1_send.o(i.can1_gimbal_setmsg_to_motor)
    can2_gimbal_to_chassis                   0x0800b181   Thumb Code    52  can2_send.o(i.can2_gimbal_to_chassis)
    fifo_s_create                            0x0800b459   Thumb Code    46  fifo.o(i.fifo_s_create)
    fifo_s_gets                              0x0800b487   Thumb Code   118  fifo.o(i.fifo_s_gets)
    fifo_s_init                              0x0800b4fd   Thumb Code    24  fifo.o(i.fifo_s_init)
    fifo_s_isempty                           0x0800b515   Thumb Code    12  fifo.o(i.fifo_s_isempty)
    fifo_s_puts                              0x0800b521   Thumb Code   116  fifo.o(i.fifo_s_puts)
    float_constrain                          0x0800b5cd   Thumb Code    32  user_lib.o(i.float_constrain)
    float_min_distance                       0x0800b5ed   Thumb Code   132  user_lib.o(i.float_min_distance)
    float_rounding                           0x0800b675   Thumb Code    34  user_lib.o(i.float_rounding)
    free                                     0x0800b699   Thumb Code    76  malloc.o(i.free)
    get_Gimbal_pitch_point                   0x0800b6e9   Thumb Code     4  gimbal_behaviour.o(i.get_Gimbal_pitch_point)
    get_Gimbal_yaw_point                     0x0800b6f1   Thumb Code     4  gimbal_behaviour.o(i.get_Gimbal_yaw_point)
    get_auto_control_point                   0x0800b6f9   Thumb Code     4  virtual_task.o(i.get_auto_control_point)
    get_gimbal_behaviour_point               0x0800b701   Thumb Code     4  gimbal_task.o(i.get_gimbal_behaviour_point)
    get_pitch_motor_measure_point            0x0800b709   Thumb Code     4  can1_receive.o(i.get_pitch_motor_measure_point)
    get_yaw_motor_measure_point              0x0800b711   Thumb Code     4  can1_receive.o(i.get_yaw_motor_measure_point)
    gimbal_behaviour_choose                  0x0800b719   Thumb Code    62  gimbal_behaviour.o(i.gimbal_behaviour_choose)
    gimbal_behaviour_react                   0x0800b75d   Thumb Code   304  gimbal_behaviour.o(i.gimbal_behaviour_react)
    gimbal_can1_callback                     0x0800b8b5   Thumb Code   164  can1_receive.o(i.gimbal_can1_callback)
    gimbal_can2_callback                     0x0800b961   Thumb Code   112  can2_receive.o(i.gimbal_can2_callback)
    gimbal_motor_calculate                   0x0800b9d9   Thumb Code   316  gimbal_behaviour.o(i.gimbal_motor_calculate)
    loop_float_constrain                     0x0800bb4d   Thumb Code    72  user_lib.o(i.loop_float_constrain)
    main                                     0x0800bb95   Thumb Code    72  main.o(i.main)
    malloc                                   0x0800bbed   Thumb Code    92  malloc.o(i.malloc)
    osDelay                                  0x0800bc59   Thumb Code    14  cmsis_os.o(i.osDelay)
    osKernelStart                            0x0800bc67   Thumb Code    10  cmsis_os.o(i.osKernelStart)
    osThreadCreate                           0x0800bc71   Thumb Code    84  cmsis_os.o(i.osThreadCreate)
    pid_clear                                0x0800bcc5   Thumb Code    36  pid.o(i.pid_clear)
    pvPortMalloc                             0x0800c035   Thumb Code   216  heap_4.o(i.pvPortMalloc)
    pxPortInitialiseStack                    0x0800c111   Thumb Code    40  port.o(i.pxPortInitialiseStack)
    rc_deadline_limit                        0x0800c13d   Thumb Code    14  bsp_dr16.o(i.rc_deadline_limit)
    rc_lost_time_refresh                     0x0800c14d   Thumb Code    14  bsp_dr16.o(i.rc_lost_time_refresh)
    sliding_average_filter                   0x0800c161   Thumb Code   122  filter.o(i.sliding_average_filter)
    sliding_average_filter_init              0x0800c1dd   Thumb Code    38  filter.o(i.sliding_average_filter_init)
    sqrtf                                    0x0800c20d   Thumb Code    62  sqrtf_full.o(i.sqrtf)
    torque_to_voltage_6020                   0x0800c24d   Thumb Code    40  gimbal_behaviour.o(i.torque_to_voltage_6020)
    uxListRemove                             0x0800c289   Thumb Code    38  list.o(i.uxListRemove)
    vApplicationGetIdleTaskMemory            0x0800c2b1   Thumb Code    16  freertos.o(i.vApplicationGetIdleTaskMemory)
    vListInitialise                          0x0800c2c5   Thumb Code    22  list.o(i.vListInitialise)
    vListInitialiseItem                      0x0800c2db   Thumb Code     6  list.o(i.vListInitialiseItem)
    vListInsert                              0x0800c2e1   Thumb Code    48  list.o(i.vListInsert)
    vListInsertEnd                           0x0800c311   Thumb Code    24  list.o(i.vListInsertEnd)
    vPortEnterCritical                       0x0800c329   Thumb Code    54  port.o(i.vPortEnterCritical)
    vPortExitCritical                        0x0800c369   Thumb Code    34  port.o(i.vPortExitCritical)
    vPortFree                                0x0800c391   Thumb Code    94  heap_4.o(i.vPortFree)
    vPortSetupTimerInterrupt                 0x0800c3f5   Thumb Code    32  port.o(i.vPortSetupTimerInterrupt)
    vPortValidateInterruptPriority           0x0800c419   Thumb Code    74  port.o(i.vPortValidateInterruptPriority)
    vTaskDelay                               0x0800c46d   Thumb Code    66  tasks.o(i.vTaskDelay)
    vTaskDelayUntil                          0x0800c4b9   Thumb Code   132  tasks.o(i.vTaskDelayUntil)
    vTaskDelete                              0x0800c545   Thumb Code   158  tasks.o(i.vTaskDelete)
    vTaskStartScheduler                      0x0800c5f1   Thumb Code    90  tasks.o(i.vTaskStartScheduler)
    vTaskSuspendAll                          0x0800c65d   Thumb Code    10  tasks.o(i.vTaskSuspendAll)
    vTaskSwitchContext                       0x0800c66d   Thumb Code    82  tasks.o(i.vTaskSwitchContext)
    xPortStartScheduler                      0x0800c6c9   Thumb Code   222  port.o(i.xPortStartScheduler)
    xTaskCreate                              0x0800c7bd   Thumb Code    90  tasks.o(i.xTaskCreate)
    xTaskCreateStatic                        0x0800c817   Thumb Code    86  tasks.o(i.xTaskCreateStatic)
    xTaskGetTickCount                        0x0800c86d   Thumb Code     6  tasks.o(i.xTaskGetTickCount)
    xTaskGetTickCountFromISR                 0x0800c879   Thumb Code    12  tasks.o(i.xTaskGetTickCountFromISR)
    xTaskIncrementTick                       0x0800c889   Thumb Code   194  tasks.o(i.xTaskIncrementTick)
    xTaskResumeAll                           0x0800c955   Thumb Code   182  tasks.o(i.xTaskResumeAll)
    AHBPrescTable                            0x0800ca58   Data          16  system_stm32f4xx.o(.constdata)
    APBPrescTable                            0x0800ca68   Data           8  system_stm32f4xx.o(.constdata)
    xb                                       0x0800cae0   Data          12  ins_task.o(.constdata)
    yb                                       0x0800caec   Data          12  ins_task.o(.constdata)
    zb                                       0x0800caf8   Data          12  ins_task.o(.constdata)
    IMU_QuaternionEKF_F                      0x0800cb10   Data         144  quaternionekf.o(.constdata)
    SYSVIEW_X_OS_TraceAPI                    0x0800cbcc   Data           8  segger_sysview_freertos.o(.constdata)
    sinTable_f32                             0x0800cbd4   Data        2052  arm_common_tables.o(.constdata)
    Region$$Table$$Base                      0x0800d424   Number         0  anon$$obj.o(Region$$Table)
    Region$$Table$$Limit                     0x0800d444   Number         0  anon$$obj.o(Region$$Table)
    defaultTaskHandle                        0x20000000   Data           4  freertos.o(.data)
    Init_TASKHandle                          0x20000004   Data           4  freertos.o(.data)
    FS_Desc                                  0x2000000c   Data          28  usbd_desc.o(.data)
    USBD_LangIDDesc                          0x20000028   Data           4  usbd_desc.o(.data)
    USBD_FS_DeviceDesc                       0x2000002c   Data          18  usbd_desc.o(.data)
    USBD_StringSerial                        0x20000040   Data          26  usbd_desc.o(.data)
    USBD_Interface_fops_FS                   0x2000005c   Data          20  usbd_cdc_if.o(.data)
    uwTickFreq                               0x20000070   Data           1  stm32f4xx_hal.o(.data)
    uwTickPrio                               0x20000074   Data           4  stm32f4xx_hal.o(.data)
    uwTick                                   0x20000078   Data           4  stm32f4xx_hal.o(.data)
    SystemCoreClock                          0x2000007c   Data           4  system_stm32f4xx.o(.data)
    pxCurrentTCB                             0x20000080   Data           4  tasks.o(.data)
    USBD_CDC                                 0x20000140   Data          56  usbd_cdc.o(.data)
    SysTime                                  0x200001c8   Data           8  bsp_dwt.o(.data)
    CYCCNT64                                 0x200001d0   Data           8  bsp_dwt.o(.data)
    k_yaw_lqr                                0x200001d8   Data          16  gimbal_task.o(.data)
    k_pitch_lqr                              0x200001e8   Data          16  gimbal_task.o(.data)
    Safe_TASKHandle                          0x200001f8   Data           4  init_task.o(.data)
    TASK_GIMBALHandle                        0x200001fc   Data           4  init_task.o(.data)
    ShootTask_Handler                        0x20000200   Data           4  init_task.o(.data)
    INS_TASKHandle                           0x20000204   Data           4  init_task.o(.data)
    Virtual_TASKHandle                       0x20000208   Data           4  init_task.o(.data)
    INS_DWT_Count                            0x2000020c   Data           4  ins_task.o(.data)
    RefTemp                                  0x20000218   Data           4  ins_task.o(.data)
    auto_control_p                           0x20000254   Data           4  virtual_task.o(.data)
    see_pitch_output                         0x20000280   Data           2  can1_send.o(.data)
    see_yaw_output                           0x20000282   Data           2  can1_send.o(.data)
    caliOffset                               0x2000028b   Data           1  bmi088driver.o(.data)
    caliCount                                0x2000028c   Data           2  bmi088driver.o(.data)
    BMI088_ACCEL_SEN                         0x20000294   Data           4  bmi088driver.o(.data)
    BMI088_GYRO_SEN                          0x20000298   Data           4  bmi088driver.o(.data)
    gNormDiff                                0x200002a0   Data           4  bmi088driver.o(.data)
    BMI088_SPI                               0x200002d0   Data           4  bmi088middleware.o(.data)
    sizeof_float                             0x200002d4   Data           2  kalman_filter.o(.data)
    sizeof_double                            0x200002d6   Data           2  kalman_filter.o(.data)
    IMU_QuaternionEKF_P                      0x2000031c   Data         144  quaternionekf.o(.data)
    Gimbal_pitch                             0x200003b0   Data           4  gimbal_behaviour.o(.data)
    Gimbal_yaw                               0x200003b4   Data           4  gimbal_behaviour.o(.data)
    __microlib_freelist                      0x200003cc   Data           4  mvars.o(.data)
    __microlib_freelist_initialised          0x200003d0   Data           4  mvars.o(.data)
    hcan1                                    0x2000062c   Data          40  can.o(.bss)
    hcan2                                    0x20000654   Data          40  can.o(.bss)
    hspi1                                    0x2000067c   Data          88  spi.o(.bss)
    hdma_spi1_rx                             0x200006d4   Data          96  spi.o(.bss)
    hdma_spi1_tx                             0x20000734   Data          96  spi.o(.bss)
    htim10                                   0x20000794   Data          72  tim.o(.bss)
    huart3                                   0x200007dc   Data          68  usart.o(.bss)
    huart6                                   0x20000820   Data          68  usart.o(.bss)
    hdma_usart3_rx                           0x20000864   Data          96  usart.o(.bss)
    hdma_usart6_rx                           0x200008c4   Data          96  usart.o(.bss)
    hdma_usart6_tx                           0x20000924   Data          96  usart.o(.bss)
    htim1                                    0x20000984   Data          72  stm32f4xx_hal_timebase_tim.o(.bss)
    hUsbDeviceFS                             0x200009cc   Data         732  usb_device.o(.bss)
    USBD_StrDesc                             0x20000ca8   Data         512  usbd_desc.o(.bss)
    UserRxBufferFS                           0x20000ea8   Data        2048  usbd_cdc_if.o(.bss)
    UserTxBufferFS                           0x200016a8   Data        2048  usbd_cdc_if.o(.bss)
    hpcd_USB_OTG_FS                          0x200020c8   Data        1292  usbd_conf.o(.bss)
    Sbus_RX_Buffer                           0x200062dc   Data          72  bsp_dr16.o(.bss)
    CAN_Encoder                              0x20006324   Data         540  bsp_motor_encoder.o(.bss)
    Gimbal_Control                           0x20006540   Data         496  gimbal_task.o(.bss)
    TempCtrl                                 0x20006730   Data         170  ins_task.o(.bss)
    INS                                      0x200067dc   Data         132  ins_task.o(.bss)
    IMU_Param                                0x20006860   Data          28  ins_task.o(.bss)
    gyroDiff                                 0x200068ac   Data          12  bmi088driver.o(.bss)
    BMI088                                   0x200068b8   Data          52  bmi088driver.o(.bss)
    QEKF_INS                                 0x200068f0   Data         472  quaternionekf.o(.bss)
    IMU_QuaternionEKF_K                      0x20006ac8   Data          72  quaternionekf.o(.bss)
    IMU_QuaternionEKF_H                      0x20006b10   Data          72  quaternionekf.o(.bss)
    _SEGGER_RTT                              0x20006b58   Data         168  segger_rtt.o(.bss)
    __heap_base                              0x200075c0   Data           0  startup_stm32f407xx.o(HEAP)
    __heap_limit                             0x200095c0   Data           0  startup_stm32f407xx.o(HEAP)
    __initial_sp                             0x2000b5c0   Data           0  startup_stm32f407xx.o(STACK)



==============================================================================

Memory Map of the image

  Image Entry point : 0x08000189

  Load Region LR_IROM1 (Base: 0x08000000, Size: 0x0000d81c, Max: 0x00100000, ABSOLUTE, COMPRESSED[0x0000d574])

    Execution Region ER_IROM1 (Exec base: 0x08000000, Load base: 0x08000000, Size: 0x0000d444, Max: 0x00100000, ABSOLUTE)

    Exec Addr    Load Addr    Size         Type   Attr      Idx    E Section Name        Object

    0x08000000   0x08000000   0x00000188   Data   RO            3    RESET               startup_stm32f407xx.o
    0x08000188   0x08000188   0x00000000   Code   RO         9823  * .ARM.Collect$$$$00000000  mc_w.l(entry.o)
    0x08000188   0x08000188   0x00000004   Code   RO         9960    .ARM.Collect$$$$00000001  mc_w.l(entry2.o)
    0x0800018c   0x0800018c   0x00000004   Code   RO         9963    .ARM.Collect$$$$00000004  mc_w.l(entry5.o)
    0x08000190   0x08000190   0x00000000   Code   RO         9965    .ARM.Collect$$$$00000008  mc_w.l(entry7b.o)
    0x08000190   0x08000190   0x00000000   Code   RO         9967    .ARM.Collect$$$$0000000A  mc_w.l(entry8b.o)
    0x08000190   0x08000190   0x00000008   Code   RO         9968    .ARM.Collect$$$$0000000B  mc_w.l(entry9a.o)
    0x08000198   0x08000198   0x00000004   Code   RO         9975    .ARM.Collect$$$$0000000E  mc_w.l(entry12b.o)
    0x0800019c   0x0800019c   0x00000000   Code   RO         9970    .ARM.Collect$$$$0000000F  mc_w.l(entry10a.o)
    0x0800019c   0x0800019c   0x00000000   Code   RO         9972    .ARM.Collect$$$$00000011  mc_w.l(entry11a.o)
    0x0800019c   0x0800019c   0x00000004   Code   RO         9961    .ARM.Collect$$$$00002712  mc_w.l(entry2.o)
    0x080001a0   0x080001a0   0x000000be   Code   RO         6110    .emb_text           port.o
    0x0800025e   0x0800025e   0x00000002   PAD
    0x08000260   0x08000260   0x00000024   Code   RO            4    .text               startup_stm32f407xx.o
    0x08000284   0x08000284   0x00000078   Code   RO         9428    .text               arm_cortexM4lf_math.lib(arm_cos_f32.o)
    0x080002fc   0x080002fc   0x00000094   Code   RO         9478    .text               arm_cortexM4lf_math.lib(arm_sin_f32.o)
    0x08000390   0x08000390   0x00000108   Code   RO         9502    .text               arm_cortexM4lf_math.lib(arm_mat_add_f32.o)
    0x08000498   0x08000498   0x00000008   Code   RO         9526    .text               arm_cortexM4lf_math.lib(arm_mat_init_f32.o)
    0x080004a0   0x080004a0   0x00000530   Code   RO         9550    .text               arm_cortexM4lf_math.lib(arm_mat_inverse_f32.o)
    0x080009d0   0x080009d0   0x0000013c   Code   RO         9574    .text               arm_cortexM4lf_math.lib(arm_mat_mult_f32.o)
    0x08000b0c   0x08000b0c   0x00000108   Code   RO         9598    .text               arm_cortexM4lf_math.lib(arm_mat_sub_f32.o)
    0x08000c14   0x08000c14   0x00000114   Code   RO         9622    .text               arm_cortexM4lf_math.lib(arm_mat_trans_f32.o)
    0x08000d28   0x08000d28   0x00000062   Code   RO         9826    .text               mc_w.l(uldiv.o)
    0x08000d8a   0x08000d8a   0x00000024   Code   RO         9831    .text               mc_w.l(memcpya.o)
    0x08000dae   0x08000dae   0x00000024   Code   RO         9835    .text               mc_w.l(memseta.o)
    0x08000dd2   0x08000dd2   0x0000014e   Code   RO         9899    .text               mf_w.l(dadd.o)
    0x08000f20   0x08000f20   0x000000e4   Code   RO         9901    .text               mf_w.l(dmul.o)
    0x08001004   0x08001004   0x000000de   Code   RO         9903    .text               mf_w.l(ddiv.o)
    0x080010e2   0x080010e2   0x00000022   Code   RO         9905    .text               mf_w.l(dflti.o)
    0x08001104   0x08001104   0x00000026   Code   RO         9909    .text               mf_w.l(f2d.o)
    0x0800112a   0x0800112a   0x00000038   Code   RO         9911    .text               mf_w.l(d2f.o)
    0x08001162   0x08001162   0x0000001e   Code   RO         9981    .text               mc_w.l(llshl.o)
    0x08001180   0x08001180   0x00000020   Code   RO         9983    .text               mc_w.l(llushr.o)
    0x080011a0   0x080011a0   0x00000024   Code   RO         9985    .text               mc_w.l(llsshr.o)
    0x080011c4   0x080011c4   0x00000000   Code   RO         9996    .text               mc_w.l(iusefp.o)
    0x080011c4   0x080011c4   0x0000006e   Code   RO         9997    .text               mf_w.l(fepilogue.o)
    0x08001232   0x08001232   0x000000ba   Code   RO         9999    .text               mf_w.l(depilogue.o)
    0x080012ec   0x080012ec   0x00000024   Code   RO        10019    .text               mc_w.l(init.o)
    0x08001310   0x08001310   0x00000056   Code   RO        10033    .text               mc_w.l(__dczerorl2.o)
    0x08001366   0x08001366   0x00000002   PAD
    0x08001368   0x08001368   0x00000010   Code   RO         8237    i.BMI088_ACCEL_NS_H  bmi088middleware.o
    0x08001378   0x08001378   0x00000010   Code   RO         8238    i.BMI088_ACCEL_NS_L  bmi088middleware.o
    0x08001388   0x08001388   0x00000010   Code   RO         8239    i.BMI088_GYRO_NS_H  bmi088middleware.o
    0x08001398   0x08001398   0x00000010   Code   RO         8240    i.BMI088_GYRO_NS_L  bmi088middleware.o
    0x080013a8   0x080013a8   0x000001ac   Code   RO         8156    i.BMI088_Read       bmi088driver.o
    0x08001554   0x08001554   0x00000080   Code   RO         8157    i.BMI088_init       bmi088driver.o
    0x080015d4   0x080015d4   0x00000024   Code   RO         8158    i.BMI088_read_muli_reg  bmi088driver.o
    0x080015f8   0x080015f8   0x00000016   Code   RO         8159    i.BMI088_read_single_reg  bmi088driver.o
    0x0800160e   0x0800160e   0x00000002   PAD
    0x08001610   0x08001610   0x00000024   Code   RO         8241    i.BMI088_read_write_byte  bmi088middleware.o
    0x08001634   0x08001634   0x00000012   Code   RO         8160    i.BMI088_write_single_reg  bmi088driver.o
    0x08001646   0x08001646   0x0000003a   Code   RO         7423    i.Block_Detect      bsp_motor_encoder.o
    0x08001680   0x08001680   0x000000ea   Code   RO         7775    i.BodyFrameToEarthFrame  ins_task.o
    0x0800176a   0x0800176a   0x00000002   Code   RO          565    i.BusFault_Handler  stm32f4xx_it.o
    0x0800176c   0x0800176c   0x0000000c   Code   RO          566    i.CAN1_RX0_IRQHandler  stm32f4xx_it.o
    0x08001778   0x08001778   0x00000038   Code   RO         7976    i.CAN1_filter_config  can1_receive.o
    0x080017b0   0x080017b0   0x0000000c   Code   RO          567    i.CAN2_RX0_IRQHandler  stm32f4xx_it.o
    0x080017bc   0x080017bc   0x0000003c   Code   RO         8090    i.CAN2_filter_config  can2_receive.o
    0x080017f8   0x080017f8   0x000000c4   Code   RO         7425    i.CAN_DATA_Encoder_Deal  bsp_motor_encoder.o
    0x080018bc   0x080018bc   0x00000004   Code   RO          902    i.CDC_Control_FS    usbd_cdc_if.o
    0x080018c0   0x080018c0   0x00000004   Code   RO          903    i.CDC_DeInit_FS     usbd_cdc_if.o
    0x080018c4   0x080018c4   0x00000024   Code   RO          904    i.CDC_Init_FS       usbd_cdc_if.o
    0x080018e8   0x080018e8   0x00000030   Code   RO          905    i.CDC_Receive_FS    usbd_cdc_if.o
    0x08001918   0x08001918   0x00000004   Code   RO          906    i.CDC_TransmitCplt_FS  usbd_cdc_if.o
    0x0800191c   0x0800191c   0x0000002c   Code   RO          907    i.CDC_Transmit_FS   usbd_cdc_if.o
    0x08001948   0x08001948   0x00000404   Code   RO         8161    i.Calibrate_MPU_Offset  bmi088driver.o
    0x08001d4c   0x08001d4c   0x00000092   Code   RO         7027    i.Changing_Integration_Rate  pid.o
    0x08001dde   0x08001dde   0x00000002   PAD
    0x08001de0   0x08001de0   0x0000000c   Code   RO          568    i.DMA1_Stream1_IRQHandler  stm32f4xx_it.o
    0x08001dec   0x08001dec   0x0000000c   Code   RO          569    i.DMA2_Stream0_IRQHandler  stm32f4xx_it.o
    0x08001df8   0x08001df8   0x0000000c   Code   RO          570    i.DMA2_Stream1_IRQHandler  stm32f4xx_it.o
    0x08001e04   0x08001e04   0x0000000c   Code   RO          571    i.DMA2_Stream3_IRQHandler  stm32f4xx_it.o
    0x08001e10   0x08001e10   0x0000000c   Code   RO          572    i.DMA2_Stream6_IRQHandler  stm32f4xx_it.o
    0x08001e1c   0x08001e1c   0x00000028   Code   RO         2284    i.DMA_CalcBaseAndBitshift  stm32f4xx_hal_dma.o
    0x08001e44   0x08001e44   0x00000054   Code   RO         2285    i.DMA_CheckFifoParam  stm32f4xx_hal_dma.o
    0x08001e98   0x08001e98   0x00000028   Code   RO         7346    i.DWT_CNT_Update    bsp_dwt.o
    0x08001ec0   0x08001ec0   0x00000034   Code   RO         7347    i.DWT_Delay         bsp_dwt.o
    0x08001ef4   0x08001ef4   0x00000044   Code   RO         7348    i.DWT_GetDeltaT     bsp_dwt.o
    0x08001f38   0x08001f38   0x00000044   Code   RO         7351    i.DWT_GetTimeline_s  bsp_dwt.o
    0x08001f7c   0x08001f7c   0x00000048   Code   RO         7353    i.DWT_Init          bsp_dwt.o
    0x08001fc4   0x08001fc4   0x00000094   Code   RO         7354    i.DWT_SysTimeUpdate  bsp_dwt.o
    0x08002058   0x08002058   0x00000002   Code   RO          573    i.DebugMon_Handler  stm32f4xx_it.o
    0x0800205a   0x0800205a   0x00000002   PAD
    0x0800205c   0x0800205c   0x00000018   Code   RO         7245    i.ECF_RC_Init       bsp_dr16.o
    0x08002074   0x08002074   0x0000000c   Code   RO         7246    i.ECF_RC_UART_Handler  bsp_dr16.o
    0x08002080   0x08002080   0x00000006   Code   RO          574    i.EXTI4_IRQHandler  stm32f4xx_it.o
    0x08002086   0x08002086   0x00000006   Code   RO          575    i.EXTI9_5_IRQHandler  stm32f4xx_it.o
    0x0800208c   0x0800208c   0x000000ea   Code   RO         7776    i.EarthFrameToBodyFrame  ins_task.o
    0x08002176   0x08002176   0x0000000c   Code   RO         7426    i.EncoderValZero    bsp_motor_encoder.o
    0x08002182   0x08002182   0x00000002   PAD
    0x08002184   0x08002184   0x00000078   Code   RO         7427    i.Encoder_Init      bsp_motor_encoder.o
    0x080021fc   0x080021fc   0x00000006   Code   RO         7428    i.Encoder_Struct_Zero  bsp_motor_encoder.o
    0x08002202   0x08002202   0x00000004   Code   RO           13    i.Error_Handler     main.o
    0x08002206   0x08002206   0x00000002   PAD
    0x08002208   0x08002208   0x00000008   Code   RO         7778    i.Get_INS_Point     ins_task.o
    0x08002210   0x08002210   0x00000118   Code   RO         7628    i.Gimbal_Init       gimbal_task.o
    0x08002328   0x08002328   0x0000005c   Code   RO         7629    i.Gimbal_Task       gimbal_task.o
    0x08002384   0x08002384   0x00000024   Code   RO         2958    i.HAL_CAN_ActivateNotification  stm32f4xx_hal_can.o
    0x080023a8   0x080023a8   0x000000dc   Code   RO         2959    i.HAL_CAN_AddTxMessage  stm32f4xx_hal_can.o
    0x08002484   0x08002484   0x0000010c   Code   RO         2960    i.HAL_CAN_ConfigFilter  stm32f4xx_hal_can.o
    0x08002590   0x08002590   0x00000002   Code   RO         2963    i.HAL_CAN_ErrorCallback  stm32f4xx_hal_can.o
    0x08002592   0x08002592   0x000000e8   Code   RO         2966    i.HAL_CAN_GetRxMessage  stm32f4xx_hal_can.o
    0x0800267a   0x0800267a   0x000001fc   Code   RO         2970    i.HAL_CAN_IRQHandler  stm32f4xx_hal_can.o
    0x08002876   0x08002876   0x0000011a   Code   RO         2971    i.HAL_CAN_Init      stm32f4xx_hal_can.o
    0x08002990   0x08002990   0x0000001e   Code   RO         2973    i.HAL_CAN_IsTxMessagePending  stm32f4xx_hal_can.o
    0x080029ae   0x080029ae   0x00000002   PAD
    0x080029b0   0x080029b0   0x000000fc   Code   RO          355    i.HAL_CAN_MspInit   can.o
    0x08002aac   0x08002aac   0x00000002   Code   RO         2978    i.HAL_CAN_RxFifo0FullCallback  stm32f4xx_hal_can.o
    0x08002aae   0x08002aae   0x00000002   PAD
    0x08002ab0   0x08002ab0   0x0000002c   Code   RO         7977    i.HAL_CAN_RxFifo0MsgPendingCallback  can1_receive.o
    0x08002adc   0x08002adc   0x00000002   Code   RO         2980    i.HAL_CAN_RxFifo1FullCallback  stm32f4xx_hal_can.o
    0x08002ade   0x08002ade   0x00000002   Code   RO         2981    i.HAL_CAN_RxFifo1MsgPendingCallback  stm32f4xx_hal_can.o
    0x08002ae0   0x08002ae0   0x00000002   Code   RO         2982    i.HAL_CAN_SleepCallback  stm32f4xx_hal_can.o
    0x08002ae2   0x08002ae2   0x00000002   PAD
    0x08002ae4   0x08002ae4   0x00000058   Code   RO         2983    i.HAL_CAN_Start     stm32f4xx_hal_can.o
    0x08002b3c   0x08002b3c   0x00000002   Code   RO         2985    i.HAL_CAN_TxMailbox0AbortCallback  stm32f4xx_hal_can.o
    0x08002b3e   0x08002b3e   0x00000002   Code   RO         2986    i.HAL_CAN_TxMailbox0CompleteCallback  stm32f4xx_hal_can.o
    0x08002b40   0x08002b40   0x00000002   Code   RO         2987    i.HAL_CAN_TxMailbox1AbortCallback  stm32f4xx_hal_can.o
    0x08002b42   0x08002b42   0x00000002   Code   RO         2988    i.HAL_CAN_TxMailbox1CompleteCallback  stm32f4xx_hal_can.o
    0x08002b44   0x08002b44   0x00000002   Code   RO         2989    i.HAL_CAN_TxMailbox2AbortCallback  stm32f4xx_hal_can.o
    0x08002b46   0x08002b46   0x00000002   Code   RO         2990    i.HAL_CAN_TxMailbox2CompleteCallback  stm32f4xx_hal_can.o
    0x08002b48   0x08002b48   0x00000002   Code   RO         2992    i.HAL_CAN_WakeUpFromRxMsgCallback  stm32f4xx_hal_can.o
    0x08002b4a   0x08002b4a   0x00000092   Code   RO         2287    i.HAL_DMA_Abort     stm32f4xx_hal_dma.o
    0x08002bdc   0x08002bdc   0x00000024   Code   RO         2288    i.HAL_DMA_Abort_IT  stm32f4xx_hal_dma.o
    0x08002c00   0x08002c00   0x000001a0   Code   RO         2292    i.HAL_DMA_IRQHandler  stm32f4xx_hal_dma.o
    0x08002da0   0x08002da0   0x000000d4   Code   RO         2293    i.HAL_DMA_Init      stm32f4xx_hal_dma.o
    0x08002e74   0x08002e74   0x00000024   Code   RO         2706    i.HAL_Delay         stm32f4xx_hal.o
    0x08002e98   0x08002e98   0x00000002   Code   RO         2178    i.HAL_GPIO_EXTI_Callback  stm32f4xx_hal_gpio.o
    0x08002e9a   0x08002e9a   0x00000002   PAD
    0x08002e9c   0x08002e9c   0x00000018   Code   RO         2179    i.HAL_GPIO_EXTI_IRQHandler  stm32f4xx_hal_gpio.o
    0x08002eb4   0x08002eb4   0x000001f0   Code   RO         2180    i.HAL_GPIO_Init     stm32f4xx_hal_gpio.o
    0x080030a4   0x080030a4   0x0000000a   Code   RO         2184    i.HAL_GPIO_WritePin  stm32f4xx_hal_gpio.o
    0x080030ae   0x080030ae   0x00000002   PAD
    0x080030b0   0x080030b0   0x0000000c   Code   RO         2712    i.HAL_GetTick       stm32f4xx_hal.o
    0x080030bc   0x080030bc   0x00000010   Code   RO         2718    i.HAL_IncTick       stm32f4xx_hal.o
    0x080030cc   0x080030cc   0x00000034   Code   RO         2719    i.HAL_Init          stm32f4xx_hal.o
    0x08003100   0x08003100   0x0000008c   Code   RO          725    i.HAL_InitTick      stm32f4xx_hal_timebase_tim.o
    0x0800318c   0x0800318c   0x00000038   Code   RO          701    i.HAL_MspInit       stm32f4xx_hal_msp.o
    0x080031c4   0x080031c4   0x0000001a   Code   RO         2569    i.HAL_NVIC_EnableIRQ  stm32f4xx_hal_cortex.o
    0x080031de   0x080031de   0x00000002   PAD
    0x080031e0   0x080031e0   0x00000040   Code   RO         2575    i.HAL_NVIC_SetPriority  stm32f4xx_hal_cortex.o
    0x08003220   0x08003220   0x00000024   Code   RO         2576    i.HAL_NVIC_SetPriorityGrouping  stm32f4xx_hal_cortex.o
    0x08003244   0x08003244   0x00000002   Code   RO         1479    i.HAL_PCDEx_LPM_Callback  stm32f4xx_hal_pcd_ex.o
    0x08003246   0x08003246   0x00000008   Code   RO         1480    i.HAL_PCDEx_SetRxFiFo  stm32f4xx_hal_pcd_ex.o
    0x0800324e   0x0800324e   0x00000044   Code   RO         1481    i.HAL_PCDEx_SetTxFiFo  stm32f4xx_hal_pcd_ex.o
    0x08003292   0x08003292   0x00000008   Code   RO         1033    i.HAL_PCD_ConnectCallback  usbd_conf.o
    0x0800329a   0x0800329a   0x00000012   Code   RO         1034    i.HAL_PCD_DataInStageCallback  usbd_conf.o
    0x080032ac   0x080032ac   0x00000014   Code   RO         1035    i.HAL_PCD_DataOutStageCallback  usbd_conf.o
    0x080032c0   0x080032c0   0x00000008   Code   RO         1036    i.HAL_PCD_DisconnectCallback  usbd_conf.o
    0x080032c8   0x080032c8   0x0000001e   Code   RO         1249    i.HAL_PCD_EP_Abort  stm32f4xx_hal_pcd.o
    0x080032e6   0x080032e6   0x0000004c   Code   RO         1250    i.HAL_PCD_EP_Close  stm32f4xx_hal_pcd.o
    0x08003332   0x08003332   0x0000005c   Code   RO         1251    i.HAL_PCD_EP_ClrStall  stm32f4xx_hal_pcd.o
    0x0800338e   0x0800338e   0x00000012   Code   RO         1253    i.HAL_PCD_EP_GetRxCount  stm32f4xx_hal_pcd.o
    0x080033a0   0x080033a0   0x00000060   Code   RO         1254    i.HAL_PCD_EP_Open   stm32f4xx_hal_pcd.o
    0x08003400   0x08003400   0x00000048   Code   RO         1255    i.HAL_PCD_EP_Receive  stm32f4xx_hal_pcd.o
    0x08003448   0x08003448   0x00000074   Code   RO         1256    i.HAL_PCD_EP_SetStall  stm32f4xx_hal_pcd.o
    0x080034bc   0x080034bc   0x00000040   Code   RO         1257    i.HAL_PCD_EP_Transmit  stm32f4xx_hal_pcd.o
    0x080034fc   0x080034fc   0x00000560   Code   RO         1259    i.HAL_PCD_IRQHandler  stm32f4xx_hal_pcd.o
    0x08003a5c   0x08003a5c   0x00000008   Code   RO         1037    i.HAL_PCD_ISOINIncompleteCallback  usbd_conf.o
    0x08003a64   0x08003a64   0x00000008   Code   RO         1038    i.HAL_PCD_ISOOUTIncompleteCallback  usbd_conf.o
    0x08003a6c   0x08003a6c   0x000000e2   Code   RO         1262    i.HAL_PCD_Init      stm32f4xx_hal_pcd.o
    0x08003b4e   0x08003b4e   0x00000002   PAD
    0x08003b50   0x08003b50   0x00000084   Code   RO         1040    i.HAL_PCD_MspInit   usbd_conf.o
    0x08003bd4   0x08003bd4   0x0000002c   Code   RO         1041    i.HAL_PCD_ResetCallback  usbd_conf.o
    0x08003c00   0x08003c00   0x00000008   Code   RO         1042    i.HAL_PCD_ResumeCallback  usbd_conf.o
    0x08003c08   0x08003c08   0x00000008   Code   RO         1043    i.HAL_PCD_SOFCallback  usbd_conf.o
    0x08003c10   0x08003c10   0x00000028   Code   RO         1268    i.HAL_PCD_SetAddress  stm32f4xx_hal_pcd.o
    0x08003c38   0x08003c38   0x0000000e   Code   RO         1044    i.HAL_PCD_SetupStageCallback  usbd_conf.o
    0x08003c46   0x08003c46   0x00000042   Code   RO         1271    i.HAL_PCD_Start     stm32f4xx_hal_pcd.o
    0x08003c88   0x08003c88   0x00000030   Code   RO         1045    i.HAL_PCD_SuspendCallback  usbd_conf.o
    0x08003cb8   0x08003cb8   0x00000134   Code   RO         1826    i.HAL_RCC_ClockConfig  stm32f4xx_hal_rcc.o
    0x08003dec   0x08003dec   0x00000040   Code   RO         1830    i.HAL_RCC_GetClockConfig  stm32f4xx_hal_rcc.o
    0x08003e2c   0x08003e2c   0x0000000c   Code   RO         1831    i.HAL_RCC_GetHCLKFreq  stm32f4xx_hal_rcc.o
    0x08003e38   0x08003e38   0x00000020   Code   RO         1833    i.HAL_RCC_GetPCLK1Freq  stm32f4xx_hal_rcc.o
    0x08003e58   0x08003e58   0x00000020   Code   RO         1834    i.HAL_RCC_GetPCLK2Freq  stm32f4xx_hal_rcc.o
    0x08003e78   0x08003e78   0x00000064   Code   RO         1835    i.HAL_RCC_GetSysClockFreq  stm32f4xx_hal_rcc.o
    0x08003edc   0x08003edc   0x0000036c   Code   RO         1838    i.HAL_RCC_OscConfig  stm32f4xx_hal_rcc.o
    0x08004248   0x08004248   0x000000bc   Code   RO         3202    i.HAL_SPI_Init      stm32f4xx_hal_spi.o
    0x08004304   0x08004304   0x000000fc   Code   RO          428    i.HAL_SPI_MspInit   spi.o
    0x08004400   0x08004400   0x000001e2   Code   RO         3211    i.HAL_SPI_TransmitReceive  stm32f4xx_hal_spi.o
    0x080045e2   0x080045e2   0x00000002   Code   RO         4219    i.HAL_TIMEx_BreakCallback  stm32f4xx_hal_tim_ex.o
    0x080045e4   0x080045e4   0x00000002   Code   RO         4220    i.HAL_TIMEx_CommutCallback  stm32f4xx_hal_tim_ex.o
    0x080045e6   0x080045e6   0x0000005a   Code   RO         3515    i.HAL_TIM_Base_Init  stm32f4xx_hal_tim.o
    0x08004640   0x08004640   0x0000003c   Code   RO          470    i.HAL_TIM_Base_MspInit  tim.o
    0x0800467c   0x0800467c   0x00000080   Code   RO         3520    i.HAL_TIM_Base_Start_IT  stm32f4xx_hal_tim.o
    0x080046fc   0x080046fc   0x00000002   Code   RO         3549    i.HAL_TIM_IC_CaptureCallback  stm32f4xx_hal_tim.o
    0x080046fe   0x080046fe   0x00000166   Code   RO         3563    i.HAL_TIM_IRQHandler  stm32f4xx_hal_tim.o
    0x08004864   0x08004864   0x00000054   Code   RO          471    i.HAL_TIM_MspPostInit  tim.o
    0x080048b8   0x080048b8   0x00000002   Code   RO         3566    i.HAL_TIM_OC_DelayElapsedCallback  stm32f4xx_hal_tim.o
    0x080048ba   0x080048ba   0x000000cc   Code   RO         3587    i.HAL_TIM_PWM_ConfigChannel  stm32f4xx_hal_tim.o
    0x08004986   0x08004986   0x0000005a   Code   RO         3590    i.HAL_TIM_PWM_Init  stm32f4xx_hal_tim.o
    0x080049e0   0x080049e0   0x00000002   Code   RO         3592    i.HAL_TIM_PWM_MspInit  stm32f4xx_hal_tim.o
    0x080049e2   0x080049e2   0x00000002   Code   RO         3593    i.HAL_TIM_PWM_PulseFinishedCallback  stm32f4xx_hal_tim.o
    0x080049e4   0x080049e4   0x000000c8   Code   RO         3595    i.HAL_TIM_PWM_Start  stm32f4xx_hal_tim.o
    0x08004aac   0x08004aac   0x00000014   Code   RO           14    i.HAL_TIM_PeriodElapsedCallback  main.o
    0x08004ac0   0x08004ac0   0x00000002   Code   RO         3606    i.HAL_TIM_TriggerCallback  stm32f4xx_hal_tim.o
    0x08004ac2   0x08004ac2   0x00000002   Code   RO         4497    i.HAL_UARTEx_RxEventCallback  stm32f4xx_hal_uart.o
    0x08004ac4   0x08004ac4   0x00000002   Code   RO         4511    i.HAL_UART_ErrorCallback  stm32f4xx_hal_uart.o
    0x08004ac6   0x08004ac6   0x00000002   PAD
    0x08004ac8   0x08004ac8   0x00000268   Code   RO         4514    i.HAL_UART_IRQHandler  stm32f4xx_hal_uart.o
    0x08004d30   0x08004d30   0x00000062   Code   RO         4515    i.HAL_UART_Init     stm32f4xx_hal_uart.o
    0x08004d92   0x08004d92   0x00000002   PAD
    0x08004d94   0x08004d94   0x0000016c   Code   RO          518    i.HAL_UART_MspInit  usart.o
    0x08004f00   0x08004f00   0x00000002   Code   RO         4521    i.HAL_UART_RxCpltCallback  stm32f4xx_hal_uart.o
    0x08004f02   0x08004f02   0x00000002   Code   RO         4526    i.HAL_UART_TxCpltCallback  stm32f4xx_hal_uart.o
    0x08004f04   0x08004f04   0x000000fc   Code   RO         8396    i.H_K_R_Adjustment  kalman_filter.o
    0x08005000   0x08005000   0x00000002   Code   RO          576    i.HardFault_Handler  stm32f4xx_it.o
    0x08005002   0x08005002   0x00000002   PAD
    0x08005004   0x08005004   0x00000244   Code   RO         7779    i.IMU_Param_Correction  ins_task.o
    0x08005248   0x08005248   0x000000c8   Code   RO         8473    i.IMU_QuaternionEKF_Init  quaternionekf.o
    0x08005310   0x08005310   0x00000034   Code   RO         8474    i.IMU_QuaternionEKF_Observe  quaternionekf.o
    0x08005344   0x08005344   0x000000c4   Code   RO         8475    i.IMU_QuaternionEKF_SetH  quaternionekf.o
    0x08005408   0x08005408   0x00000414   Code   RO         8476    i.IMU_QuaternionEKF_Update  quaternionekf.o
    0x0800581c   0x0800581c   0x00000158   Code   RO         8477    i.IMU_QuaternionEKF_User_Func1  quaternionekf.o
    0x08005974   0x08005974   0x000003c4   Code   RO         8478    i.IMU_QuaternionEKF_xhatUpdate  quaternionekf.o
    0x08005d38   0x08005d38   0x00000060   Code   RO         7780    i.IMU_Temperature_Ctrl  ins_task.o
    0x08005d98   0x08005d98   0x000000b8   Code   RO         7781    i.INS_Init          ins_task.o
    0x08005e50   0x08005e50   0x000001dc   Code   RO         7782    i.INS_Task          ins_task.o
    0x0800602c   0x0800602c   0x00000094   Code   RO         7719    i.Init_Task         init_task.o
    0x080060c0   0x080060c0   0x00000038   Code   RO          816    i.IntToUnicode      usbd_desc.o
    0x080060f8   0x080060f8   0x000003e8   Code   RO         8397    i.Kalman_Filter_Init  kalman_filter.o
    0x080064e0   0x080064e0   0x00000048   Code   RO         8398    i.Kalman_Filter_Measure  kalman_filter.o
    0x08006528   0x08006528   0x0000006a   Code   RO         8399    i.Kalman_Filter_P_Update  kalman_filter.o
    0x08006592   0x08006592   0x0000006c   Code   RO         8400    i.Kalman_Filter_PminusUpdate  kalman_filter.o
    0x080065fe   0x080065fe   0x000000cc   Code   RO         8401    i.Kalman_Filter_SetK  kalman_filter.o
    0x080066ca   0x080066ca   0x00000002   PAD
    0x080066cc   0x080066cc   0x000000e8   Code   RO         8402    i.Kalman_Filter_Update  kalman_filter.o
    0x080067b4   0x080067b4   0x00000074   Code   RO         8403    i.Kalman_Filter_xhatMinusUpdate  kalman_filter.o
    0x08006828   0x08006828   0x00000084   Code   RO         8404    i.Kalman_Filter_xhatUpdate  kalman_filter.o
    0x080068ac   0x080068ac   0x0000007c   Code   RO         6897    i.LQR_Calculate     lqr.o
    0x08006928   0x08006928   0x00000020   Code   RO         6899    i.LQR_Data_Update   lqr.o
    0x08006948   0x08006948   0x0000004a   Code   RO         6900    i.LQR_Init          lqr.o
    0x08006992   0x08006992   0x00000002   PAD
    0x08006994   0x08006994   0x00000048   Code   RO          356    i.MX_CAN1_Init      can.o
    0x080069dc   0x080069dc   0x00000048   Code   RO          357    i.MX_CAN2_Init      can.o
    0x08006a24   0x08006a24   0x0000007c   Code   RO          403    i.MX_DMA_Init       dma.o
    0x08006aa0   0x08006aa0   0x0000003c   Code   RO          304    i.MX_FREERTOS_Init  freertos.o
    0x08006adc   0x08006adc   0x0000012c   Code   RO          280    i.MX_GPIO_Init      gpio.o
    0x08006c08   0x08006c08   0x00000048   Code   RO          429    i.MX_SPI1_Init      spi.o
    0x08006c50   0x08006c50   0x00000068   Code   RO          472    i.MX_TIM10_Init     tim.o
    0x08006cb8   0x08006cb8   0x00000040   Code   RO          519    i.MX_USART3_UART_Init  usart.o
    0x08006cf8   0x08006cf8   0x00000038   Code   RO          520    i.MX_USART6_UART_Init  usart.o
    0x08006d30   0x08006d30   0x00000054   Code   RO          764    i.MX_USB_DEVICE_Init  usb_device.o
    0x08006d84   0x08006d84   0x00000002   Code   RO          577    i.MemManage_Handler  stm32f4xx_it.o
    0x08006d86   0x08006d86   0x00000002   Code   RO          578    i.NMI_Handler       stm32f4xx_it.o
    0x08006d88   0x08006d88   0x000001f4   Code   RO         7098    i.OLS_Derivative    user_lib.o
    0x08006f7c   0x08006f7c   0x00000042   Code   RO         7099    i.OLS_Init          user_lib.o
    0x08006fbe   0x08006fbe   0x00000002   PAD
    0x08006fc0   0x08006fc0   0x0000000c   Code   RO          579    i.OTG_FS_IRQHandler  stm32f4xx_it.o
    0x08006fcc   0x08006fcc   0x000000cc   Code   RO         1275    i.PCD_EP_OutXfrComplete_int  stm32f4xx_hal_pcd.o
    0x08007098   0x08007098   0x000000a2   Code   RO         1276    i.PCD_WriteEmptyTxFifo  stm32f4xx_hal_pcd.o
    0x0800713a   0x0800713a   0x00000002   PAD
    0x0800713c   0x0800713c   0x0000044c   Code   RO         8297    i.PID_Calculate     controller.o
    0x08007588   0x08007588   0x0000006e   Code   RO         8298    i.PID_Init          controller.o
    0x080075f6   0x080075f6   0x0000025c   Code   RO         7028    i.PidCalculate      pid.o
    0x08007852   0x08007852   0x0000003c   Code   RO         7029    i.PidInit           pid.o
    0x0800788e   0x0800788e   0x00000082   Code   RO         7030    i.PidInitMode       pid.o
    0x08007910   0x08007910   0x000000e6   Code   RO         7248    i.RC_DataProcess    bsp_dr16.o
    0x080079f6   0x080079f6   0x00000002   PAD
    0x080079f8   0x080079f8   0x00000008   Code   RO         7250    i.RC_Get_RC_Pointer  bsp_dr16.o
    0x08007a00   0x08007a00   0x00000062   Code   RO         7251    i.RC_Init           bsp_dr16.o
    0x08007a62   0x08007a62   0x00000002   PAD
    0x08007a64   0x08007a64   0x000000ac   Code   RO         7253    i.RC_UART_IRQHandler  bsp_dr16.o
    0x08007b10   0x08007b10   0x00000068   Code   RO         8633    i.SEGGER_RTT_AllocUpBuffer  segger_rtt.o
    0x08007b78   0x08007b78   0x0000005c   Code   RO         8634    i.SEGGER_RTT_ConfigDownBuffer  segger_rtt.o
    0x08007bd4   0x08007bd4   0x0000007c   Code   RO         8647    i.SEGGER_RTT_ReadNoLock  segger_rtt.o
    0x08007c50   0x08007c50   0x00000070   Code   RO         8661    i.SEGGER_RTT_WriteSkipNoLock  segger_rtt.o
    0x08007cc0   0x08007cc0   0x00000028   Code   RO         9358    i.SEGGER_SYSVIEW_Conf  segger_sysview_config_freertos.o
    0x08007ce8   0x08007ce8   0x00000080   Code   RO         8910    i.SEGGER_SYSVIEW_GetSysDesc  segger_sysview.o
    0x08007d68   0x08007d68   0x00000060   Code   RO         8911    i.SEGGER_SYSVIEW_Init  segger_sysview.o
    0x08007dc8   0x08007dc8   0x00000034   Code   RO         8939    i.SEGGER_SYSVIEW_RecordSystime  segger_sysview.o
    0x08007dfc   0x08007dfc   0x0000003c   Code   RO         8940    i.SEGGER_SYSVIEW_RecordU32  segger_sysview.o
    0x08007e38   0x08007e38   0x00000050   Code   RO         8942    i.SEGGER_SYSVIEW_RecordU32x2  segger_sysview.o
    0x08007e88   0x08007e88   0x00000024   Code   RO         8950    i.SEGGER_SYSVIEW_RecordVoid  segger_sysview.o
    0x08007eac   0x08007eac   0x00000078   Code   RO         8952    i.SEGGER_SYSVIEW_SendModule  segger_sysview.o
    0x08007f24   0x08007f24   0x0000001c   Code   RO         8953    i.SEGGER_SYSVIEW_SendModuleDescription  segger_sysview.o
    0x08007f40   0x08007f40   0x00000040   Code   RO         8954    i.SEGGER_SYSVIEW_SendNumModules  segger_sysview.o
    0x08007f80   0x08007f80   0x00000030   Code   RO         8956    i.SEGGER_SYSVIEW_SendSysDesc  segger_sysview.o
    0x08007fb0   0x08007fb0   0x000000c8   Code   RO         8957    i.SEGGER_SYSVIEW_SendTaskInfo  segger_sysview.o
    0x08008078   0x08008078   0x00000018   Code   RO         8958    i.SEGGER_SYSVIEW_SendTaskList  segger_sysview.o
    0x08008090   0x08008090   0x0000000c   Code   RO         8959    i.SEGGER_SYSVIEW_SetRAMBase  segger_sysview.o
    0x0800809c   0x0800809c   0x000000b0   Code   RO         8961    i.SEGGER_SYSVIEW_Start  segger_sysview.o
    0x0800814c   0x0800814c   0x00000030   Code   RO         8962    i.SEGGER_SYSVIEW_Stop  segger_sysview.o
    0x0800817c   0x0800817c   0x00000058   Code   RO         3240    i.SPI_EndRxTxTransaction  stm32f4xx_hal_spi.o
    0x080081d4   0x080081d4   0x000000b8   Code   RO         3245    i.SPI_WaitFlagStateUntilTimeout  stm32f4xx_hal_spi.o
    0x0800828c   0x0800828c   0x0000000a   Code   RO         6349    i.SWAPBYTE          usbd_ctlreq.o
    0x08008296   0x08008296   0x0000002a   Code   RO         9378    i.SYSVIEW_SendTaskInfo  segger_sysview_freertos.o
    0x080082c0   0x080082c0   0x00000018   Code   RO         7872    i.Safe_Task         task_safe.o
    0x080082d8   0x080082d8   0x0000000c   Code   RO          305    i.StartDefaultTask  freertos.o
    0x080082e4   0x080082e4   0x0000002c   Code   RO         6111    i.SysTick_Handler   port.o
    0x08008310   0x08008310   0x00000094   Code   RO           15    i.SystemClock_Config  main.o
    0x080083a4   0x080083a4   0x00000010   Code   RO         4844    i.SystemInit        system_stm32f4xx.o
    0x080083b4   0x080083b4   0x0000001c   Code   RO          580    i.TIM1_UP_TIM10_IRQHandler  stm32f4xx_it.o
    0x080083d0   0x080083d0   0x000000c8   Code   RO         3608    i.TIM_Base_SetConfig  stm32f4xx_hal_tim.o
    0x08008498   0x08008498   0x0000001a   Code   RO         3609    i.TIM_CCxChannelCmd  stm32f4xx_hal_tim.o
    0x080084b2   0x080084b2   0x00000002   PAD
    0x080084b4   0x080084b4   0x00000060   Code   RO         3621    i.TIM_OC1_SetConfig  stm32f4xx_hal_tim.o
    0x08008514   0x08008514   0x0000006c   Code   RO         3622    i.TIM_OC2_SetConfig  stm32f4xx_hal_tim.o
    0x08008580   0x08008580   0x00000068   Code   RO         3623    i.TIM_OC3_SetConfig  stm32f4xx_hal_tim.o
    0x080085e8   0x080085e8   0x00000050   Code   RO         3624    i.TIM_OC4_SetConfig  stm32f4xx_hal_tim.o
    0x08008638   0x08008638   0x0000002a   Code   RO         7565    i.TIM_Set_PWM       bsp_pwm.o
    0x08008662   0x08008662   0x00000010   Code   RO         4528    i.UART_DMAAbortOnError  stm32f4xx_hal_uart.o
    0x08008672   0x08008672   0x0000004e   Code   RO         4538    i.UART_EndRxTransfer  stm32f4xx_hal_uart.o
    0x080086c0   0x080086c0   0x000000c0   Code   RO         4540    i.UART_Receive_IT   stm32f4xx_hal_uart.o
    0x08008780   0x08008780   0x0000010c   Code   RO         4541    i.UART_SetConfig    stm32f4xx_hal_uart.o
    0x0800888c   0x0800888c   0x00000014   Code   RO          581    i.USART3_IRQHandler  stm32f4xx_it.o
    0x080088a0   0x080088a0   0x0000000c   Code   RO          582    i.USART6_IRQHandler  stm32f4xx_it.o
    0x080088ac   0x080088ac   0x00000076   Code   RO         6482    i.USBD_CDC_DataIn   usbd_cdc.o
    0x08008922   0x08008922   0x0000003c   Code   RO         6483    i.USBD_CDC_DataOut  usbd_cdc.o
    0x0800895e   0x0800895e   0x00000002   PAD
    0x08008960   0x08008960   0x00000090   Code   RO         6484    i.USBD_CDC_DeInit   usbd_cdc.o
    0x080089f0   0x080089f0   0x00000036   Code   RO         6485    i.USBD_CDC_EP0_RxReady  usbd_cdc.o
    0x08008a26   0x08008a26   0x00000002   PAD
    0x08008a28   0x08008a28   0x0000000c   Code   RO         6486    i.USBD_CDC_GetDeviceQualifierDescriptor  usbd_cdc.o
    0x08008a34   0x08008a34   0x0000003c   Code   RO         6487    i.USBD_CDC_GetFSCfgDesc  usbd_cdc.o
    0x08008a70   0x08008a70   0x00000040   Code   RO         6488    i.USBD_CDC_GetHSCfgDesc  usbd_cdc.o
    0x08008ab0   0x08008ab0   0x0000003c   Code   RO         6489    i.USBD_CDC_GetOtherSpeedCfgDesc  usbd_cdc.o
    0x08008aec   0x08008aec   0x00000118   Code   RO         6490    i.USBD_CDC_Init     usbd_cdc.o
    0x08008c04   0x08008c04   0x00000038   Code   RO         6491    i.USBD_CDC_ReceivePacket  usbd_cdc.o
    0x08008c3c   0x08008c3c   0x00000016   Code   RO         6492    i.USBD_CDC_RegisterInterface  usbd_cdc.o
    0x08008c52   0x08008c52   0x0000001a   Code   RO         6493    i.USBD_CDC_SetRxBuffer  usbd_cdc.o
    0x08008c6c   0x08008c6c   0x0000001e   Code   RO         6494    i.USBD_CDC_SetTxBuffer  usbd_cdc.o
    0x08008c8a   0x08008c8a   0x000000d4   Code   RO         6495    i.USBD_CDC_Setup    usbd_cdc.o
    0x08008d5e   0x08008d5e   0x00000002   PAD
    0x08008d60   0x08008d60   0x00000050   Code   RO         6496    i.USBD_CDC_TransmitPacket  usbd_cdc.o
    0x08008db0   0x08008db0   0x00000014   Code   RO         6190    i.USBD_ClrClassConfig  usbd_core.o
    0x08008dc4   0x08008dc4   0x00000004   Code   RO         6191    i.USBD_CoreFindEP   usbd_core.o
    0x08008dc8   0x08008dc8   0x00000004   Code   RO         6192    i.USBD_CoreFindIF   usbd_core.o
    0x08008dcc   0x08008dcc   0x00000010   Code   RO         6422    i.USBD_CtlContinueRx  usbd_ioreq.o
    0x08008ddc   0x08008ddc   0x00000010   Code   RO         6423    i.USBD_CtlContinueSendData  usbd_ioreq.o
    0x08008dec   0x08008dec   0x00000016   Code   RO         6350    i.USBD_CtlError     usbd_ctlreq.o
    0x08008e02   0x08008e02   0x0000001e   Code   RO         6424    i.USBD_CtlPrepareRx  usbd_ioreq.o
    0x08008e20   0x08008e20   0x00000016   Code   RO         6425    i.USBD_CtlReceiveStatus  usbd_ioreq.o
    0x08008e36   0x08008e36   0x0000001a   Code   RO         6426    i.USBD_CtlSendData  usbd_ioreq.o
    0x08008e50   0x08008e50   0x00000016   Code   RO         6427    i.USBD_CtlSendStatus  usbd_ioreq.o
    0x08008e66   0x08008e66   0x00000002   PAD
    0x08008e68   0x08008e68   0x00000020   Code   RO          817    i.USBD_FS_ConfigStrDescriptor  usbd_desc.o
    0x08008e88   0x08008e88   0x0000000c   Code   RO          818    i.USBD_FS_DeviceDescriptor  usbd_desc.o
    0x08008e94   0x08008e94   0x00000024   Code   RO          819    i.USBD_FS_InterfaceStrDescriptor  usbd_desc.o
    0x08008eb8   0x08008eb8   0x0000000c   Code   RO          820    i.USBD_FS_LangIDStrDescriptor  usbd_desc.o
    0x08008ec4   0x08008ec4   0x00000028   Code   RO          821    i.USBD_FS_ManufacturerStrDescriptor  usbd_desc.o
    0x08008eec   0x08008eec   0x0000002c   Code   RO          822    i.USBD_FS_ProductStrDescriptor  usbd_desc.o
    0x08008f18   0x08008f18   0x00000038   Code   RO          823    i.USBD_FS_SerialStrDescriptor  usbd_desc.o
    0x08008f50   0x08008f50   0x000000e6   Code   RO         6351    i.USBD_GetDescriptor  usbd_ctlreq.o
    0x08009036   0x08009036   0x0000003a   Code   RO         6194    i.USBD_GetEpDesc    usbd_core.o
    0x08009070   0x08009070   0x0000000e   Code   RO         6195    i.USBD_GetNextDesc  usbd_core.o
    0x0800907e   0x0800907e   0x00000048   Code   RO         6352    i.USBD_GetString    usbd_ctlreq.o
    0x080090c6   0x080090c6   0x00000018   Code   RO         1046    i.USBD_Get_USB_Status  usbd_conf.o
    0x080090de   0x080090de   0x00000026   Code   RO         6196    i.USBD_Init         usbd_core.o
    0x08009104   0x08009104   0x00000012   Code   RO         1047    i.USBD_LL_ClearStallEP  usbd_conf.o
    0x08009116   0x08009116   0x00000012   Code   RO         1048    i.USBD_LL_CloseEP   usbd_conf.o
    0x08009128   0x08009128   0x000000b6   Code   RO         6197    i.USBD_LL_DataInStage  usbd_core.o
    0x080091de   0x080091de   0x0000008e   Code   RO         6198    i.USBD_LL_DataOutStage  usbd_core.o
    0x0800926c   0x0800926c   0x00000004   Code   RO         6199    i.USBD_LL_DevConnected  usbd_core.o
    0x08009270   0x08009270   0x0000001e   Code   RO         6200    i.USBD_LL_DevDisconnected  usbd_core.o
    0x0800928e   0x0800928e   0x00000008   Code   RO         1052    i.USBD_LL_GetRxDataSize  usbd_conf.o
    0x08009296   0x08009296   0x00000002   PAD
    0x08009298   0x08009298   0x00000060   Code   RO         1053    i.USBD_LL_Init      usbd_conf.o
    0x080092f8   0x080092f8   0x00000020   Code   RO         1054    i.USBD_LL_IsStallEP  usbd_conf.o
    0x08009318   0x08009318   0x00000028   Code   RO         6201    i.USBD_LL_IsoINIncomplete  usbd_core.o
    0x08009340   0x08009340   0x00000028   Code   RO         6202    i.USBD_LL_IsoOUTIncomplete  usbd_core.o
    0x08009368   0x08009368   0x00000018   Code   RO         1055    i.USBD_LL_OpenEP    usbd_conf.o
    0x08009380   0x08009380   0x00000012   Code   RO         1056    i.USBD_LL_PrepareReceive  usbd_conf.o
    0x08009392   0x08009392   0x0000005c   Code   RO         6203    i.USBD_LL_Reset     usbd_core.o
    0x080093ee   0x080093ee   0x00000014   Code   RO         6204    i.USBD_LL_Resume    usbd_core.o
    0x08009402   0x08009402   0x0000001a   Code   RO         6205    i.USBD_LL_SOF       usbd_core.o
    0x0800941c   0x0800941c   0x00000006   Code   RO         6206    i.USBD_LL_SetSpeed  usbd_core.o
    0x08009422   0x08009422   0x00000012   Code   RO         1057    i.USBD_LL_SetUSBAddress  usbd_conf.o
    0x08009434   0x08009434   0x00000060   Code   RO         6207    i.USBD_LL_SetupStage  usbd_core.o
    0x08009494   0x08009494   0x00000012   Code   RO         1058    i.USBD_LL_StallEP   usbd_conf.o
    0x080094a6   0x080094a6   0x00000012   Code   RO         1059    i.USBD_LL_Start     usbd_conf.o
    0x080094b8   0x080094b8   0x00000012   Code   RO         6208    i.USBD_LL_Suspend   usbd_core.o
    0x080094ca   0x080094ca   0x00000012   Code   RO         1061    i.USBD_LL_Transmit  usbd_conf.o
    0x080094dc   0x080094dc   0x0000002c   Code   RO         6353    i.USBD_ParseSetupRequest  usbd_ctlreq.o
    0x08009508   0x08009508   0x0000003a   Code   RO         6209    i.USBD_RegisterClass  usbd_core.o
    0x08009542   0x08009542   0x00000014   Code   RO         6211    i.USBD_SetClassConfig  usbd_core.o
    0x08009556   0x08009556   0x00000002   PAD
    0x08009558   0x08009558   0x000000b8   Code   RO         6354    i.USBD_SetConfig    usbd_ctlreq.o
    0x08009610   0x08009610   0x00000004   Code   RO         6212    i.USBD_Start        usbd_core.o
    0x08009614   0x08009614   0x0000012c   Code   RO         6355    i.USBD_StdDevReq    usbd_ctlreq.o
    0x08009740   0x08009740   0x00000160   Code   RO         6356    i.USBD_StdEPReq     usbd_ctlreq.o
    0x080098a0   0x080098a0   0x00000072   Code   RO         6357    i.USBD_StdItfReq    usbd_ctlreq.o
    0x08009912   0x08009912   0x00000002   Code   RO         1062    i.USBD_static_free  usbd_conf.o
    0x08009914   0x08009914   0x00000008   Code   RO         1063    i.USBD_static_malloc  usbd_conf.o
    0x0800991c   0x0800991c   0x00000080   Code   RO         1521    i.USB_ActivateEndpoint  stm32f4xx_ll_usb.o
    0x0800999c   0x0800999c   0x0000001c   Code   RO         1523    i.USB_ActivateSetup  stm32f4xx_ll_usb.o
    0x080099b8   0x080099b8   0x00000074   Code   RO         1525    i.USB_CoreInit      stm32f4xx_ll_usb.o
    0x08009a2c   0x08009a2c   0x00000040   Code   RO         1526    i.USB_CoreReset     stm32f4xx_ll_usb.o
    0x08009a6c   0x08009a6c   0x000000cc   Code   RO         1529    i.USB_DeactivateEndpoint  stm32f4xx_ll_usb.o
    0x08009b38   0x08009b38   0x0000001c   Code   RO         1530    i.USB_DevConnect    stm32f4xx_ll_usb.o
    0x08009b54   0x08009b54   0x0000001c   Code   RO         1531    i.USB_DevDisconnect  stm32f4xx_ll_usb.o
    0x08009b70   0x08009b70   0x00000174   Code   RO         1532    i.USB_DevInit       stm32f4xx_ll_usb.o
    0x08009ce4   0x08009ce4   0x0000000c   Code   RO         1533    i.USB_DisableGlobalInt  stm32f4xx_ll_usb.o
    0x08009cf0   0x08009cf0   0x0000011c   Code   RO         1536    i.USB_EP0StartXfer  stm32f4xx_ll_usb.o
    0x08009e0c   0x08009e0c   0x00000058   Code   RO         1537    i.USB_EP0_OutStart  stm32f4xx_ll_usb.o
    0x08009e64   0x08009e64   0x00000058   Code   RO         1538    i.USB_EPClearStall  stm32f4xx_ll_usb.o
    0x08009ebc   0x08009ebc   0x00000058   Code   RO         1539    i.USB_EPSetStall    stm32f4xx_ll_usb.o
    0x08009f14   0x08009f14   0x000001e4   Code   RO         1540    i.USB_EPStartXfer   stm32f4xx_ll_usb.o
    0x0800a0f8   0x0800a0f8   0x0000009e   Code   RO         1541    i.USB_EPStopXfer    stm32f4xx_ll_usb.o
    0x0800a196   0x0800a196   0x0000000c   Code   RO         1542    i.USB_EnableGlobalInt  stm32f4xx_ll_usb.o
    0x0800a1a2   0x0800a1a2   0x00000002   PAD
    0x0800a1a4   0x0800a1a4   0x0000003c   Code   RO         1543    i.USB_FlushRxFifo   stm32f4xx_ll_usb.o
    0x0800a1e0   0x0800a1e0   0x00000040   Code   RO         1544    i.USB_FlushTxFifo   stm32f4xx_ll_usb.o
    0x0800a220   0x0800a220   0x0000001a   Code   RO         1546    i.USB_GetDevSpeed   stm32f4xx_ll_usb.o
    0x0800a23a   0x0800a23a   0x00000008   Code   RO         1548    i.USB_GetMode       stm32f4xx_ll_usb.o
    0x0800a242   0x0800a242   0x0000000e   Code   RO         1555    i.USB_ReadDevAllInEpInterrupt  stm32f4xx_ll_usb.o
    0x0800a250   0x0800a250   0x0000000e   Code   RO         1556    i.USB_ReadDevAllOutEpInterrupt  stm32f4xx_ll_usb.o
    0x0800a25e   0x0800a25e   0x00000024   Code   RO         1557    i.USB_ReadDevInEPInterrupt  stm32f4xx_ll_usb.o
    0x0800a282   0x0800a282   0x00000010   Code   RO         1558    i.USB_ReadDevOutEPInterrupt  stm32f4xx_ll_usb.o
    0x0800a292   0x0800a292   0x00000008   Code   RO         1559    i.USB_ReadInterrupts  stm32f4xx_ll_usb.o
    0x0800a29a   0x0800a29a   0x0000003e   Code   RO         1560    i.USB_ReadPacket    stm32f4xx_ll_usb.o
    0x0800a2d8   0x0800a2d8   0x0000005c   Code   RO         1562    i.USB_SetCurrentMode  stm32f4xx_ll_usb.o
    0x0800a334   0x0800a334   0x00000022   Code   RO         1563    i.USB_SetDevAddress  stm32f4xx_ll_usb.o
    0x0800a356   0x0800a356   0x00000002   PAD
    0x0800a358   0x0800a358   0x000000e8   Code   RO         1565    i.USB_SetTurnaroundTime  stm32f4xx_ll_usb.o
    0x0800a440   0x0800a440   0x00000028   Code   RO         1568    i.USB_WritePacket   stm32f4xx_ll_usb.o
    0x0800a468   0x0800a468   0x00000002   Code   RO          583    i.UsageFault_Handler  stm32f4xx_it.o
    0x0800a46a   0x0800a46a   0x00000002   PAD
    0x0800a46c   0x0800a46c   0x000000a4   Code   RO         7897    i.Virtual_Task      virtual_task.o
    0x0800a510   0x0800a510   0x0000004c   Code   RO         7898    i.Virtual_send      virtual_task.o
    0x0800a55c   0x0800a55c   0x00000064   Code   RO         8664    i._DoInit           segger_rtt.o
    0x0800a5c0   0x0800a5c0   0x00000044   Code   RO         8966    i._EncodeStr        segger_sysview.o
    0x0800a604   0x0800a604   0x00000094   Code   RO         8967    i._HandleIncomingPacket  segger_sysview.o
    0x0800a698   0x0800a698   0x0000013c   Code   RO         8970    i._SendPacket       segger_sysview.o
    0x0800a7d4   0x0800a7d4   0x00000068   Code   RO         8972    i._TrySendOverflowPacket  segger_sysview.o
    0x0800a83c   0x0800a83c   0x00000026   Code   RO         9930    i.__ARM_fpclassifyf  m_wm.l(fpclassifyf.o)
    0x0800a862   0x0800a862   0x00000020   Code   RO         2582    i.__NVIC_SetPriority  stm32f4xx_hal_cortex.o
    0x0800a882   0x0800a882   0x00000002   PAD
    0x0800a884   0x0800a884   0x00000118   Code   RO         9725    i.__hardfp_acosf    m_wm.l(acosf.o)
    0x0800a99c   0x0800a99c   0x0000012c   Code   RO         9737    i.__hardfp_asinf    m_wm.l(asinf.o)
    0x0800aac8   0x0800aac8   0x000002ac   Code   RO         9749    i.__hardfp_atan2f   m_wm.l(atan2f.o)
    0x0800ad74   0x0800ad74   0x0000003a   Code   RO         9805    i.__hardfp_sqrtf    m_wm.l(sqrtf_full.o)
    0x0800adae   0x0800adae   0x00000006   Code   RO         9933    i.__mathlib_flt_infnan  m_wm.l(funder.o)
    0x0800adb4   0x0800adb4   0x00000006   Code   RO         9934    i.__mathlib_flt_infnan2  m_wm.l(funder.o)
    0x0800adba   0x0800adba   0x00000002   PAD
    0x0800adbc   0x0800adbc   0x00000010   Code   RO         9935    i.__mathlib_flt_invalid  m_wm.l(funder.o)
    0x0800adcc   0x0800adcc   0x00000010   Code   RO         9938    i.__mathlib_flt_underflow  m_wm.l(funder.o)
    0x0800addc   0x0800addc   0x0000000e   Code   RO        10027    i.__scatterload_copy  mc_w.l(handlers.o)
    0x0800adea   0x0800adea   0x00000002   Code   RO        10028    i.__scatterload_null  mc_w.l(handlers.o)
    0x0800adec   0x0800adec   0x0000000e   Code   RO        10029    i.__scatterload_zeroinit  mc_w.l(handlers.o)
    0x0800adfa   0x0800adfa   0x00000002   PAD
    0x0800adfc   0x0800adfc   0x0000000c   Code   RO         9991    i.__set_errno       mc_w.l(errno.o)
    0x0800ae08   0x0800ae08   0x0000001e   Code   RO         9380    i._cbGetTime        segger_sysview_freertos.o
    0x0800ae26   0x0800ae26   0x00000002   PAD
    0x0800ae28   0x0800ae28   0x00000058   Code   RO         9359    i._cbSendSystemDesc  segger_sysview_config_freertos.o
    0x0800ae80   0x0800ae80   0x00000038   Code   RO         9381    i._cbSendTaskList   segger_sysview_freertos.o
    0x0800aeb8   0x0800aeb8   0x0000001e   Code   RO         7103    i.abs_limit         user_lib.o
    0x0800aed6   0x0800aed6   0x00000020   Code   RO         7429    i.angle_limiting_int16  bsp_motor_encoder.o
    0x0800aef6   0x0800aef6   0x00000002   PAD
    0x0800aef8   0x0800aef8   0x00000128   Code   RO         8162    i.bmi088_accel_init  bmi088driver.o
    0x0800b020   0x0800b020   0x000000fc   Code   RO         8163    i.bmi088_gyro_init  bmi088driver.o
    0x0800b11c   0x0800b11c   0x00000064   Code   RO         8044    i.can1_gimbal_setmsg_to_motor  can1_send.o
    0x0800b180   0x0800b180   0x0000003c   Code   RO         8123    i.can2_gimbal_to_chassis  can2_send.o
    0x0800b1bc   0x0800b1bc   0x000000b2   Code   RO         8301    i.f_Changing_Integration_Rate  controller.o
    0x0800b26e   0x0800b26e   0x00000002   PAD
    0x0800b270   0x0800b270   0x000000ba   Code   RO         8302    i.f_Derivative_On_Measurement  controller.o
    0x0800b32a   0x0800b32a   0x0000009a   Code   RO         8303    i.f_Integral_Limit  controller.o
    0x0800b3c4   0x0800b3c4   0x00000094   Code   RO         7032    i.f_StepIn          pid.o
    0x0800b458   0x0800b458   0x0000002e   Code   RO         6600    i.fifo_s_create     fifo.o
    0x0800b486   0x0800b486   0x00000076   Code   RO         6606    i.fifo_s_gets       fifo.o
    0x0800b4fc   0x0800b4fc   0x00000018   Code   RO         6608    i.fifo_s_init       fifo.o
    0x0800b514   0x0800b514   0x0000000c   Code   RO         6609    i.fifo_s_isempty    fifo.o
    0x0800b520   0x0800b520   0x00000074   Code   RO         6614    i.fifo_s_puts       fifo.o
    0x0800b594   0x0800b594   0x00000038   Code   RO         7033    i.first_order_filter  pid.o
    0x0800b5cc   0x0800b5cc   0x00000020   Code   RO         7104    i.float_constrain   user_lib.o
    0x0800b5ec   0x0800b5ec   0x00000088   Code   RO         7106    i.float_min_distance  user_lib.o
    0x0800b674   0x0800b674   0x00000022   Code   RO         7107    i.float_rounding    user_lib.o
    0x0800b696   0x0800b696   0x00000002   PAD
    0x0800b698   0x0800b698   0x00000050   Code   RO         9871    i.free              mc_w.l(malloc.o)
    0x0800b6e8   0x0800b6e8   0x00000008   Code   RO         8577    i.get_Gimbal_pitch_point  gimbal_behaviour.o
    0x0800b6f0   0x0800b6f0   0x00000008   Code   RO         8578    i.get_Gimbal_yaw_point  gimbal_behaviour.o
    0x0800b6f8   0x0800b6f8   0x00000008   Code   RO         7899    i.get_auto_control_point  virtual_task.o
    0x0800b700   0x0800b700   0x00000008   Code   RO         7630    i.get_gimbal_behaviour_point  gimbal_task.o
    0x0800b708   0x0800b708   0x00000008   Code   RO         7980    i.get_pitch_motor_measure_point  can1_receive.o
    0x0800b710   0x0800b710   0x00000008   Code   RO         7982    i.get_yaw_motor_measure_point  can1_receive.o
    0x0800b718   0x0800b718   0x00000044   Code   RO         8579    i.gimbal_behaviour_choose  gimbal_behaviour.o
    0x0800b75c   0x0800b75c   0x00000158   Code   RO         8580    i.gimbal_behaviour_react  gimbal_behaviour.o
    0x0800b8b4   0x0800b8b4   0x000000ac   Code   RO         7983    i.gimbal_can1_callback  can1_receive.o
    0x0800b960   0x0800b960   0x00000078   Code   RO         8091    i.gimbal_can2_callback  can2_receive.o
    0x0800b9d8   0x0800b9d8   0x00000148   Code   RO         8581    i.gimbal_motor_calculate  gimbal_behaviour.o
    0x0800bb20   0x0800bb20   0x0000002c   Code   RO         8479    i.invSqrt           quaternionekf.o
    0x0800bb4c   0x0800bb4c   0x00000048   Code   RO         7110    i.loop_float_constrain  user_lib.o
    0x0800bb94   0x0800bb94   0x0000004c   Code   RO           16    i.main              main.o
    0x0800bbe0   0x0800bbe0   0x0000000c   Code   RO         5676    i.makeFreeRtosPriority  cmsis_os.o
    0x0800bbec   0x0800bbec   0x0000006c   Code   RO         9872    i.malloc            mc_w.l(malloc.o)
    0x0800bc58   0x0800bc58   0x0000000e   Code   RO         5678    i.osDelay           cmsis_os.o
    0x0800bc66   0x0800bc66   0x0000000a   Code   RO         5681    i.osKernelStart     cmsis_os.o
    0x0800bc70   0x0800bc70   0x00000054   Code   RO         5715    i.osThreadCreate    cmsis_os.o
    0x0800bcc4   0x0800bcc4   0x00000024   Code   RO         7036    i.pid_clear         pid.o
    0x0800bce8   0x0800bce8   0x00000070   Code   RO         5346    i.prvAddCurrentTaskToDelayedList  tasks.o
    0x0800bd58   0x0800bd58   0x000000d0   Code   RO         5347    i.prvAddNewTaskToReadyList  tasks.o
    0x0800be28   0x0800be28   0x00000034   Code   RO         5348    i.prvDeleteTCB      tasks.o
    0x0800be5c   0x0800be5c   0x0000004c   Code   RO         6043    i.prvHeapInit       heap_4.o
    0x0800bea8   0x0800bea8   0x00000060   Code   RO         5349    i.prvIdleTask       tasks.o
    0x0800bf08   0x0800bf08   0x00000098   Code   RO         5350    i.prvInitialiseNewTask  tasks.o
    0x0800bfa0   0x0800bfa0   0x0000004c   Code   RO         6044    i.prvInsertBlockIntoFreeList  heap_4.o
    0x0800bfec   0x0800bfec   0x00000020   Code   RO         5351    i.prvResetNextTaskUnblockTime  tasks.o
    0x0800c00c   0x0800c00c   0x00000028   Code   RO         6112    i.prvTaskExitError  port.o
    0x0800c034   0x0800c034   0x000000dc   Code   RO         6045    i.pvPortMalloc      heap_4.o
    0x0800c110   0x0800c110   0x0000002c   Code   RO         6113    i.pxPortInitialiseStack  port.o
    0x0800c13c   0x0800c13c   0x0000000e   Code   RO         7256    i.rc_deadline_limit  bsp_dr16.o
    0x0800c14a   0x0800c14a   0x00000002   PAD
    0x0800c14c   0x0800c14c   0x00000014   Code   RO         7257    i.rc_lost_time_refresh  bsp_dr16.o
    0x0800c160   0x0800c160   0x0000007a   Code   RO         6792    i.sliding_average_filter  filter.o
    0x0800c1da   0x0800c1da   0x00000002   PAD
    0x0800c1dc   0x0800c1dc   0x00000030   Code   RO         6794    i.sliding_average_filter_init  filter.o
    0x0800c20c   0x0800c20c   0x0000003e   Code   RO         9807    i.sqrtf             m_wm.l(sqrtf_full.o)
    0x0800c24a   0x0800c24a   0x00000002   PAD
    0x0800c24c   0x0800c24c   0x0000003c   Code   RO         8582    i.torque_to_voltage_6020  gimbal_behaviour.o
    0x0800c288   0x0800c288   0x00000026   Code   RO         4982    i.uxListRemove      list.o
    0x0800c2ae   0x0800c2ae   0x00000002   PAD
    0x0800c2b0   0x0800c2b0   0x00000014   Code   RO          306    i.vApplicationGetIdleTaskMemory  freertos.o
    0x0800c2c4   0x0800c2c4   0x00000016   Code   RO         4983    i.vListInitialise   list.o
    0x0800c2da   0x0800c2da   0x00000006   Code   RO         4984    i.vListInitialiseItem  list.o
    0x0800c2e0   0x0800c2e0   0x00000030   Code   RO         4985    i.vListInsert       list.o
    0x0800c310   0x0800c310   0x00000018   Code   RO         4986    i.vListInsertEnd    list.o
    0x0800c328   0x0800c328   0x00000040   Code   RO         6115    i.vPortEnterCritical  port.o
    0x0800c368   0x0800c368   0x00000028   Code   RO         6116    i.vPortExitCritical  port.o
    0x0800c390   0x0800c390   0x00000064   Code   RO         6046    i.vPortFree         heap_4.o
    0x0800c3f4   0x0800c3f4   0x00000024   Code   RO         6117    i.vPortSetupTimerInterrupt  port.o
    0x0800c418   0x0800c418   0x00000054   Code   RO         6118    i.vPortValidateInterruptPriority  port.o
    0x0800c46c   0x0800c46c   0x0000004c   Code   RO         5360    i.vTaskDelay        tasks.o
    0x0800c4b8   0x0800c4b8   0x0000008c   Code   RO         5361    i.vTaskDelayUntil   tasks.o
    0x0800c544   0x0800c544   0x000000ac   Code   RO         5362    i.vTaskDelete       tasks.o
    0x0800c5f0   0x0800c5f0   0x0000006c   Code   RO         5374    i.vTaskStartScheduler  tasks.o
    0x0800c65c   0x0800c65c   0x00000010   Code   RO         5376    i.vTaskSuspendAll   tasks.o
    0x0800c66c   0x0800c66c   0x0000005c   Code   RO         5377    i.vTaskSwitchContext  tasks.o
    0x0800c6c8   0x0800c6c8   0x000000f4   Code   RO         6119    i.xPortStartScheduler  port.o
    0x0800c7bc   0x0800c7bc   0x0000005a   Code   RO         5380    i.xTaskCreate       tasks.o
    0x0800c816   0x0800c816   0x00000056   Code   RO         5381    i.xTaskCreateStatic  tasks.o
    0x0800c86c   0x0800c86c   0x0000000c   Code   RO         5387    i.xTaskGetTickCount  tasks.o
    0x0800c878   0x0800c878   0x00000010   Code   RO         5388    i.xTaskGetTickCountFromISR  tasks.o
    0x0800c888   0x0800c888   0x000000cc   Code   RO         5389    i.xTaskIncrementTick  tasks.o
    0x0800c954   0x0800c954   0x000000c4   Code   RO         5395    i.xTaskResumeAll    tasks.o
    0x0800ca18   0x0800ca18   0x00000038   Data   RO          308    .constdata          freertos.o
    0x0800ca50   0x0800ca50   0x00000008   Data   RO         2299    .constdata          stm32f4xx_hal_dma.o
    0x0800ca58   0x0800ca58   0x00000010   Data   RO         4845    .constdata          system_stm32f4xx.o
    0x0800ca68   0x0800ca68   0x00000008   Data   RO         4846    .constdata          system_stm32f4xx.o
    0x0800ca70   0x0800ca70   0x00000070   Data   RO         7722    .constdata          init_task.o
    0x0800cae0   0x0800cae0   0x00000030   Data   RO         7786    .constdata          ins_task.o
    0x0800cb10   0x0800cb10   0x00000090   Data   RO         8481    .constdata          quaternionekf.o
    0x0800cba0   0x0800cba0   0x00000011   Data   RO         8670    .constdata          segger_rtt.o
    0x0800cbb1   0x0800cbb1   0x0000001a   Data   RO         8976    .constdata          segger_sysview.o
    0x0800cbcb   0x0800cbcb   0x00000001   PAD
    0x0800cbcc   0x0800cbcc   0x00000008   Data   RO         9383    .constdata          segger_sysview_freertos.o
    0x0800cbd4   0x0800cbd4   0x00000804   Data   RO         9702    .constdata          arm_cortexM4lf_math.lib(arm_common_tables.o)
    0x0800d3d8   0x0800d3d8   0x00000018   Data   RO          309    .conststring        freertos.o
    0x0800d3f0   0x0800d3f0   0x00000031   Data   RO         7723    .conststring        init_task.o
    0x0800d421   0x0800d421   0x00000003   PAD
    0x0800d424   0x0800d424   0x00000020   Data   RO        10025    Region$$Table       anon$$obj.o


    Execution Region RW_IRAM1 (Exec base: 0x20000000, Load base: 0x0800d444, Size: 0x0000b5c0, Max: 0x0001c000, ABSOLUTE, COMPRESSED[0x00000130])

    Exec Addr    Load Addr    Size         Type   Attr      Idx    E Section Name        Object

    0x20000000   COMPRESSED   0x00000008   Data   RW          310    .data               freertos.o
    0x20000008   COMPRESSED   0x00000004   Data   RW          359    .data               can.o
    0x2000000c   COMPRESSED   0x0000001c   Data   RW          825    .data               usbd_desc.o
    0x20000028   COMPRESSED   0x00000032   Data   RW          826    .data               usbd_desc.o
    0x2000005a   COMPRESSED   0x00000002   PAD
    0x2000005c   COMPRESSED   0x00000014   Data   RW          909    .data               usbd_cdc_if.o
    0x20000070   COMPRESSED   0x0000000c   Data   RW         2726    .data               stm32f4xx_hal.o
    0x2000007c   COMPRESSED   0x00000004   Data   RW         4847    .data               system_stm32f4xx.o
    0x20000080   COMPRESSED   0x0000003c   Data   RW         5398    .data               tasks.o
    0x200000bc   COMPRESSED   0x00000020   Data   RW         6052    .data               heap_4.o
    0x200000dc   COMPRESSED   0x0000000c   Data   RW         6120    .data               port.o
    0x200000e8   COMPRESSED   0x00000001   Data   RW         6358    .data               usbd_ctlreq.o
    0x200000e9   COMPRESSED   0x00000003   PAD
    0x200000ec   COMPRESSED   0x00000053   Data   RW         6497    .data               usbd_cdc.o
    0x2000013f   COMPRESSED   0x00000001   PAD
    0x20000140   COMPRESSED   0x00000038   Data   RW         6498    .data               usbd_cdc.o
    0x20000178   COMPRESSED   0x00000014   Data   RW         7116    .data               user_lib.o
    0x2000018c   COMPRESSED   0x00000008   Data   RW         7259    .data               bsp_dr16.o
    0x20000194   COMPRESSED   0x00000004   PAD
    0x20000198   COMPRESSED   0x00000040   Data   RW         7355    .data               bsp_dwt.o
    0x200001d8   COMPRESSED   0x00000020   Data   RW         7632    .data               gimbal_task.o
    0x200001f8   COMPRESSED   0x00000014   Data   RW         7724    .data               init_task.o
    0x2000020c   COMPRESSED   0x00000044   Data   RW         7787    .data               ins_task.o
    0x20000250   COMPRESSED   0x00000004   Data   RW         7873    .data               task_safe.o
    0x20000254   COMPRESSED   0x00000004   Data   RW         7901    .data               virtual_task.o
    0x20000258   COMPRESSED   0x00000028   Data   RW         7984    .data               can1_receive.o
    0x20000280   COMPRESSED   0x00000004   Data   RW         8049    .data               can1_send.o
    0x20000284   COMPRESSED   0x00000004   Data   RW         8092    .data               can2_receive.o
    0x20000288   COMPRESSED   0x00000048   Data   RW         8165    .data               bmi088driver.o
    0x200002d0   COMPRESSED   0x00000004   Data   RW         8242    .data               bmi088middleware.o
    0x200002d4   COMPRESSED   0x00000004   Data   RW         8405    .data               kalman_filter.o
    0x200002d8   COMPRESSED   0x000000d4   Data   RW         8482    .data               quaternionekf.o
    0x200003ac   COMPRESSED   0x0000000c   Data   RW         8583    .data               gimbal_behaviour.o
    0x200003b8   COMPRESSED   0x00000010   Data   RW         8979    .data               segger_sysview.o
    0x200003c8   COMPRESSED   0x00000004   Data   RW         9385    .data               segger_sysview_freertos.o
    0x200003cc   COMPRESSED   0x00000004   Data   RW         9987    .data               mc_w.l(mvars.o)
    0x200003d0   COMPRESSED   0x00000004   Data   RW         9988    .data               mc_w.l(mvars.o)
    0x200003d4   COMPRESSED   0x00000004   Data   RW         9992    .data               mc_w.l(errno.o)
    0x200003d8        -       0x00000254   Zero   RW          307    .bss                freertos.o
    0x2000062c        -       0x00000050   Zero   RW          358    .bss                can.o
    0x2000067c        -       0x00000118   Zero   RW          430    .bss                spi.o
    0x20000794        -       0x00000048   Zero   RW          473    .bss                tim.o
    0x200007dc        -       0x000001a8   Zero   RW          521    .bss                usart.o
    0x20000984        -       0x00000048   Zero   RW          728    .bss                stm32f4xx_hal_timebase_tim.o
    0x200009cc        -       0x000002dc   Zero   RW          765    .bss                usb_device.o
    0x20000ca8        -       0x00000200   Zero   RW          824    .bss                usbd_desc.o
    0x20000ea8        -       0x00001000   Zero   RW          908    .bss                usbd_cdc_if.o
    0x20001ea8        -       0x0000072c   Zero   RW         1064    .bss                usbd_conf.o
    0x200025d4        -       0x000000f0   Zero   RW         5397    .bss                tasks.o
    0x200026c4        -       0x00003c00   Zero   RW         6051    .bss                heap_4.o
    0x200062c4        -       0x00000060   Zero   RW         7258    .bss                bsp_dr16.o
    0x20006324        -       0x0000021c   Zero   RW         7431    .bss                bsp_motor_encoder.o
    0x20006540        -       0x000001f0   Zero   RW         7631    .bss                gimbal_task.o
    0x20006730        -       0x0000014c   Zero   RW         7785    .bss                ins_task.o
    0x2000687c        -       0x00000018   Zero   RW         8048    .bss                can1_send.o
    0x20006894        -       0x00000018   Zero   RW         8124    .bss                can2_send.o
    0x200068ac        -       0x00000040   Zero   RW         8164    .bss                bmi088driver.o
    0x200068ec   COMPRESSED   0x00000004   PAD
    0x200068f0        -       0x00000268   Zero   RW         8480    .bss                quaternionekf.o
    0x20006b58        -       0x000004b8   Zero   RW         8669    .bss                segger_rtt.o
    0x20007010        -       0x0000050b   Zero   RW         8975    .bss                segger_sysview.o
    0x2000751b   COMPRESSED   0x00000001   PAD
    0x2000751c        -       0x000000a0   Zero   RW         9382    .bss                segger_sysview_freertos.o
    0x200075bc   COMPRESSED   0x00000004   PAD
    0x200075c0        -       0x00002000   Zero   RW            2    HEAP                startup_stm32f407xx.o
    0x200095c0        -       0x00002000   Zero   RW            1    STACK               startup_stm32f407xx.o


    Execution Region RW_IRAM2 (Exec base: 0x2001c000, Load base: 0x0800d574, Size: 0x00000000, Max: 0x00004000, ABSOLUTE)

    **** No section assigned to this execution region ****


==============================================================================

Image component sizes


      Code (inc. data)   RO Data    RW Data    ZI Data      Debug   Object Name

      2208        108          0         72         64      10449   bmi088driver.o
       100         30          0          4          0       3032   bmi088middleware.o
       578         36          0          8         96       5734   bsp_dr16.o
       448         68          0         64          0       4642   bsp_dwt.o
       424         10          0          0        540       5897   bsp_motor_encoder.o
        42          0          0          0          0        946   bsp_pwm.o
       396         46          0          4         80       2534   can.o
       288         36          0         40          0       3778   can1_receive.o
       100         14          0          4         24       1056   can1_send.o
       180         12          0          4          0       1841   can2_receive.o
        60          8          0          0         24        857   can2_send.o
       120          0          0          0          0      23325   cmsis_os.o
      1728         12          0          0          0       8845   controller.o
       124          4          0          0          0        862   dma.o
         0          0          0          0          0      16864   event_groups.o
       316          0          0          0          0       4157   fifo.o
       170         10          0          0          0      17191   filter.o
        92         12         80          8        596       2610   freertos.o
       816         86          0         12          0       4994   gimbal_behaviour.o
       380         28          0         32        496       4386   gimbal_task.o
       300         18          0          0          0       1131   gpio.o
       472         24          0         32      15360       7475   heap_4.o
       148         16        161         20          0       6686   init_task.o
      1812        116         48         68        332      11381   ins_task.o
      2222         20          0          4          0       8711   kalman_filter.o
       138          0          0          0          0       3598   list.o
       230         10          0          0          0       3137   lqr.o
       248         18          0          0          0     761652   main.o
      1180         14          0          0          0       6915   pid.o
       786         82          0         12          0      11969   port.o
      2844        158        144        212        616       8158   quaternionekf.o
       532         38         17          0       1208      10196   segger_rtt.o
      1808        142         26         16       1291      24246   segger_sysview.o
       128         82          0          0          0       1102   segger_sysview_config_freertos.o
       128          8          8          4        160       3075   segger_sysview_freertos.o
       324         34          0          0        280       1955   spi.o
        36          8        392          0      16384        844   startup_stm32f407xx.o
       116         18          0         12          0       8786   stm32f4xx_hal.o
      1688          6          0          0          0      15240   stm32f4xx_hal_can.o
       158         14          0          0          0      33198   stm32f4xx_hal_cortex.o
       934         16          8          0          0       5687   stm32f4xx_hal_dma.o
       532         52          0          0          0       3420   stm32f4xx_hal_gpio.o
        56          4          0          0          0        886   stm32f4xx_hal_msp.o
      2638         12          0          0          0      13848   stm32f4xx_hal_pcd.o
        78          0          0          0          0       2441   stm32f4xx_hal_pcd_ex.o
      1424         92          0          0          0       6461   stm32f4xx_hal_rcc.o
       942         12          0          0          0       4961   stm32f4xx_hal_spi.o
      1694        136          0          0          0      13734   stm32f4xx_hal_tim.o
         4          0          0          0          0       1633   stm32f4xx_hal_tim_ex.o
       140         20          0          0         72       1455   stm32f4xx_hal_timebase_tim.o
      1276         16          0          0          0       8424   stm32f4xx_hal_uart.o
       180         68          0          0          0       9230   stm32f4xx_it.o
      2888        134          0          0          0      24299   stm32f4xx_ll_usb.o
         0          0          0          0          0        376   stream_buffer.o
        16          4         24          4          0       1159   system_stm32f4xx.o
        24          6          0          4          0        516   task_safe.o
      1860        144          0         60        240      22905   tasks.o
       248         32          0          0         72       2374   tim.o
       484         54          0          0        424       2752   usart.o
        84         18          0          0        732       2647   usb_device.o
      1278         36          0        139          0      14577   usbd_cdc.o
       140         26          0         20       4096      28989   usbd_cdc_if.o
       644         24          0          0       1836      17092   usbd_conf.o
       916          0          0          0          0      15671   usbd_core.o
      1328         28          0          1          0      15004   usbd_ctlreq.o
       288        104          0         78        512       6281   usbd_desc.o
       132          0          0          0          0       4596   usbd_ioreq.o
       870          8          0         20          0       9229   user_lib.o
       248         18          0          4          0       2845   virtual_task.o

    ----------------------------------------------------------------------
     45294       2410        944        972      45544    1296947   Object Totals
         0          0         32          0          0          0   (incl. Generated)
        80          0          4         10          9          0   (incl. Padding)

    ----------------------------------------------------------------------

      Code (inc. data)   RO Data    RW Data    ZI Data      Debug   Library Member Name

         0          0       2052          0          0       4704   arm_common_tables.o
       120         12          0          0          0      17170   arm_cos_f32.o
       264          0          0          0          0       1826   arm_mat_add_f32.o
         8          0          0          0          0        999   arm_mat_init_f32.o
      1328          4          0          0          0       4782   arm_mat_inverse_f32.o
       316          4          0          0          0       2375   arm_mat_mult_f32.o
       264          0          0          0          0       1826   arm_mat_sub_f32.o
       276          0          0          0          0       2240   arm_mat_trans_f32.o
       148         18          0          0          0        814   arm_sin_f32.o
       280         46          0          0          0        176   acosf.o
       300         42          0          0          0        176   asinf.o
       684         90          0          0          0        208   atan2f.o
        38          0          0          0          0        116   fpclassifyf.o
        44         12          0          0          0        464   funder.o
       120          0          0          0          0        272   sqrtf_full.o
        86          0          0          0          0          0   __dczerorl2.o
         0          0          0          0          0          0   entry.o
         0          0          0          0          0          0   entry10a.o
         0          0          0          0          0          0   entry11a.o
         4          0          0          0          0          0   entry12b.o
         8          4          0          0          0          0   entry2.o
         4          0          0          0          0          0   entry5.o
         0          0          0          0          0          0   entry7b.o
         0          0          0          0          0          0   entry8b.o
         8          4          0          0          0          0   entry9a.o
        12          6          0          4          0         68   errno.o
        30          0          0          0          0          0   handlers.o
        36          8          0          0          0         68   init.o
         0          0          0          0          0          0   iusefp.o
        30          0          0          0          0         68   llshl.o
        36          0          0          0          0         68   llsshr.o
        32          0          0          0          0         68   llushr.o
       188         20          0          0          0        160   malloc.o
        36          0          0          0          0         68   memcpya.o
        36          0          0          0          0        108   memseta.o
         0          0          0          8          0          0   mvars.o
        98          0          0          0          0         92   uldiv.o
        56          0          0          0          0         88   d2f.o
       334          0          0          0          0        148   dadd.o
       222          0          0          0          0        100   ddiv.o
       186          0          0          0          0        176   depilogue.o
        34          0          0          0          0         76   dflti.o
       228          0          0          0          0         96   dmul.o
        38          0          0          0          0         68   f2d.o
       110          0          0          0          0        168   fepilogue.o

    ----------------------------------------------------------------------
      6050        270       2052         12          0      39836   Library Totals
         8          0          0          0          0          0   (incl. Padding)

    ----------------------------------------------------------------------

      Code (inc. data)   RO Data    RW Data    ZI Data      Debug   Library Name

      2724         38       2052          0          0      36736   arm_cortexM4lf_math.lib
      1466        190          0          0          0       1412   m_wm.l
       644         42          0         12          0        768   mc_w.l
      1208          0          0          0          0        920   mf_w.l

    ----------------------------------------------------------------------
      6050        270       2052         12          0      39836   Library Totals

    ----------------------------------------------------------------------

==============================================================================


      Code (inc. data)   RO Data    RW Data    ZI Data      Debug   

     51344       2680       2996        984      45544    1292687   Grand Totals
     51344       2680       2996        304      45544    1292687   ELF Image Totals (compressed)
     51344       2680       2996        304          0          0   ROM Totals

==============================================================================

    Total RO  Size (Code + RO Data)                54340 (  53.07kB)
    Total RW  Size (RW Data + ZI Data)             46528 (  45.44kB)
    Total ROM Size (Code + RO Data + RW Data)      54644 (  53.36kB)

==============================================================================

